 MHPClient

 Timestamp is 5e771ba9 (Sun Mar 22 05:02:49 2020)

 Preferred load address is 10000000

 Start         Length     Name                   Class
 0001:00000000 0000de14H .text                   CODE
 0001:0000de20 000002c0H .text$x                 CODE
 0001:0000e0e0 0000028cH .text$yc                CODE
 0001:0000e370 000002bbH .text$yd                CODE
 0002:00000000 00000368H .idata$5                DATA
 0002:00000368 00000004H .CRT$XCA                DATA
 0002:0000036c 00000058H .CRT$XCU                DATA
 0002:000003c4 00000004H .CRT$XCZ                DATA
 0002:000003c8 00000004H .CRT$XIA                DATA
 0002:000003cc 00000004H .CRT$XIAA               DATA
 0002:000003d0 00000004H .CRT$XIZ                DATA
 0002:000003e0 000048f8H .rdata                  DATA
 0002:00004cd8 0000005eH .rdata$debug            DATA
 0002:00004d38 0000079cH .rdata$r                DATA
 0002:000054e0 00000040H .rdata$sxdata           DATA
 0002:00005520 00000004H .rtc$IAA                DATA
 0002:00005524 00000004H .rtc$IZZ                DATA
 0002:00005528 00000004H .rtc$TAA                DATA
 0002:0000552c 00000004H .rtc$TZZ                DATA
 0002:00005530 00000530H .xdata$x                DATA
 0002:00005a60 00000000H ATL$__a                 DATA
 0002:00005a60 00000000H ATL$__z                 DATA
 0002:00005a60 000000f0H .idata$2                DATA
 0002:00005b50 00000014H .idata$3                DATA
 0002:00005b64 00000368H .idata$4                DATA
 0002:00005ecc 00000e76H .idata$6                DATA
 0002:00006d50 0000004aH .edata                  DATA
 0003:00000000 001058c0H .data                   DATA
 0003:001058c0 000059a4H .bss                    DATA
 0004:00000000 00000100H .rsrc$01                DATA
 0004:00000100 00096590H .rsrc$02                DATA

  Address         Publics by Value              Rva+Base       Lib:Object

 0000:00000010       ___safe_se_handler_count   00000010     <absolute>
 0000:00000000       ___ImageBase               10000000     <linker-defined>
 0001:00000000       ?Initialize@CCRC32@@QAEXXZ 10001000 f   CCRC32.obj
 0001:00000140       ?FileCRC@CCRC32@@QAE_NPBDPAKK@Z 10001140 f   CCRC32.obj
 0001:00000230       ?FileCRC@CCRC32@@QAE_NPB_WPAKK@Z 10001230 f   CCRC32.obj
 0001:00000320       ??_ECConnection@@UAEPAXI@Z 10001320 f i  CIL library: CIL module
 0001:00000320       ??_GCConnection@@UAEPAXI@Z 10001320 f i Connection.obj
 0001:00000360       ?Init@CConnection@@QAE_NPAX@Z 10001360 f   Connection.obj
 0001:000003e0       ?Connect@CConnection@@QAE_NPADG@Z 100013e0 f   Connection.obj
 0001:000005a0       ?Disconnect@CConnection@@QAEXXZ 100015a0 f   Connection.obj
 0001:00000610       ?CheckState@CConnection@@QAE_NXZ 10001610 f   Connection.obj
 0001:00000630       ?DataRecv@CConnection@@QAE_NXZ 10001630 f   Connection.obj
 0001:00000850       ?DataSend@CConnection@@QAE_NPAEH@Z 10001850 f   Connection.obj
 0001:00000a20       ?DataSendEx@CConnection@@QAE_NXZ 10001a20 f   Connection.obj
 0001:00000b30       ?ClientWorkerThread@CConnection@@SGKPAV1@@Z 10001b30 f   Connection.obj
 0001:00000c20       ??_ECCriticalSection@@UAEPAXI@Z 10001c20 f i  CIL library: CIL module
 0001:00000c20       ??_GCCriticalSection@@UAEPAXI@Z 10001c20 f i CriticalSection.obj
 0001:00000c50       ??1CCriticalSection@@UAE@XZ 10001c50 f   CriticalSection.obj
 0001:00000c70       ??_GCFileCheck@@UAEPAXI@Z  10001c70 f i FileCheck.obj
 0001:00000c70       ??_ECFileCheck@@UAEPAXI@Z  10001c70 f i  CIL library: CIL module
 0001:00000ca0       ?Scan@CFileCheck@@QAEXXZ   10001ca0 f   FileCheck.obj
 0001:00000d70       ??_GCFileMappingCheck@@UAEPAXI@Z 10001d70 f i FileMappingCheck.obj
 0001:00000d70       ??_ECFileMappingCheck@@UAEPAXI@Z 10001d70 f i  CIL library: CIL module
 0001:00000da0       ?Scan@CFileMappingCheck@@QAEXXZ 10001da0 f   FileMappingCheck.obj
 0001:00000df0       ??_ECFileProtect@@UAEPAXI@Z 10001df0 f i  CIL library: CIL module
 0001:00000df0       ??_GCFileProtect@@UAEPAXI@Z 10001df0 f i FileProtect.obj
 0001:00000e20       ?Init@CFileProtect@@QAEXXZ 10001e20 f   FileProtect.obj
 0001:00000e90       ?LoadFile@CFileProtect@@QAE_NPAD@Z 10001e90 f   FileProtect.obj
 0001:00000f30       ?DecryptFileA@CFileProtect@@QAE_NPAD@Z 10001f30 f   FileProtect.obj
 0001:00001060       ?DeleteTemporaryFile@CFileProtect@@QAEXXZ 10002060 f   FileProtect.obj
 0001:000010d0       ?MyFOpen@CFileProtect@@SAPAU_iobuf@@PAD0@Z 100020d0 f   FileProtect.obj
 0001:00001140       ?MyFClose@CFileProtect@@SAHPAU_iobuf@@@Z 10002140 f   FileProtect.obj
 0001:00001160       ?HackServerProtocolCore@@YAXEPAEH@Z 10002160 f   HackServerProtocol.obj
 0001:00001290       ?HCClientInfoRecv@@YAXPAUSDHP_CLIENT_INFO_RECV@@@Z 10002290 f   HackServerProtocol.obj
 0001:00001530       ?HCDumpListRecv@@YAXPAUSDHP_DUMP_LIST_RECV@@@Z 10002530 f   HackServerProtocol.obj
 0001:00001760       ?HCChecksumListRecv@@YAXPAUSDHP_CHECKSUM_LIST_RECV@@@Z 10002760 f   HackServerProtocol.obj
 0001:00001980       ?HCInternalListRecv@@YAXPAUSDHP_INTERNAL_LIST_RECV@@@Z 10002980 f   HackServerProtocol.obj
 0001:00001ba0       ?HCWindowListRecv@@YAXPAUSDHP_WINDOW_LIST_RECV@@@Z 10002ba0 f   HackServerProtocol.obj
 0001:00001dd0       ?HCClientDisconnectRecv@@YAXPAUSDHP_CLIENT_DISCONNECT_RECV@@@Z 10002dd0 f   HackServerProtocol.obj
 0001:00001ed0       ?CHClientInfoSend@@YAXXZ   10002ed0 f   HackServerProtocol.obj
 0001:00002040       ?CHClientDisconnectSend@@YAXHPADK@Z 10003040 f   HackServerProtocol.obj
 0001:000022b0       ?reserve@?$vector@UDUMP_LIST_INFO@@V?$allocator@UDUMP_LIST_INFO@@@std@@@std@@QAEXI@Z 100032b0 f i HackServerProtocol.obj
 0001:000023a0       ?reserve@?$vector@UCSUM_LIST_INFO@@V?$allocator@UCSUM_LIST_INFO@@@std@@@std@@QAEXI@Z 100033a0 f i HackServerProtocol.obj
 0001:00002490       ?reserve@?$vector@UITRN_LIST_INFO@@V?$allocator@UITRN_LIST_INFO@@@std@@@std@@QAEXI@Z 10003490 f i HackServerProtocol.obj
 0001:00002580       ?reserve@?$vector@UWNDW_LIST_INFO@@V?$allocator@UWNDW_LIST_INFO@@@std@@@std@@QAEXI@Z 10003580 f i HackServerProtocol.obj
 0001:00002670       ?allocate@?$allocator@UDUMP_LIST_INFO@@@std@@QAEPAUDUMP_LIST_INFO@@I@Z 10003670 f i HackServerProtocol.obj
 0001:000026d0       ?allocate@?$allocator@UCSUM_LIST_INFO@@@std@@QAEPAUCSUM_LIST_INFO@@I@Z 100036d0 f i HackServerProtocol.obj
 0001:00002730       ?allocate@?$allocator@UITRN_LIST_INFO@@@std@@QAEPAUITRN_LIST_INFO@@I@Z 10003730 f i HackServerProtocol.obj
 0001:00002790       ?allocate@?$allocator@UWNDW_LIST_INFO@@@std@@QAEPAUWNDW_LIST_INFO@@I@Z 10003790 f i HackServerProtocol.obj
 0001:000027f0       ??$_Uninit_move@PAUDUMP_LIST_INFO@@PAU1@V?$allocator@UDUMP_LIST_INFO@@@std@@U1@@std@@YAPAUDUMP_LIST_INFO@@PAU1@00AAV?$allocator@UDUMP_LIST_INFO@@@0@0U_Nonscalar_ptr_iterator_tag@0@@Z 100037f0 f i HackServerProtocol.obj
 0001:00002820       ??$_Uninit_move@PAUCSUM_LIST_INFO@@PAU1@V?$allocator@UCSUM_LIST_INFO@@@std@@U1@@std@@YAPAUCSUM_LIST_INFO@@PAU1@00AAV?$allocator@UCSUM_LIST_INFO@@@0@0U_Nonscalar_ptr_iterator_tag@0@@Z 10003820 f i HackServerProtocol.obj
 0001:00002850       ??$_Uninit_move@PAUITRN_LIST_INFO@@PAU1@V?$allocator@UITRN_LIST_INFO@@@std@@U1@@std@@YAPAUITRN_LIST_INFO@@PAU1@00AAV?$allocator@UITRN_LIST_INFO@@@0@0U_Nonscalar_ptr_iterator_tag@0@@Z 10003850 f i HackServerProtocol.obj
 0001:00002880       ??$_Uninit_move@PAUWNDW_LIST_INFO@@PAU1@V?$allocator@UWNDW_LIST_INFO@@@std@@U1@@std@@YAPAUWNDW_LIST_INFO@@PAU1@00AAV?$allocator@UWNDW_LIST_INFO@@@0@0U_Nonscalar_ptr_iterator_tag@0@@Z 10003880 f i HackServerProtocol.obj
 0001:000028b0       ??3@YAXPAX0@Z              100038b0 f i HackServerProtocol.obj
 0001:000028c0       ??1bad_alloc@std@@UAE@XZ   100038c0 f i HackServerProtocol.obj
 0001:000028d0       ??0bad_alloc@std@@QAE@ABV01@@Z 100038d0 f i HackServerProtocol.obj
 0001:000028f0       ??_Gbad_alloc@std@@UAEPAXI@Z 100038f0 f i HackServerProtocol.obj
 0001:000028f0       ??_Ebad_alloc@std@@UAEPAXI@Z 100038f0 f i  CIL library: CIL module
 0001:00002920       ??_GCLibraryCheck@@UAEPAXI@Z 10003920 f i LibraryCheck.obj
 0001:00002920       ??_ECLibraryCheck@@UAEPAXI@Z 10003920 f i  CIL library: CIL module
 0001:00002950       ?Check@CLibraryCheck@@QAE_NPA_WPAD@Z 10003950 f   LibraryCheck.obj
 0001:00002a70       ?CheckSocketPort@@YA_NI@Z  10003a70 f   HackCheck.obj
 0001:00002b00       ?CheckDetourIntegrity@@YAXXZ 10003b00 f   HackCheck.obj
 0001:00002c30       ?MyRecv@@YGHIPADHH@Z       10003c30 f   HackCheck.obj
 0001:00002c90       ?MySend@@YGHIPADHH@Z       10003c90 f   HackCheck.obj
 0001:00002cf0       ?InitHackCheck@@YAXXZ      10003cf0 f   HackCheck.obj
 0001:00002e90       ?ScreenThread@@YGKXZ       10003e90 f   HackClient.obj
 0001:00002ed0       ?ConnectionReconnectThread@@YGKXZ 10003ed0 f   HackClient.obj
 0001:00003130       ?ConnectionStatusThread@@YGKXZ 10004130 f   HackClient.obj
 0001:000034c0       ?MainThread@@YGKXZ         100044c0 f   HackClient.obj
 0001:000037e0       _EntryProc                 100047e0 f   HackClient.obj
 0001:00003c70       _DllMain@12                10004c70 f   HackClient.obj
 0001:00003ca0       ??_ECListManager@@UAEPAXI@Z 10004ca0 f i  CIL library: CIL module
 0001:00003ca0       ??_GCListManager@@UAEPAXI@Z 10004ca0 f i ListManager.obj
 0001:00003cd0       ??1CListManager@@UAE@XZ    10004cd0 f   ListManager.obj
 0001:00003d40       ??_GCDumpCheck@@UAEPAXI@Z  10004d40 f i DumpCheck.obj
 0001:00003d40       ??_ECDumpCheck@@UAEPAXI@Z  10004d40 f i  CIL library: CIL module
 0001:00003d70       ?Check@CDumpCheck@@QAE_NPA_WPAD@Z 10004d70 f   DumpCheck.obj
 0001:00003ef0       ?GetProcessInfo@CDumpCheck@@QAE_NPA_WPAPAX1PAPAEPAPAU_IMAGE_NT_HEADERS@@@Z 10004ef0 f   DumpCheck.obj
 0001:00004010       ??_GCExecutableCheck@@UAEPAXI@Z 10005010 f i ExecutableCheck.obj
 0001:00004010       ??_ECExecutableCheck@@UAEPAXI@Z 10005010 f i  CIL library: CIL module
 0001:00004040       ?Check@CExecutableCheck@@QAE_NPA_WPAD@Z 10005040 f   ExecutableCheck.obj
 0001:00004100       ??_GCLog@@UAEPAXI@Z        10005100 f i Log.obj
 0001:00004100       ??_ECLog@@UAEPAXI@Z        10005100 f i  CIL library: CIL module
 0001:00004130       ??1CLog@@UAE@XZ            10005130 f   Log.obj
 0001:00004180       ?AddLog@CLog@@QAEXHPAD@Z   10005180 f   Log.obj
 0001:000042a0       ?Output@CLog@@QAAXW4eLogType@@PADZZ 100052a0 f   Log.obj
 0001:000044b0       ??_ECMacroCheck@@UAEPAXI@Z 100054b0 f i  CIL library: CIL module
 0001:000044b0       ??_GCMacroCheck@@UAEPAXI@Z 100054b0 f i MacroCheck.obj
 0001:000044e0       ?Init@CMacroCheck@@QAEXPAUHINSTANCE__@@@Z 100054e0 f   MacroCheck.obj
 0001:00004530       ?OnKeyboardKeypress@CMacroCheck@@QAEXH@Z 10005530 f   MacroCheck.obj
 0001:00004610       ?MacroCheckThread@CMacroCheck@@SGKPAV1@@Z 10005610 f   MacroCheck.obj
 0001:00004690       ?LowLevelKeyboardProc@CMacroCheck@@SGJHIJ@Z 10005690 f   MacroCheck.obj
 0001:00004740       ??0CMessage@@QAE@XZ        10005740 f   Message.obj
 0001:00004790       ??_GCMessage@@UAEPAXI@Z    10005790 f i Message.obj
 0001:00004790       ??_ECMessage@@UAEPAXI@Z    10005790 f i  CIL library: CIL module
 0001:000047c0       ?GetLanguage@CMessage@@QAEXXZ 100057c0 f   Message.obj
 0001:00004840       ?LoadEng@CMessage@@QAEXPAUMESSAGE_INFO@@@Z 10005840 f   Message.obj
 0001:000048a0       ?LoadPor@CMessage@@QAEXPAUMESSAGE_INFO@@@Z 100058a0 f   Message.obj
 0001:00004900       ?LoadSpn@CMessage@@QAEXPAUMESSAGE_INFO@@@Z 10005900 f   Message.obj
 0001:00004960       ?GetInfoPor@CMessage@@QAEPAUMESSAGE_INFO@@H@Z 10005960 f   Message.obj
 0001:000049b0       ?GetInfoSpn@CMessage@@QAEPAUMESSAGE_INFO@@H@Z 100059b0 f   Message.obj
 0001:00004a00       ?GetMessageA@CMessage@@QAEPADH@Z 10005a00 f   Message.obj
 0001:00004b20       ??_GCProcessCheck@@UAEPAXI@Z 10005b20 f i ProcessCheck.obj
 0001:00004b20       ??_ECProcessCheck@@UAEPAXI@Z 10005b20 f i  CIL library: CIL module
 0001:00004b50       ?CheckProcess@CProcessCheck@@QAE_NKK@Z 10005b50 f   ProcessCheck.obj
 0001:00004c90       ??0CProcessManager@@QAE@XZ 10005c90 f   ProcessManager.obj
 0001:00004dd0       ??_GCProcessManager@@UAEPAXI@Z 10005dd0 f i ProcessManager.obj
 0001:00004dd0       ??_ECProcessManager@@UAEPAXI@Z 10005dd0 f i  CIL library: CIL module
 0001:00004e00       ??1?$map@KKU?$less@K@std@@V?$allocator@U?$pair@$$CBKK@std@@@2@@std@@QAE@XZ 10005e00 f i ProcessManager.obj
 0001:00004e60       ??1CProcessManager@@UAE@XZ 10005e60 f   ProcessManager.obj
 0001:00004f20       ?Init@CProcessManager@@QAE_NXZ 10005f20 f   ProcessManager.obj
 0001:00005010       ?CheckProcess@CProcessManager@@QAE_NK@Z 10006010 f   ProcessManager.obj
 0001:000050f0       ?CheckProcess@CProcessManager@@QAE_NKK@Z 100060f0 f   ProcessManager.obj
 0001:000051c0       ?CheckProcessModule@CProcessManager@@QAE_NPAXPAD@Z 100061c0 f   ProcessManager.obj
 0001:000052a0       ?StartProcessModule@CProcessManager@@QAE_NPAXPADH@Z 100062a0 f   ProcessManager.obj
 0001:00005340       ?ClearProcessCache@CProcessManager@@QAEXXZ 10006340 f   ProcessManager.obj
 0001:000053e0       ?GetProcessCache@CProcessManager@@QAE_NPAUPROCESS_CACHE_INFO@@K@Z 100063e0 f   ProcessManager.obj
 0001:00005460       ?InsertProcessCacheInfo@CProcessManager@@QAEXUPROCESS_CACHE_INFO@@@Z 10006460 f   ProcessManager.obj
 0001:00005510       ?MyLdrLoadDll@CProcessManager@@SGJPA_WKPAU_UNICODE_STRING@@PAPAX@Z 10006510 f   ProcessManager.obj
 0001:00005750       ?erase@?$_Tree@V?$_Tmap_traits@KUPROCESS_CACHE_INFO@@U?$less@K@std@@V?$allocator@U?$pair@$$CBKUPROCESS_CACHE_INFO@@@std@@@3@$0A@@std@@@std@@QAE?AV?$_Tree_iterator@V?$_Tree_val@V?$_Tmap_traits@KUPROCESS_CACHE_INFO@@U?$less@K@std@@V?$allocator@U?$pair@$$CBKUPROCESS_CACHE_INFO@@@std@@@3@$0A@@std@@@std@@@2@V?$_Tree_const_iterator@V?$_Tree_val@V?$_Tmap_traits@KUPROCESS_CACHE_INFO@@U?$less@K@std@@V?$allocator@U?$pair@$$CBKUPROCESS_CACHE_INFO@@@std@@@3@$0A@@std@@@std@@@2@@Z 10006750 f i ProcessManager.obj
 0001:000059b0       ?_Lrotate@?$_Tree@V?$_Tmap_traits@KUPROCESS_CACHE_INFO@@U?$less@K@std@@V?$allocator@U?$pair@$$CBKUPROCESS_CACHE_INFO@@@std@@@3@$0A@@std@@@std@@IAEXPAU_Node@?$_Tree_nod@V?$_Tmap_traits@KUPROCESS_CACHE_INFO@@U?$less@K@std@@V?$allocator@U?$pair@$$CBKUPROCESS_CACHE_INFO@@@std@@@3@$0A@@std@@@2@@Z 100069b0 f i ProcessManager.obj
 0001:00005a10       ?_Rrotate@?$_Tree@V?$_Tmap_traits@KUPROCESS_CACHE_INFO@@U?$less@K@std@@V?$allocator@U?$pair@$$CBKUPROCESS_CACHE_INFO@@@std@@@3@$0A@@std@@@std@@IAEXPAU_Node@?$_Tree_nod@V?$_Tmap_traits@KUPROCESS_CACHE_INFO@@U?$less@K@std@@V?$allocator@U?$pair@$$CBKUPROCESS_CACHE_INFO@@@std@@@3@$0A@@std@@@2@@Z 10006a10 f i ProcessManager.obj
 0001:00005a70       ?_Max@?$_Tree_val@V?$_Tmap_traits@KUPROCESS_CACHE_INFO@@U?$less@K@std@@V?$allocator@U?$pair@$$CBKUPROCESS_CACHE_INFO@@@std@@@3@$0A@@std@@@std@@SAPAU_Node@?$_Tree_nod@V?$_Tmap_traits@KUPROCESS_CACHE_INFO@@U?$less@K@std@@V?$allocator@U?$pair@$$CBKUPROCESS_CACHE_INFO@@@std@@@3@$0A@@std@@@2@PAU342@@Z 10006a70 f i ProcessManager.obj
 0001:00005a90       ??E?$_Tree_const_iterator@V?$_Tree_val@V?$_Tmap_traits@KUPROCESS_CACHE_INFO@@U?$less@K@std@@V?$allocator@U?$pair@$$CBKUPROCESS_CACHE_INFO@@@std@@@3@$0A@@std@@@std@@@std@@QAEAAV01@XZ 10006a90 f i ProcessManager.obj
 0001:00005ae0       ?erase@?$_Tree@V?$_Tmap_traits@KKU?$less@K@std@@V?$allocator@U?$pair@$$CBKK@std@@@2@$0A@@std@@@std@@QAE?AV?$_Tree_iterator@V?$_Tree_val@V?$_Tmap_traits@KKU?$less@K@std@@V?$allocator@U?$pair@$$CBKK@std@@@2@$0A@@std@@@std@@@2@V?$_Tree_const_iterator@V?$_Tree_val@V?$_Tmap_traits@KKU?$less@K@std@@V?$allocator@U?$pair@$$CBKK@std@@@2@$0A@@std@@@std@@@2@0@Z 10006ae0 f i ProcessManager.obj
 0001:00005b80       ?erase@?$_Tree@V?$_Tmap_traits@KUPROCESS_CACHE_INFO@@U?$less@K@std@@V?$allocator@U?$pair@$$CBKUPROCESS_CACHE_INFO@@@std@@@3@$0A@@std@@@std@@QAE?AV?$_Tree_iterator@V?$_Tree_val@V?$_Tmap_traits@KUPROCESS_CACHE_INFO@@U?$less@K@std@@V?$allocator@U?$pair@$$CBKUPROCESS_CACHE_INFO@@@std@@@3@$0A@@std@@@std@@@2@V?$_Tree_const_iterator@V?$_Tree_val@V?$_Tmap_traits@KUPROCESS_CACHE_INFO@@U?$less@K@std@@V?$allocator@U?$pair@$$CBKUPROCESS_CACHE_INFO@@@std@@@3@$0A@@std@@@std@@@2@0@Z 10006b80 f i ProcessManager.obj
 0001:00005c20       ?erase@?$_Tree@V?$_Tmap_traits@KKU?$less@K@std@@V?$allocator@U?$pair@$$CBKK@std@@@2@$0A@@std@@@std@@QAE?AV?$_Tree_iterator@V?$_Tree_val@V?$_Tmap_traits@KKU?$less@K@std@@V?$allocator@U?$pair@$$CBKK@std@@@2@$0A@@std@@@std@@@2@V?$_Tree_const_iterator@V?$_Tree_val@V?$_Tmap_traits@KKU?$less@K@std@@V?$allocator@U?$pair@$$CBKK@std@@@2@$0A@@std@@@std@@@2@@Z 10006c20 f i ProcessManager.obj
 0001:00005e80       ?clear@?$_Tree@V?$_Tmap_traits@KKU?$less@K@std@@V?$allocator@U?$pair@$$CBKK@std@@@2@$0A@@std@@@std@@QAEXXZ 10006e80 f i ProcessManager.obj
 0001:00005ed0       ?clear@?$_Tree@V?$_Tmap_traits@KUPROCESS_CACHE_INFO@@U?$less@K@std@@V?$allocator@U?$pair@$$CBKUPROCESS_CACHE_INFO@@@std@@@3@$0A@@std@@@std@@QAEXXZ 10006ed0 f i ProcessManager.obj
 0001:00005f20       ?_Erase@?$_Tree@V?$_Tmap_traits@KKU?$less@K@std@@V?$allocator@U?$pair@$$CBKK@std@@@2@$0A@@std@@@std@@IAEXPAU_Node@?$_Tree_nod@V?$_Tmap_traits@KKU?$less@K@std@@V?$allocator@U?$pair@$$CBKK@std@@@2@$0A@@std@@@2@@Z 10006f20 f i ProcessManager.obj
 0001:00005f60       ?_Lrotate@?$_Tree@V?$_Tmap_traits@KKU?$less@K@std@@V?$allocator@U?$pair@$$CBKK@std@@@2@$0A@@std@@@std@@IAEXPAU_Node@?$_Tree_nod@V?$_Tmap_traits@KKU?$less@K@std@@V?$allocator@U?$pair@$$CBKK@std@@@2@$0A@@std@@@2@@Z 10006f60 f i ProcessManager.obj
 0001:00005fc0       ?_Rrotate@?$_Tree@V?$_Tmap_traits@KKU?$less@K@std@@V?$allocator@U?$pair@$$CBKK@std@@@2@$0A@@std@@@std@@IAEXPAU_Node@?$_Tree_nod@V?$_Tmap_traits@KKU?$less@K@std@@V?$allocator@U?$pair@$$CBKK@std@@@2@$0A@@std@@@2@@Z 10006fc0 f i ProcessManager.obj
 0001:00006020       ?_Max@?$_Tree_val@V?$_Tmap_traits@KKU?$less@K@std@@V?$allocator@U?$pair@$$CBKK@std@@@2@$0A@@std@@@std@@SAPAU_Node@?$_Tree_nod@V?$_Tmap_traits@KKU?$less@K@std@@V?$allocator@U?$pair@$$CBKK@std@@@2@$0A@@std@@@2@PAU342@@Z 10007020 f i ProcessManager.obj
 0001:00006040       ?_Erase@?$_Tree@V?$_Tmap_traits@KUPROCESS_CACHE_INFO@@U?$less@K@std@@V?$allocator@U?$pair@$$CBKUPROCESS_CACHE_INFO@@@std@@@3@$0A@@std@@@std@@IAEXPAU_Node@?$_Tree_nod@V?$_Tmap_traits@KUPROCESS_CACHE_INFO@@U?$less@K@std@@V?$allocator@U?$pair@$$CBKUPROCESS_CACHE_INFO@@@std@@@3@$0A@@std@@@2@@Z 10007040 f i ProcessManager.obj
 0001:00006080       ??E?$_Tree_const_iterator@V?$_Tree_val@V?$_Tmap_traits@KKU?$less@K@std@@V?$allocator@U?$pair@$$CBKK@std@@@2@$0A@@std@@@std@@@std@@QAEAAV01@XZ 10007080 f i ProcessManager.obj
 0001:000060d0       ?_Linsert@?$_Tree@V?$_Tmap_traits@KKU?$less@K@std@@V?$allocator@U?$pair@$$CBKK@std@@@2@$0A@@std@@@std@@QAE?AU?$pair@V?$_Tree_iterator@V?$_Tree_val@V?$_Tmap_traits@KKU?$less@K@std@@V?$allocator@U?$pair@$$CBKK@std@@@2@$0A@@std@@@std@@@std@@_N@2@PAU_Node@?$_Tree_nod@V?$_Tmap_traits@KKU?$less@K@std@@V?$allocator@U?$pair@$$CBKK@std@@@2@$0A@@std@@@2@_N@Z 100070d0 f i ProcessManager.obj
 0001:000061a0       ?_Linsert@?$_Tree@V?$_Tmap_traits@KUPROCESS_CACHE_INFO@@U?$less@K@std@@V?$allocator@U?$pair@$$CBKUPROCESS_CACHE_INFO@@@std@@@3@$0A@@std@@@std@@QAE?AU?$pair@V?$_Tree_iterator@V?$_Tree_val@V?$_Tmap_traits@KUPROCESS_CACHE_INFO@@U?$less@K@std@@V?$allocator@U?$pair@$$CBKUPROCESS_CACHE_INFO@@@std@@@3@$0A@@std@@@std@@@std@@_N@2@PAU_Node@?$_Tree_nod@V?$_Tmap_traits@KUPROCESS_CACHE_INFO@@U?$less@K@std@@V?$allocator@U?$pair@$$CBKUPROCESS_CACHE_INFO@@@std@@@3@$0A@@std@@@2@_N@Z 100071a0 f i ProcessManager.obj
 0001:00006270       ?_Insert@?$_Tree@V?$_Tmap_traits@KKU?$less@K@std@@V?$allocator@U?$pair@$$CBKK@std@@@2@$0A@@std@@@std@@IAE?AV?$_Tree_iterator@V?$_Tree_val@V?$_Tmap_traits@KKU?$less@K@std@@V?$allocator@U?$pair@$$CBKK@std@@@2@$0A@@std@@@std@@@2@_NPAU_Node@?$_Tree_nod@V?$_Tmap_traits@KKU?$less@K@std@@V?$allocator@U?$pair@$$CBKK@std@@@2@$0A@@std@@@2@1@Z 10007270 f i ProcessManager.obj
 0001:00006490       ?_Insert@?$_Tree@V?$_Tmap_traits@KUPROCESS_CACHE_INFO@@U?$less@K@std@@V?$allocator@U?$pair@$$CBKUPROCESS_CACHE_INFO@@@std@@@3@$0A@@std@@@std@@IAE?AV?$_Tree_iterator@V?$_Tree_val@V?$_Tmap_traits@KUPROCESS_CACHE_INFO@@U?$less@K@std@@V?$allocator@U?$pair@$$CBKUPROCESS_CACHE_INFO@@@std@@@3@$0A@@std@@@std@@@2@_NPAU_Node@?$_Tree_nod@V?$_Tmap_traits@KUPROCESS_CACHE_INFO@@U?$less@K@std@@V?$allocator@U?$pair@$$CBKUPROCESS_CACHE_INFO@@@std@@@3@$0A@@std@@@2@1@Z 10007490 f i ProcessManager.obj
 0001:000066b0       ??F?$_Tree_unchecked_const_iterator@V?$_Tree_val@V?$_Tmap_traits@KUPROCESS_CACHE_INFO@@U?$less@K@std@@V?$allocator@U?$pair@$$CBKUPROCESS_CACHE_INFO@@@std@@@3@$0A@@std@@@std@@U_Iterator_base0@2@@std@@QAEAAV01@XZ 100076b0 f i ProcessManager.obj
 0001:00006710       ??F?$_Tree_unchecked_const_iterator@V?$_Tree_val@V?$_Tmap_traits@KKU?$less@K@std@@V?$allocator@U?$pair@$$CBKK@std@@@2@$0A@@std@@@std@@U_Iterator_base0@2@@std@@QAEAAV01@XZ 10007710 f i ProcessManager.obj
 0001:00006770       ??$_Buynode@U?$pair@KUPROCESS_CACHE_INFO@@@std@@@?$_Tree_val@V?$_Tmap_traits@KUPROCESS_CACHE_INFO@@U?$less@K@std@@V?$allocator@U?$pair@$$CBKUPROCESS_CACHE_INFO@@@std@@@3@$0A@@std@@@std@@QAEPAU_Node@?$_Tree_nod@V?$_Tmap_traits@KUPROCESS_CACHE_INFO@@U?$less@K@std@@V?$allocator@U?$pair@$$CBKUPROCESS_CACHE_INFO@@@std@@@3@$0A@@std@@@1@$$QAU?$pair@KUPROCESS_CACHE_INFO@@@1@@Z 10007770 f i ProcessManager.obj
 0001:000067e0       ??$_Buynode@U?$pair@KK@std@@@?$_Tree_val@V?$_Tmap_traits@KKU?$less@K@std@@V?$allocator@U?$pair@$$CBKK@std@@@2@$0A@@std@@@std@@QAEPAU_Node@?$_Tree_nod@V?$_Tmap_traits@KKU?$less@K@std@@V?$allocator@U?$pair@$$CBKK@std@@@2@$0A@@std@@@1@$$QAU?$pair@KK@1@@Z 100077e0 f i ProcessManager.obj
 0001:00006850       ??_GCProcessQuery@@UAEPAXI@Z 10007850 f i ProcessQuery.obj
 0001:00006850       ??_ECProcessQuery@@UAEPAXI@Z 10007850 f i  CIL library: CIL module
 0001:000068a0       ??1CProcessQuery@@UAE@XZ   100078a0 f   ProcessQuery.obj
 0001:000068e0       ?Fetch@CProcessQuery@@QAE_NW4_SYSTEM_INFORMATION_CLASS@@K@Z 100078e0 f   ProcessQuery.obj
 0001:00006980       ??_GCProtect@@UAEPAXI@Z    10007980 f i Protect.obj
 0001:00006980       ??_ECProtect@@UAEPAXI@Z    10007980 f i  CIL library: CIL module
 0001:000069b0       ?ReadMainFile@CProtect@@QAE_NPAD@Z 100079b0 f   Protect.obj
 0001:00006ab0       ?CheckClientFile@CProtect@@QAEXXZ 10007ab0 f   Protect.obj
 0001:00006be0       ?CheckPluginFile@CProtect@@QAEXXZ 10007be0 f   Protect.obj
 0001:00006ce0       ?CheckVerifyFile@CProtect@@QAEXXZ 10007ce0 f   Protect.obj
 0001:00006db0       ??_ECScreenCapture@@UAEPAXI@Z 10007db0 f i  CIL library: CIL module
 0001:00006db0       ??_GCScreenCapture@@UAEPAXI@Z 10007db0 f i ScreenCapture.obj
 0001:00006de0       ?GetEncoderClsid@CScreenCapture@@QAEHPA_WPAU_GUID@@@Z 10007de0 f   ScreenCapture.obj
 0001:00006ed0       ?getDesktopScreenShot@CScreenCapture@@QAE_NAAV?$vector@EV?$allocator@E@std@@@std@@K@Z 10007ed0 f   ScreenCapture.obj
 0001:00007150       ?CaptureScreen@CScreenCapture@@QAEXXZ 10008150 f   ScreenCapture.obj
 0001:00007210       ?SendScreenShot@CScreenCapture@@QAEXAAV?$vector@EV?$allocator@E@std@@@std@@@Z 10008210 f   ScreenCapture.obj
 0001:00007380       ?RecvSetState@CScreenCapture@@QAEXPAUPMSG_SCREENSTATE_RECV@@@Z 10008380 f   ScreenCapture.obj
 0001:00007450       ??1?$vector@KV?$allocator@K@std@@@std@@QAE@XZ 10008450 f i SimpleModules.obj
 0001:00007450       ??1?$vector@EV?$allocator@E@std@@@std@@QAE@XZ 10008450 f i ScreenCapture.obj
 0001:00007480       ?resize@?$vector@EV?$allocator@E@std@@@std@@QAEXI@Z 10008480 f i ScreenCapture.obj
 0001:000074e0       ?_Reserve@?$vector@EV?$allocator@E@std@@@std@@IAEXI@Z 100084e0 f i ScreenCapture.obj
 0001:00007530       ?reserve@?$vector@EV?$allocator@E@std@@@std@@QAEXI@Z 10008530 f i ScreenCapture.obj
 0001:000075a0       ?allocate@?$allocator@E@std@@QAEPAEI@Z 100085a0 f i ScreenCapture.obj
 0001:000075f0       ??_EImage@Gdiplus@@UAEPAXI@Z 100085f0 f i  CIL library: CIL module
 0001:000075f0       ??_GBitmap@Gdiplus@@UAEPAXI@Z 100085f0 f i ScreenCapture.obj
 0001:000075f0       ??_GImage@Gdiplus@@UAEPAXI@Z 100085f0 f i ScreenCapture.obj
 0001:000075f0       ??_EBitmap@Gdiplus@@UAEPAXI@Z 100085f0 f i  CIL library: CIL module
 0001:00007620       ?Clone@Image@Gdiplus@@UAEPAV12@XZ 10008620 f i ScreenCapture.obj
 0001:00007670       ?CheckSystemInformation@@YAXXZ 10008670 f   SimpleModules.obj
 0001:00007770       ?GetPhysicalDriveSerialNumber@@YA_NHPADH@Z 10008770 f   SimpleModules.obj
 0001:00007940       ?API_INIT@@YA_NXZ          10008940 f   SimpleModules.obj
 0001:00007bd0       ?API_SCAN@@YA_NXZ          10008bd0 f   SimpleModules.obj
 0001:00007cc0       ?DEBUGGER_SCAN@@YA_NXZ     10008cc0 f   SimpleModules.obj
 0001:00007da0       ?MEMORY_PROTECTION_INIT@@YA_NXZ 10008da0 f   SimpleModules.obj
 0001:00007e30       ?MEMORY_PROTECTION_SCAN@@YA_NXZ 10008e30 f   SimpleModules.obj
 0001:00007ec0       ?HANDLE_PROTECTION_INIT@@YA_NXZ 10008ec0 f   SimpleModules.obj
 0001:00007fc0       ?HANDLE_PROTECTION_SCAN@@YA_NXZ 10008fc0 f   SimpleModules.obj
 0001:00008250       ??1?$map@KV?$vector@KV?$allocator@K@std@@@std@@U?$less@K@2@V?$allocator@U?$pair@$$CBKV?$vector@KV?$allocator@K@std@@@std@@@std@@@2@@std@@QAE@XZ 10009250 f i SimpleModules.obj
 0001:000082b0       ??1?$pair@KV?$vector@KV?$allocator@K@std@@@std@@@std@@QAE@XZ 100092b0 f i SimpleModules.obj
 0001:000082e0       ?LIBRARY_LOAD_ATTACH@@YA_NXZ 100092e0 f   SimpleModules.obj
 0001:00008390       ?LIBRARY_LOAD_DETACH@@YA_NXZ 10009390 f   SimpleModules.obj
 0001:00008400       ?MEMORY_CHECK_ATTACH@@YA_NXZ 10009400 f   SimpleModules.obj
 0001:00008500       ?MEMORY_CHECK_DETACH@@YA_NXZ 10009500 f   SimpleModules.obj
 0001:000085e0       ?find@?$_Tree@V?$_Tmap_traits@KV?$vector@KV?$allocator@K@std@@@std@@U?$less@K@2@V?$allocator@U?$pair@$$CBKV?$vector@KV?$allocator@K@std@@@std@@@std@@@2@$0A@@std@@@std@@QAE?AV?$_Tree_iterator@V?$_Tree_val@V?$_Tmap_traits@KV?$vector@KV?$allocator@K@std@@@std@@U?$less@K@2@V?$allocator@U?$pair@$$CBKV?$vector@KV?$allocator@K@std@@@std@@@std@@@2@$0A@@std@@@std@@@2@ABK@Z 100095e0 f i SimpleModules.obj
 0001:00008640       ?push_back@?$vector@KV?$allocator@K@std@@@std@@QAEXABK@Z 10009640 f i SimpleModules.obj
 0001:000086a0       ??1?$_Tree_val@V?$_Tmap_traits@KUMEMORY_CHECK_SOURCE@@U?$less@K@std@@V?$allocator@U?$pair@$$CBKUMEMORY_CHECK_SOURCE@@@std@@@3@$0A@@std@@@std@@QAE@XZ 100096a0 f i SimpleModules.obj
 0001:000086b0       ??1?$_Tree_val@V?$_Tmap_traits@KV?$vector@KV?$allocator@K@std@@@std@@U?$less@K@2@V?$allocator@U?$pair@$$CBKV?$vector@KV?$allocator@K@std@@@std@@@std@@@2@$0A@@std@@@std@@QAE@XZ 100096b0 f i SimpleModules.obj
 0001:000086b0       ??1?$_Tree_val@V?$_Tmap_traits@KKU?$less@K@std@@V?$allocator@U?$pair@$$CBKK@std@@@2@$0A@@std@@@std@@QAE@XZ 100096b0 f i ProcessManager.obj
 0001:000086b0       ??1?$_Tree_val@V?$_Tmap_traits@KUPROCESS_CACHE_INFO@@U?$less@K@std@@V?$allocator@U?$pair@$$CBKUPROCESS_CACHE_INFO@@@std@@@3@$0A@@std@@@std@@QAE@XZ 100096b0 f i ProcessManager.obj
 0001:000086c0       ?_Construct_n@?$vector@KV?$allocator@K@std@@@std@@QAEXIPBK@Z 100096c0 f i SimpleModules.obj
 0001:00008700       ?_Reserve@?$vector@KV?$allocator@K@std@@@std@@IAEXI@Z 10009700 f i SimpleModules.obj
 0001:00008760       ?erase@?$_Tree@V?$_Tmap_traits@KUMEMORY_CHECK_SOURCE@@U?$less@K@std@@V?$allocator@U?$pair@$$CBKUMEMORY_CHECK_SOURCE@@@std@@@3@$0A@@std@@@std@@QAE?AV?$_Tree_iterator@V?$_Tree_val@V?$_Tmap_traits@KUMEMORY_CHECK_SOURCE@@U?$less@K@std@@V?$allocator@U?$pair@$$CBKUMEMORY_CHECK_SOURCE@@@std@@@3@$0A@@std@@@std@@@2@V?$_Tree_const_iterator@V?$_Tree_val@V?$_Tmap_traits@KUMEMORY_CHECK_SOURCE@@U?$less@K@std@@V?$allocator@U?$pair@$$CBKUMEMORY_CHECK_SOURCE@@@std@@@3@$0A@@std@@@std@@@2@0@Z 10009760 f i SimpleModules.obj
 0001:00008800       ?erase@?$_Tree@V?$_Tmap_traits@KV?$vector@KV?$allocator@K@std@@@std@@U?$less@K@2@V?$allocator@U?$pair@$$CBKV?$vector@KV?$allocator@K@std@@@std@@@std@@@2@$0A@@std@@@std@@QAE?AV?$_Tree_iterator@V?$_Tree_val@V?$_Tmap_traits@KV?$vector@KV?$allocator@K@std@@@std@@U?$less@K@2@V?$allocator@U?$pair@$$CBKV?$vector@KV?$allocator@K@std@@@std@@@std@@@2@$0A@@std@@@std@@@2@V?$_Tree_const_iterator@V?$_Tree_val@V?$_Tmap_traits@KV?$vector@KV?$allocator@K@std@@@std@@U?$less@K@2@V?$allocator@U?$pair@$$CBKV?$vector@KV?$allocator@K@std@@@std@@@std@@@2@$0A@@std@@@std@@@2@0@Z 10009800 f i SimpleModules.obj
 0001:000088c0       ?reserve@?$vector@KV?$allocator@K@std@@@std@@QAEXI@Z 100098c0 f i SimpleModules.obj
 0001:00008940       ??E?$_Tree_const_iterator@V?$_Tree_val@V?$_Tmap_traits@KUMEMORY_CHECK_SOURCE@@U?$less@K@std@@V?$allocator@U?$pair@$$CBKUMEMORY_CHECK_SOURCE@@@std@@@3@$0A@@std@@@std@@@std@@QAEAAV01@XZ 10009940 f i SimpleModules.obj
 0001:00008990       ?erase@?$_Tree@V?$_Tmap_traits@KUMEMORY_CHECK_SOURCE@@U?$less@K@std@@V?$allocator@U?$pair@$$CBKUMEMORY_CHECK_SOURCE@@@std@@@3@$0A@@std@@@std@@QAE?AV?$_Tree_iterator@V?$_Tree_val@V?$_Tmap_traits@KUMEMORY_CHECK_SOURCE@@U?$less@K@std@@V?$allocator@U?$pair@$$CBKUMEMORY_CHECK_SOURCE@@@std@@@3@$0A@@std@@@std@@@2@V?$_Tree_const_iterator@V?$_Tree_val@V?$_Tmap_traits@KUMEMORY_CHECK_SOURCE@@U?$less@K@std@@V?$allocator@U?$pair@$$CBKUMEMORY_CHECK_SOURCE@@@std@@@3@$0A@@std@@@std@@@2@@Z 10009990 f i SimpleModules.obj
 0001:00008bf0       ?clear@?$_Tree@V?$_Tmap_traits@KUMEMORY_CHECK_SOURCE@@U?$less@K@std@@V?$allocator@U?$pair@$$CBKUMEMORY_CHECK_SOURCE@@@std@@@3@$0A@@std@@@std@@QAEXXZ 10009bf0 f i SimpleModules.obj
 0001:00008c60       ?erase@?$_Tree@V?$_Tmap_traits@KV?$vector@KV?$allocator@K@std@@@std@@U?$less@K@2@V?$allocator@U?$pair@$$CBKV?$vector@KV?$allocator@K@std@@@std@@@std@@@2@$0A@@std@@@std@@QAE?AV?$_Tree_iterator@V?$_Tree_val@V?$_Tmap_traits@KV?$vector@KV?$allocator@K@std@@@std@@U?$less@K@2@V?$allocator@U?$pair@$$CBKV?$vector@KV?$allocator@K@std@@@std@@@std@@@2@$0A@@std@@@std@@@2@V?$_Tree_const_iterator@V?$_Tree_val@V?$_Tmap_traits@KV?$vector@KV?$allocator@K@std@@@std@@U?$less@K@2@V?$allocator@U?$pair@$$CBKV?$vector@KV?$allocator@K@std@@@std@@@std@@@2@$0A@@std@@@std@@@2@@Z 10009c60 f i SimpleModules.obj
 0001:00008ee0       ?allocate@?$allocator@K@std@@QAEPAKI@Z 10009ee0 f i SimpleModules.obj
 0001:00008f40       ?_Erase@?$_Tree@V?$_Tmap_traits@KUMEMORY_CHECK_SOURCE@@U?$less@K@std@@V?$allocator@U?$pair@$$CBKUMEMORY_CHECK_SOURCE@@@std@@@3@$0A@@std@@@std@@IAEXPAU_Node@?$_Tree_nod@V?$_Tmap_traits@KUMEMORY_CHECK_SOURCE@@U?$less@K@std@@V?$allocator@U?$pair@$$CBKUMEMORY_CHECK_SOURCE@@@std@@@3@$0A@@std@@@2@@Z 10009f40 f i SimpleModules.obj
 0001:00008f80       ?_Lrotate@?$_Tree@V?$_Tmap_traits@KUMEMORY_CHECK_SOURCE@@U?$less@K@std@@V?$allocator@U?$pair@$$CBKUMEMORY_CHECK_SOURCE@@@std@@@3@$0A@@std@@@std@@IAEXPAU_Node@?$_Tree_nod@V?$_Tmap_traits@KUMEMORY_CHECK_SOURCE@@U?$less@K@std@@V?$allocator@U?$pair@$$CBKUMEMORY_CHECK_SOURCE@@@std@@@3@$0A@@std@@@2@@Z 10009f80 f i SimpleModules.obj
 0001:00008fd0       ?_Rrotate@?$_Tree@V?$_Tmap_traits@KUMEMORY_CHECK_SOURCE@@U?$less@K@std@@V?$allocator@U?$pair@$$CBKUMEMORY_CHECK_SOURCE@@@std@@@3@$0A@@std@@@std@@IAEXPAU_Node@?$_Tree_nod@V?$_Tmap_traits@KUMEMORY_CHECK_SOURCE@@U?$less@K@std@@V?$allocator@U?$pair@$$CBKUMEMORY_CHECK_SOURCE@@@std@@@3@$0A@@std@@@2@@Z 10009fd0 f i SimpleModules.obj
 0001:00009020       ?_Max@?$_Tree_val@V?$_Tmap_traits@KUMEMORY_CHECK_SOURCE@@U?$less@K@std@@V?$allocator@U?$pair@$$CBKUMEMORY_CHECK_SOURCE@@@std@@@3@$0A@@std@@@std@@SAPAU_Node@?$_Tree_nod@V?$_Tmap_traits@KUMEMORY_CHECK_SOURCE@@U?$less@K@std@@V?$allocator@U?$pair@$$CBKUMEMORY_CHECK_SOURCE@@@std@@@3@$0A@@std@@@2@PAU342@@Z 1000a020 f i SimpleModules.obj
 0001:00009040       ?_Erase@?$_Tree@V?$_Tmap_traits@KV?$vector@KV?$allocator@K@std@@@std@@U?$less@K@2@V?$allocator@U?$pair@$$CBKV?$vector@KV?$allocator@K@std@@@std@@@std@@@2@$0A@@std@@@std@@IAEXPAU_Node@?$_Tree_nod@V?$_Tmap_traits@KV?$vector@KV?$allocator@K@std@@@std@@U?$less@K@2@V?$allocator@U?$pair@$$CBKV?$vector@KV?$allocator@K@std@@@std@@@std@@@2@$0A@@std@@@2@@Z 1000a040 f i SimpleModules.obj
 0001:000090a0       ?_Lrotate@?$_Tree@V?$_Tmap_traits@KV?$vector@KV?$allocator@K@std@@@std@@U?$less@K@2@V?$allocator@U?$pair@$$CBKV?$vector@KV?$allocator@K@std@@@std@@@std@@@2@$0A@@std@@@std@@IAEXPAU_Node@?$_Tree_nod@V?$_Tmap_traits@KV?$vector@KV?$allocator@K@std@@@std@@U?$less@K@2@V?$allocator@U?$pair@$$CBKV?$vector@KV?$allocator@K@std@@@std@@@std@@@2@$0A@@std@@@2@@Z 1000a0a0 f i SimpleModules.obj
 0001:00009100       ?_Rrotate@?$_Tree@V?$_Tmap_traits@KV?$vector@KV?$allocator@K@std@@@std@@U?$less@K@2@V?$allocator@U?$pair@$$CBKV?$vector@KV?$allocator@K@std@@@std@@@std@@@2@$0A@@std@@@std@@IAEXPAU_Node@?$_Tree_nod@V?$_Tmap_traits@KV?$vector@KV?$allocator@K@std@@@std@@U?$less@K@2@V?$allocator@U?$pair@$$CBKV?$vector@KV?$allocator@K@std@@@std@@@std@@@2@$0A@@std@@@2@@Z 1000a100 f i SimpleModules.obj
 0001:00009160       ?_Max@?$_Tree_val@V?$_Tmap_traits@KV?$vector@KV?$allocator@K@std@@@std@@U?$less@K@2@V?$allocator@U?$pair@$$CBKV?$vector@KV?$allocator@K@std@@@std@@@std@@@2@$0A@@std@@@std@@SAPAU_Node@?$_Tree_nod@V?$_Tmap_traits@KV?$vector@KV?$allocator@K@std@@@std@@U?$less@K@2@V?$allocator@U?$pair@$$CBKV?$vector@KV?$allocator@K@std@@@std@@@std@@@2@$0A@@std@@@2@PAU342@@Z 1000a160 f i SimpleModules.obj
 0001:00009180       ??E?$_Tree_const_iterator@V?$_Tree_val@V?$_Tmap_traits@KV?$vector@KV?$allocator@K@std@@@std@@U?$less@K@2@V?$allocator@U?$pair@$$CBKV?$vector@KV?$allocator@K@std@@@std@@@std@@@2@$0A@@std@@@std@@@std@@QAEAAV01@XZ 1000a180 f i SimpleModules.obj
 0001:000091d0       ?_Linsert@?$_Tree@V?$_Tmap_traits@KUMEMORY_CHECK_SOURCE@@U?$less@K@std@@V?$allocator@U?$pair@$$CBKUMEMORY_CHECK_SOURCE@@@std@@@3@$0A@@std@@@std@@QAE?AU?$pair@V?$_Tree_iterator@V?$_Tree_val@V?$_Tmap_traits@KUMEMORY_CHECK_SOURCE@@U?$less@K@std@@V?$allocator@U?$pair@$$CBKUMEMORY_CHECK_SOURCE@@@std@@@3@$0A@@std@@@std@@@std@@_N@2@PAU_Node@?$_Tree_nod@V?$_Tmap_traits@KUMEMORY_CHECK_SOURCE@@U?$less@K@std@@V?$allocator@U?$pair@$$CBKUMEMORY_CHECK_SOURCE@@@std@@@3@$0A@@std@@@2@_N@Z 1000a1d0 f i SimpleModules.obj
 0001:000092a0       ?_Linsert@?$_Tree@V?$_Tmap_traits@KV?$vector@KV?$allocator@K@std@@@std@@U?$less@K@2@V?$allocator@U?$pair@$$CBKV?$vector@KV?$allocator@K@std@@@std@@@std@@@2@$0A@@std@@@std@@QAE?AU?$pair@V?$_Tree_iterator@V?$_Tree_val@V?$_Tmap_traits@KV?$vector@KV?$allocator@K@std@@@std@@U?$less@K@2@V?$allocator@U?$pair@$$CBKV?$vector@KV?$allocator@K@std@@@std@@@std@@@2@$0A@@std@@@std@@@std@@_N@2@PAU_Node@?$_Tree_nod@V?$_Tmap_traits@KV?$vector@KV?$allocator@K@std@@@std@@U?$less@K@2@V?$allocator@U?$pair@$$CBKV?$vector@KV?$allocator@K@std@@@std@@@std@@@2@$0A@@std@@@2@_N@Z 1000a2a0 f i SimpleModules.obj
 0001:00009370       ?_Insert@?$_Tree@V?$_Tmap_traits@KUMEMORY_CHECK_SOURCE@@U?$less@K@std@@V?$allocator@U?$pair@$$CBKUMEMORY_CHECK_SOURCE@@@std@@@3@$0A@@std@@@std@@IAE?AV?$_Tree_iterator@V?$_Tree_val@V?$_Tmap_traits@KUMEMORY_CHECK_SOURCE@@U?$less@K@std@@V?$allocator@U?$pair@$$CBKUMEMORY_CHECK_SOURCE@@@std@@@3@$0A@@std@@@std@@@2@_NPAU_Node@?$_Tree_nod@V?$_Tmap_traits@KUMEMORY_CHECK_SOURCE@@U?$less@K@std@@V?$allocator@U?$pair@$$CBKUMEMORY_CHECK_SOURCE@@@std@@@3@$0A@@std@@@2@1@Z 1000a370 f i SimpleModules.obj
 0001:000095a0       ?_Insert@?$_Tree@V?$_Tmap_traits@KV?$vector@KV?$allocator@K@std@@@std@@U?$less@K@2@V?$allocator@U?$pair@$$CBKV?$vector@KV?$allocator@K@std@@@std@@@std@@@2@$0A@@std@@@std@@IAE?AV?$_Tree_iterator@V?$_Tree_val@V?$_Tmap_traits@KV?$vector@KV?$allocator@K@std@@@std@@U?$less@K@2@V?$allocator@U?$pair@$$CBKV?$vector@KV?$allocator@K@std@@@std@@@std@@@2@$0A@@std@@@std@@@2@_NPAU_Node@?$_Tree_nod@V?$_Tmap_traits@KV?$vector@KV?$allocator@K@std@@@std@@U?$less@K@2@V?$allocator@U?$pair@$$CBKV?$vector@KV?$allocator@K@std@@@std@@@std@@@2@$0A@@std@@@2@1@Z 1000a5a0 f i SimpleModules.obj
 0001:000097e0       ??F?$_Tree_unchecked_const_iterator@V?$_Tree_val@V?$_Tmap_traits@KV?$vector@KV?$allocator@K@std@@@std@@U?$less@K@2@V?$allocator@U?$pair@$$CBKV?$vector@KV?$allocator@K@std@@@std@@@std@@@2@$0A@@std@@@std@@U_Iterator_base0@2@@std@@QAEAAV01@XZ 1000a7e0 f i SimpleModules.obj
 0001:00009840       ??F?$_Tree_unchecked_const_iterator@V?$_Tree_val@V?$_Tmap_traits@KUMEMORY_CHECK_SOURCE@@U?$less@K@std@@V?$allocator@U?$pair@$$CBKUMEMORY_CHECK_SOURCE@@@std@@@3@$0A@@std@@@std@@U_Iterator_base0@2@@std@@QAEAAV01@XZ 1000a840 f i SimpleModules.obj
 0001:000098a0       ??$_Buynode@U?$pair@KV?$vector@KV?$allocator@K@std@@@std@@@std@@@?$_Tree_val@V?$_Tmap_traits@KV?$vector@KV?$allocator@K@std@@@std@@U?$less@K@2@V?$allocator@U?$pair@$$CBKV?$vector@KV?$allocator@K@std@@@std@@@std@@@2@$0A@@std@@@std@@QAEPAU_Node@?$_Tree_nod@V?$_Tmap_traits@KV?$vector@KV?$allocator@K@std@@@std@@U?$less@K@2@V?$allocator@U?$pair@$$CBKV?$vector@KV?$allocator@K@std@@@std@@@std@@@2@$0A@@std@@@1@$$QAU?$pair@KV?$vector@KV?$allocator@K@std@@@std@@@1@@Z 1000a8a0 f i SimpleModules.obj
 0001:00009970       ??$_Buynode@U?$pair@KUMEMORY_CHECK_SOURCE@@@std@@@?$_Tree_val@V?$_Tmap_traits@KUMEMORY_CHECK_SOURCE@@U?$less@K@std@@V?$allocator@U?$pair@$$CBKUMEMORY_CHECK_SOURCE@@@std@@@3@$0A@@std@@@std@@QAEPAU_Node@?$_Tree_nod@V?$_Tmap_traits@KUMEMORY_CHECK_SOURCE@@U?$less@K@std@@V?$allocator@U?$pair@$$CBKUMEMORY_CHECK_SOURCE@@@std@@@3@$0A@@std@@@1@$$QAU?$pair@KUMEMORY_CHECK_SOURCE@@@1@@Z 1000a970 f i SimpleModules.obj
 0001:00009a70       ?OnPaint@CSplash@@AAEXPAUHWND__@@@Z 1000aa70 f   SplashScreen.obj
 0001:00009b90       ??_GCSplash@@UAEPAXI@Z     1000ab90 f i SplashScreen.obj
 0001:00009b90       ??_ECSplash@@UAEPAXI@Z     1000ab90 f i  CIL library: CIL module
 0001:00009bd0       ?Start@CSplash@@QAEXHPAUHINSTANCE__@@K_NQADK@Z 1000abd0 f   SplashScreen.obj
 0001:00009cb0       ?RegAndCreateWindow@CSplash@@AAEPAUHWND__@@XZ 1000acb0 f   SplashScreen.obj
 0001:00009da0       ?CloseSplash@CSplash@@QAEHXZ 1000ada0 f   SplashScreen.obj
 0001:00009de0       ?MakeTransparent@CSplash@@AAE_NXZ 1000ade0 f   SplashScreen.obj
 0001:00009e30       ??0CThreadCheck@@QAE@XZ    1000ae30 f   ThreadCheck.obj
 0001:00009ea0       ??_ECThreadCheck@@UAEPAXI@Z 1000aea0 f i  CIL library: CIL module
 0001:00009ea0       ??_GCThreadCheck@@UAEPAXI@Z 1000aea0 f i ThreadCheck.obj
 0001:00009f00       ?CheckThreadState@CThreadCheck@@QAE_NXZ 1000af00 f   ThreadCheck.obj
 0001:00009fb0       ?CheckThreadIntegrity@CThreadCheck@@QAEXXZ 1000afb0 f   ThreadCheck.obj
 0001:0000a020       ?SafeExitProcess@@YAXXZ    1000b020 f   Util.obj
 0001:0000a080       ?DelayMe@@YA_NKK@Z         1000b080 f   Util.obj
 0001:0000a0c0       ?ConvertProcessImageFileNameW@@YA_NPA_W0K@Z 1000b0c0 f   Util.obj
 0001:0000a310       ?ConvertModuleFileName@@YAPADPAD@Z 1000b310 f   Util.obj
 0001:0000a360       ?ConvertModuleFileName@@YAPA_WPA_W@Z 1000b360 f   Util.obj
 0001:0000a3b0       ?SplashThread@@YGKPAVCSplash@@@Z 1000b3b0 f   Util.obj
 0001:0000a450       ?SplashScreen@@YAXPAVCSplash@@H_NQADH@Z 1000b450 f   Util.obj
 0001:0000a600       ?GetHardwareId@@YAPADXZ    1000b600 f   Util.obj
 0001:0000a6c0       ?GetEncryptedString@@YAPADH@Z 1000b6c0 f   Util.obj
 0001:0000a700       ?SetAdminPrivilege@@YA_NPAD@Z 1000b700 f   Util.obj
 0001:0000a7a0       ?replace@?$basic_string@_WU?$char_traits@_W@std@@V?$allocator@_W@2@@std@@QAEAAV12@IIPB_WI@Z 1000b7a0 f i Util.obj
 0001:0000a930       ?find@?$basic_string@_WU?$char_traits@_W@std@@V?$allocator@_W@2@@std@@QBEIPB_WII@Z 1000b930 f i Util.obj
 0001:0000a9f0       ?replace@?$basic_string@_WU?$char_traits@_W@std@@V?$allocator@_W@2@@std@@QAEAAV12@IIABV12@II@Z 1000b9f0 f i Util.obj
 0001:0000ad10       ??1?$basic_string@_WU?$char_traits@_W@std@@V?$allocator@_W@2@@std@@QAE@XZ 1000bd10 f i Util.obj
 0001:0000ad40       ?erase@?$basic_string@_WU?$char_traits@_W@std@@V?$allocator@_W@2@@std@@QAEAAV12@II@Z 1000bd40 f i Util.obj
 0001:0000adc0       ?assign@?$basic_string@_WU?$char_traits@_W@std@@V?$allocator@_W@2@@std@@QAEAAV12@ABV12@II@Z 1000bdc0 f i Util.obj
 0001:0000ae70       ?allocate@?$allocator@_W@std@@QAEPA_WI@Z 1000be70 f i Util.obj
 0001:0000aed0       ?_Copy@?$basic_string@_WU?$char_traits@_W@std@@V?$allocator@_W@2@@std@@QAEXII@Z 1000bed0 f i Util.obj
 0001:0000b050       ?_Grow@?$basic_string@_WU?$char_traits@_W@std@@V?$allocator@_W@2@@std@@QAE_NI_N@Z 1000c050 f i Util.obj
 0001:0000b0a0       ?assign@?$basic_string@_WU?$char_traits@_W@std@@V?$allocator@_W@2@@std@@QAEAAV12@PB_WI@Z 1000c0a0 f i Util.obj
 0001:0000b1b0       ??_GCRegistryCheck@@UAEPAXI@Z 1000c1b0 f i RegistryCheck.obj
 0001:0000b1b0       ??_ECRegistryCheck@@UAEPAXI@Z 1000c1b0 f i  CIL library: CIL module
 0001:0000b1e0       ?Scan@CRegistryCheck@@QAEXXZ 1000c1e0 f   RegistryCheck.obj
 0001:0000b2c0       ??_ECWindowCheck@@UAEPAXI@Z 1000c2c0 f i  CIL library: CIL module
 0001:0000b2c0       ??_GCWindowCheck@@UAEPAXI@Z 1000c2c0 f i WindowCheck.obj
 0001:0000b2f0       ?Scan@CWindowCheck@@QAEXXZ 1000c2f0 f   WindowCheck.obj
 0001:0000b8f0       ?detour_does_code_end_function@@YAHPAE@Z 1000c8f0 f i detours:detours.obj
 0001:0000bb30       ?detour_gen_brk@@YAPAEPAE0@Z 1000cb30 f i detours:detours.obj
 0001:0000bb60       ?detour_gen_jmp_immediate@@YAPAEPAE0@Z 1000cb60 f i detours:detours.obj
 0001:0000bba0       ?detour_is_code_filler@@YAKPAE@Z 1000cba0 f i detours:detours.obj
 0001:0000be00       ?detour_skip_jmp@@YAPAEPAEPAPAX@Z 1000ce00 f i detours:detours.obj
 0001:0000bfa0       _DetourAttach@8            1000cfa0 f   detours:detours.obj
 0001:0000bfc0       _DetourAttachEx@20         1000cfc0 f   detours:detours.obj
 0001:0000c3c0       _DetourCodeFromPointer@8   1000d3c0 f   detours:detours.obj
 0001:0000c3e0       _DetourTransactionAbort@0  1000d3e0 f   detours:detours.obj
 0001:0000c4f0       _DetourTransactionBegin@0  1000d4f0 f   detours:detours.obj
 0001:0000c560       _DetourTransactionCommit@0 1000d560 f   detours:detours.obj
 0001:0000c570       _DetourTransactionCommitEx@4 1000d570 f   detours:detours.obj
 0001:0000c9d0       _DetourUpdateThread@4      1000d9d0 f   detours:detours.obj
 0001:0000ca90       ?CopyBytes@CDetourDis@@IAEPAEPBUCOPYENTRY@1@PAE1@Z 1000da90 f   detours:disasm.obj
 0001:0000cc70       ?CopyBytesPrefix@CDetourDis@@IAEPAEPBUCOPYENTRY@1@PAE1@Z 1000dc70 f   detours:disasm.obj
 0001:0000ccd0       ?CopyBytesJump@CDetourDis@@IAEPAEPBUCOPYENTRY@1@PAE1@Z 1000dcd0 f   detours:disasm.obj
 0001:0000cdf0       ?Invalid@CDetourDis@@IAEPAEPBUCOPYENTRY@1@PAE1@Z 1000ddf0 f   detours:disasm.obj
 0001:0000ce10       ?Copy0F@CDetourDis@@IAEPAEPBUCOPYENTRY@1@PAE1@Z 1000de10 f   detours:disasm.obj
 0001:0000ce70       ?Copy66@CDetourDis@@IAEPAEPBUCOPYENTRY@1@PAE1@Z 1000de70 f   detours:disasm.obj
 0001:0000cea0       ?Copy67@CDetourDis@@IAEPAEPBUCOPYENTRY@1@PAE1@Z 1000dea0 f   detours:disasm.obj
 0001:0000ced0       ?CopyF6@CDetourDis@@IAEPAEPBUCOPYENTRY@1@PAE1@Z 1000ded0 f   detours:disasm.obj
 0001:0000cf40       ?CopyF7@CDetourDis@@IAEPAEPBUCOPYENTRY@1@PAE1@Z 1000df40 f   detours:disasm.obj
 0001:0000cfb0       ?CopyFF@CDetourDis@@IAEPAEPBUCOPYENTRY@1@PAE1@Z 1000dfb0 f   detours:disasm.obj
 0001:0000d090       ??0CDetourDis@@QAE@PAPAEPAJ@Z 1000e090 f   detours:disasm.obj
 0001:0000d120       ?AdjustTarget@CDetourDis@@IAEPAEPAE0JJJ@Z 1000e120 f   detours:disasm.obj
 0001:0000d290       ?CopyInstruction@CDetourDis@@QAEPAEPAE0@Z 1000e290 f   detours:disasm.obj
 0001:0000d2f0       _DetourCopyInstruction@20  1000e2f0 f   detours:disasm.obj
 0001:0000d330       ??_U@YAPAXI@Z              1000e330 f   msvcprt:newaop_s.obj
 0001:0000d33c       ??3@YAXPAX@Z               1000e33c f   MSVCRT:MSVCR100.dll
 0001:0000d342       @__security_check_cookie@4 1000e342 f   MSVCRT:secchk.obj
 0001:0000d351       __onexit                   1000e351 f   MSVCRT:atonexit.obj
 0001:0000d3f2       _atexit                    1000e3f2 f   MSVCRT:atonexit.obj
 0001:0000d409       ??_Etype_info@@UAEPAXI@Z   1000e409 f i MSVCRT:ti_inst.obj
 0001:0000d456       ??2@YAPAXI@Z               1000e456 f   MSVCRT:MSVCR100.dll
 0001:0000d45c       ?what@exception@std@@UBEPBDXZ 1000e45c f   MSVCRT:MSVCR100.dll
 0001:0000d462       ??0exception@std@@QAE@ABV01@@Z 1000e462 f   MSVCRT:MSVCR100.dll
 0001:0000d4b6       __CRT_INIT@12              1000e4b6 f   MSVCRT:crtdll.obj
 0001:0000d7d6       __DllMainCRTStartup@12     1000e7d6 f   MSVCRT:crtdll.obj
 0001:0000d7fa       _memcpy                    1000e7fa f   MSVCRT:MSVCR100.dll
 0001:0000d800       _memset                    1000e800 f   MSVCRT:MSVCR100.dll
 0001:0000d806       __except_handler4          1000e806 f   MSVCRT:chandler4gs.obj
 0001:0000d82b       ___report_gsfailure        1000e82b f   MSVCRT:gs_report.obj
 0001:0000d932       __unlock                   1000e932 f   MSVCRT:MSVCR100.dll
 0001:0000d938       ___dllonexit               1000e938 f   MSVCRT:MSVCR100.dll
 0001:0000d93e       __lock                     1000e93e f   MSVCRT:MSVCR100.dll
 0001:0000d950       __SEH_prolog4              1000e950 f   MSVCRT:sehprolg4.obj
 0001:0000d995       __SEH_epilog4              1000e995 f   MSVCRT:sehprolg4.obj
 0001:0000d9a9       ?__ArrayUnwind@@YGXPAXIHP6EX0@Z@Z 1000e9a9 f   MSVCRT:ehvecdtr.obj
 0001:0000da07       ??_M@YGXPAXIHP6EX0@Z@Z     1000ea07 f   MSVCRT:ehvecdtr.obj
 0001:0000da6a       ___clean_type_info_names   1000ea6a f   MSVCRT:tncleanup.obj
 0001:0000da76       __RTC_Initialize           1000ea76 f   MSVCRT:_initsect_.obj
 0001:0000da9c       __RTC_Terminate            1000ea9c f   MSVCRT:_initsect_.obj
 0001:0000dad0       __ValidateImageBase        1000ead0 f   MSVCRT:pesect.obj
 0001:0000db10       __FindPESection            1000eb10 f   MSVCRT:pesect.obj
 0001:0000db60       __IsNonwritableInCurrentImage 1000eb60 f   MSVCRT:pesect.obj
 0001:0000dc1c       __initterm                 1000ec1c f   MSVCRT:MSVCR100.dll
 0001:0000dc22       __initterm_e               1000ec22 f   MSVCRT:MSVCR100.dll
 0001:0000dc28       __amsg_exit                1000ec28 f   MSVCRT:MSVCR100.dll
 0001:0000dc2e       ___CppXcptFilter           1000ec2e f   MSVCRT:MSVCR100.dll
 0001:0000dc34       ___security_init_cookie    1000ec34 f   MSVCRT:gs_support.obj
 0001:0000dcd0       __except_handler4_common   1000ecd0 f   MSVCRT:MSVCR100.dll
 0001:0000dcd6       __crt_debugger_hook        1000ecd6 f   MSVCRT:MSVCR100.dll
 0001:0000dcdc       ?terminate@@YAXXZ          1000ecdc f   MSVCRT:MSVCR100.dll
 0001:0000dce2       ?_type_info_dtor_internal_method@type_info@@QAEXXZ 1000ece2 f   MSVCRT:MSVCR100.dll
 0001:0000dce2       ??1type_info@@UAE@XZ       1000ece2 f   MSVCRT:MSVCR100.dll
 0001:0000dce8       ___clean_type_info_names_internal 1000ece8 f   MSVCRT:MSVCR100.dll
 0001:0000dcf0       __alloca_probe             1000ecf0     MSVCRT:chkstk.obj
 0001:0000dcf0       __chkstk                   1000ecf0 f   MSVCRT:chkstk.obj
 0001:0000dd1c       __CxxThrowException@8      1000ed1c f   MSVCRT:MSVCR100.dll
 0001:0000dd22       ___CxxFrameHandler3        1000ed22 f   MSVCRT:MSVCR100.dll
 0001:0000dd30       __alldiv                   1000ed30 f   MSVCRT:lldiv.obj
 0001:0000dde0       __allmul                   1000ede0 f   MSVCRT:llmul.obj
 0002:00000000       __imp__AdjustTokenPrivileges@24 10010000     advapi32:ADVAPI32.dll
 0002:00000004       __imp__LookupPrivilegeValueA@12 10010004     advapi32:ADVAPI32.dll
 0002:00000008       __imp__OpenProcessToken@12 10010008     advapi32:ADVAPI32.dll
 0002:0000000c       __imp__RegCloseKey@4       1001000c     advapi32:ADVAPI32.dll
 0002:00000010       __imp__RegQueryValueExA@24 10010010     advapi32:ADVAPI32.dll
 0002:00000014       __imp__RegOpenKeyExA@20    10010014     advapi32:ADVAPI32.dll
 0002:00000018       __imp__RegOpenKeyA@12      10010018     advapi32:ADVAPI32.dll
 0002:0000001c       \177ADVAPI32_NULL_THUNK_DATA 1001001c     advapi32:ADVAPI32.dll
 0002:00000020       __imp__CreateFontA@56      10010020     gdi32:GDI32.dll
 0002:00000024       __imp__SetBkMode@8         10010024     gdi32:GDI32.dll
 0002:00000028       __imp__SetTextColor@8      10010028     gdi32:GDI32.dll
 0002:0000002c       __imp__DeleteObject@4      1001002c     gdi32:GDI32.dll
 0002:00000030       __imp__GetStockObject@4    10010030     gdi32:GDI32.dll
 0002:00000034       __imp__GetObjectA@12       10010034     gdi32:GDI32.dll
 0002:00000038       __imp__RestoreDC@8         10010038     gdi32:GDI32.dll
 0002:0000003c       __imp__SelectObject@8      1001003c     gdi32:GDI32.dll
 0002:00000040       __imp__SaveDC@4            10010040     gdi32:GDI32.dll
 0002:00000044       __imp__DeleteDC@4          10010044     gdi32:GDI32.dll
 0002:00000048       __imp__CreateDIBSection@24 10010048     gdi32:GDI32.dll
 0002:0000004c       __imp__CreateCompatibleDC@4 1001004c     gdi32:GDI32.dll
 0002:00000050       __imp__TextOutA@20         10010050     gdi32:GDI32.dll
 0002:00000054       __imp__BitBlt@36           10010054     gdi32:GDI32.dll
 0002:00000058       __imp__GetDeviceCaps@8     10010058     gdi32:GDI32.dll
 0002:0000005c       \177GDI32_NULL_THUNK_DATA  1001005c     gdi32:GDI32.dll
 0002:00000060       __imp__UnmapViewOfFile@4   10010060     kernel32:KERNEL32.dll
 0002:00000064       __imp__CreateFileW@28      10010064     kernel32:KERNEL32.dll
 0002:00000068       __imp__GetFileInformationByHandle@8 10010068     kernel32:KERNEL32.dll
 0002:0000006c       __imp__CreateFileMappingA@24 1001006c     kernel32:KERNEL32.dll
 0002:00000070       __imp__MapViewOfFile@20    10010070     kernel32:KERNEL32.dll
 0002:00000074       __imp__SetFilePointer@16   10010074     kernel32:KERNEL32.dll
 0002:00000078       __imp__CreateDirectoryA@8  10010078     kernel32:KERNEL32.dll
 0002:0000007c       __imp__GetLocalTime@4      1001007c     kernel32:KERNEL32.dll
 0002:00000080       __imp__GetFullPathNameA@16 10010080     kernel32:KERNEL32.dll
 0002:00000084       __imp__GetCurrentProcessId@0 10010084     kernel32:KERNEL32.dll
 0002:00000088       __imp__CreateMutexA@12     10010088     kernel32:KERNEL32.dll
 0002:0000008c       __imp__OpenMutexA@12       1001008c     kernel32:KERNEL32.dll
 0002:00000090       __imp__VirtualAllocEx@20   10010090     kernel32:KERNEL32.dll
 0002:00000094       __imp__WriteProcessMemory@20 10010094     kernel32:KERNEL32.dll
 0002:00000098       __imp__VirtualFreeEx@16    10010098     kernel32:KERNEL32.dll
 0002:0000009c       __imp__CreateRemoteThread@28 1001009c     kernel32:KERNEL32.dll
 0002:000000a0       __imp__WaitForSingleObject@8 100100a0     kernel32:KERNEL32.dll
 0002:000000a4       __imp__GetCurrentThreadId@0 100100a4     kernel32:KERNEL32.dll
 0002:000000a8       __imp__VirtualQuery@12     100100a8     kernel32:KERNEL32.dll
 0002:000000ac       __imp__HeapFree@12         100100ac     kernel32:KERNEL32.dll
 0002:000000b0       __imp__GetProcessHeap@0    100100b0     kernel32:KERNEL32.dll
 0002:000000b4       __imp__HeapAlloc@12        100100b4     kernel32:KERNEL32.dll
 0002:000000b8       __imp__GetModuleFileNameA@12 100100b8     kernel32:KERNEL32.dll
 0002:000000bc       __imp__LoadLibraryA@4      100100bc     kernel32:KERNEL32.dll
 0002:000000c0       __imp__Sleep@4             100100c0     kernel32:KERNEL32.dll
 0002:000000c4       __imp__GetVersionExA@4     100100c4     kernel32:KERNEL32.dll
 0002:000000c8       __imp__GlobalMemoryStatusEx@4 100100c8     kernel32:KERNEL32.dll
 0002:000000cc       __imp__DeviceIoControl@32  100100cc     kernel32:KERNEL32.dll
 0002:000000d0       __imp__WaitForMultipleObjects@16 100100d0     kernel32:KERNEL32.dll
 0002:000000d4       __imp__GetCurrentProcess@0 100100d4     kernel32:KERNEL32.dll
 0002:000000d8       __imp__TryEnterCriticalSection@4 100100d8     kernel32:KERNEL32.dll
 0002:000000dc       __imp__TerminateProcess@8  100100dc     kernel32:KERNEL32.dll
 0002:000000e0       __imp__VirtualProtect@16   100100e0     kernel32:KERNEL32.dll
 0002:000000e4       __imp__GetLogicalDriveStringsW@8 100100e4     kernel32:KERNEL32.dll
 0002:000000e8       __imp__QueryDosDeviceW@12  100100e8     kernel32:KERNEL32.dll
 0002:000000ec       __imp__SetEvent@4          100100ec     kernel32:KERNEL32.dll
 0002:000000f0       __imp__CreateEventA@16     100100f0     kernel32:KERNEL32.dll
 0002:000000f4       __imp__InterlockedCompareExchange@12 100100f4     kernel32:KERNEL32.dll
 0002:000000f8       __imp__SuspendThread@4     100100f8     kernel32:KERNEL32.dll
 0002:000000fc       __imp__ResumeThread@4      100100fc     kernel32:KERNEL32.dll
 0002:00000100       __imp__GetThreadContext@8  10010100     kernel32:KERNEL32.dll
 0002:00000104       __imp__SetThreadContext@8  10010104     kernel32:KERNEL32.dll
 0002:00000108       __imp__FlushInstructionCache@12 10010108     kernel32:KERNEL32.dll
 0002:0000010c       __imp__VirtualAlloc@16     1001010c     kernel32:KERNEL32.dll
 0002:00000110       __imp__VirtualFree@12      10010110     kernel32:KERNEL32.dll
 0002:00000114       __imp__SetLastError@4      10010114     kernel32:KERNEL32.dll
 0002:00000118       __imp__GetSystemTimeAsFileTime@4 10010118     kernel32:KERNEL32.dll
 0002:0000011c       __imp__IsDebuggerPresent@0 1001011c     kernel32:KERNEL32.dll
 0002:00000120       __imp__SetUnhandledExceptionFilter@4 10010120     kernel32:KERNEL32.dll
 0002:00000124       __imp__UnhandledExceptionFilter@4 10010124     kernel32:KERNEL32.dll
 0002:00000128       __imp__InterlockedExchange@8 10010128     kernel32:KERNEL32.dll
 0002:0000012c       __imp__DecodePointer@4     1001012c     kernel32:KERNEL32.dll
 0002:00000130       __imp__EncodePointer@4     10010130     kernel32:KERNEL32.dll
 0002:00000134       __imp__SetThreadPriority@8 10010134     kernel32:KERNEL32.dll
 0002:00000138       __imp__QueryPerformanceCounter@4 10010138     kernel32:KERNEL32.dll
 0002:0000013c       __imp__QueryPerformanceFrequency@4 1001013c     kernel32:KERNEL32.dll
 0002:00000140       __imp__GetModuleHandleA@4  10010140     kernel32:KERNEL32.dll
 0002:00000144       __imp__GetProcAddress@8    10010144     kernel32:KERNEL32.dll
 0002:00000148       __imp__OpenProcess@12      10010148     kernel32:KERNEL32.dll
 0002:0000014c       __imp__GetTickCount@0      1001014c     kernel32:KERNEL32.dll
 0002:00000150       __imp__DeleteFileA@4       10010150     kernel32:KERNEL32.dll
 0002:00000154       __imp__WriteFile@20        10010154     kernel32:KERNEL32.dll
 0002:00000158       __imp__ReadFile@20         10010158     kernel32:KERNEL32.dll
 0002:0000015c       __imp__GetFileSize@8       1001015c     kernel32:KERNEL32.dll
 0002:00000160       __imp__CreateFileA@28      10010160     kernel32:KERNEL32.dll
 0002:00000164       __imp__GetCurrentThread@0  10010164     kernel32:KERNEL32.dll
 0002:00000168       __imp__OpenFileMappingA@12 10010168     kernel32:KERNEL32.dll
 0002:0000016c       __imp__LeaveCriticalSection@4 1001016c     kernel32:KERNEL32.dll
 0002:00000170       __imp__CreateThread@24     10010170     kernel32:KERNEL32.dll
 0002:00000174       __imp__EnterCriticalSection@4 10010174     kernel32:KERNEL32.dll
 0002:00000178       __imp__DeleteCriticalSection@4 10010178     kernel32:KERNEL32.dll
 0002:0000017c       __imp__InitializeCriticalSection@4 1001017c     kernel32:KERNEL32.dll
 0002:00000180       __imp__CloseHandle@4       10010180     kernel32:KERNEL32.dll
 0002:00000184       __imp__TerminateThread@8   10010184     kernel32:KERNEL32.dll
 0002:00000188       __imp__GetLastError@0      10010188     kernel32:KERNEL32.dll
 0002:0000018c       \177KERNEL32_NULL_THUNK_DATA 1001018c     kernel32:KERNEL32.dll
 0002:00000190       __imp_?_Xout_of_range@std@@YAXPBD@Z 10010190     msvcprt:MSVCP100.dll
 0002:00000194       __imp_?_Xlength_error@std@@YAXPBD@Z 10010194     msvcprt:MSVCP100.dll
 0002:00000198       \177MSVCP100_NULL_THUNK_DATA 10010198     msvcprt:MSVCP100.dll
 0002:0000019c       __imp_??_V@YAXPAX@Z        1001019c     MSVCRT:MSVCR100.dll
 0002:000001a0       __imp__rand                100101a0     MSVCRT:MSVCR100.dll
 0002:000001a4       __imp__memmove             100101a4     MSVCRT:MSVCR100.dll
 0002:000001a8       __imp___wfopen_s           100101a8     MSVCRT:MSVCR100.dll
 0002:000001ac       __imp__free                100101ac     MSVCRT:MSVCR100.dll
 0002:000001b0       __imp__fread               100101b0     MSVCRT:MSVCR100.dll
 0002:000001b4       __imp__fclose              100101b4     MSVCRT:MSVCR100.dll
 0002:000001b8       __imp__malloc              100101b8     MSVCRT:MSVCR100.dll
 0002:000001bc       __imp__fopen_s             100101bc     MSVCRT:MSVCR100.dll
 0002:000001c0       __imp_??3@YAXPAX@Z         100101c0     MSVCRT:MSVCR100.dll
 0002:000001c4       __imp__wcsstr              100101c4     MSVCRT:MSVCR100.dll
 0002:000001c8       __imp_??2@YAPAXI@Z         100101c8     MSVCRT:MSVCR100.dll
 0002:000001cc       __imp__vsprintf_s          100101cc     MSVCRT:MSVCR100.dll
 0002:000001d0       __imp___stricmp            100101d0     MSVCRT:MSVCR100.dll
 0002:000001d4       __imp__wcscpy_s            100101d4     MSVCRT:MSVCR100.dll
 0002:000001d8       __imp__memcpy              100101d8     MSVCRT:MSVCR100.dll
 0002:000001dc       __imp__memset              100101dc     MSVCRT:MSVCR100.dll
 0002:000001e0       __imp___unlock             100101e0     MSVCRT:MSVCR100.dll
 0002:000001e4       __imp____dllonexit         100101e4     MSVCRT:MSVCR100.dll
 0002:000001e8       __imp___lock               100101e8     MSVCRT:MSVCR100.dll
 0002:000001ec       __imp___onexit             100101ec     MSVCRT:MSVCR100.dll
 0002:000001f0       __imp___CxxThrowException@8 100101f0     MSVCRT:MSVCR100.dll
 0002:000001f4       __imp___malloc_crt         100101f4     MSVCRT:MSVCR100.dll
 0002:000001f8       __imp_?what@exception@std@@UBEPBDXZ 100101f8     MSVCRT:MSVCR100.dll
 0002:000001fc       __imp_??1exception@std@@UAE@XZ 100101fc     MSVCRT:MSVCR100.dll
 0002:00000200       __imp_??0exception@std@@QAE@ABQBD@Z 10010200     MSVCRT:MSVCR100.dll
 0002:00000204       __imp__strcpy_s            10010204     MSVCRT:MSVCR100.dll
 0002:00000208       __imp____CxxFrameHandler3  10010208     MSVCRT:MSVCR100.dll
 0002:0000020c       __imp___encoded_null       1001020c     MSVCRT:MSVCR100.dll
 0002:00000210       __imp___initterm           10010210     MSVCRT:MSVCR100.dll
 0002:00000214       __imp___initterm_e         10010214     MSVCRT:MSVCR100.dll
 0002:00000218       __imp___amsg_exit          10010218     MSVCRT:MSVCR100.dll
 0002:0000021c       __imp____CppXcptFilter     1001021c     MSVCRT:MSVCR100.dll
 0002:00000220       __imp___except_handler4_common 10010220     MSVCRT:MSVCR100.dll
 0002:00000224       __imp___crt_debugger_hook  10010224     MSVCRT:MSVCR100.dll
 0002:00000228       __imp_?terminate@@YAXXZ    10010228     MSVCRT:MSVCR100.dll
 0002:0000022c       __imp____clean_type_info_names_internal 1001022c     MSVCRT:MSVCR100.dll
 0002:00000230       __imp_?_type_info_dtor_internal_method@type_info@@QAEXXZ 10010230     MSVCRT:MSVCR100.dll
 0002:00000234       __imp_??0exception@std@@QAE@ABV01@@Z 10010234     MSVCRT:MSVCR100.dll
 0002:00000238       \177MSVCR100_NULL_THUNK_DATA 10010238     MSVCRT:MSVCR100.dll
 0002:0000023c       __imp__GetModuleInformation@16 1001023c     Psapi:PSAPI.DLL
 0002:00000240       __imp__GetModuleFileNameExA@16 10010240     Psapi:PSAPI.DLL
 0002:00000244       __imp__EnumProcessModules@16 10010244     Psapi:PSAPI.DLL
 0002:00000248       __imp__EnumProcesses@12    10010248     Psapi:PSAPI.DLL
 0002:0000024c       __imp__GetProcessImageFileNameW@12 1001024c     Psapi:PSAPI.DLL
 0002:00000250       \177PSAPI_NULL_THUNK_DATA  10010250     Psapi:PSAPI.DLL
 0002:00000254       __imp__SHDeleteKeyA@8      10010254     shlwapi:SHLWAPI.dll
 0002:00000258       __imp__PathRemoveFileSpecW@4 10010258     shlwapi:SHLWAPI.dll
 0002:0000025c       \177SHLWAPI_NULL_THUNK_DATA 1001025c     shlwapi:SHLWAPI.dll
 0002:00000260       __imp__UnhookWindowsHookEx@4 10010260     user32:USER32.dll
 0002:00000264       __imp__CallNextHookEx@16   10010264     user32:USER32.dll
 0002:00000268       __imp__GetDesktopWindow@0  10010268     user32:USER32.dll
 0002:0000026c       __imp__GetWindowRect@8     1001026c     user32:USER32.dll
 0002:00000270       __imp__wsprintfA           10010270     user32:USER32.dll
 0002:00000274       __imp__GetDC@4             10010274     user32:USER32.dll
 0002:00000278       __imp__FindWindowExA@16    10010278     user32:USER32.dll
 0002:0000027c       __imp__ReleaseDC@8         1001027c     user32:USER32.dll
 0002:00000280       __imp__DefWindowProcA@16   10010280     user32:USER32.dll
 0002:00000284       __imp__PostQuitMessage@4   10010284     user32:USER32.dll
 0002:00000288       __imp__BeginPaint@8        10010288     user32:USER32.dll
 0002:0000028c       __imp__GetWindowDC@4       1001028c     user32:USER32.dll
 0002:00000290       __imp__wsprintfW           10010290     user32:USER32.dll
 0002:00000294       __imp__GetForegroundWindow@0 10010294     user32:USER32.dll
 0002:00000298       __imp__SetWindowsHookExA@16 10010298     user32:USER32.dll
 0002:0000029c       __imp__GetMessageA@16      1001029c     user32:USER32.dll
 0002:000002a0       __imp__TranslateMessage@4  100102a0     user32:USER32.dll
 0002:000002a4       __imp__GetClientRect@8     100102a4     user32:USER32.dll
 0002:000002a8       __imp__EndPaint@8          100102a8     user32:USER32.dll
 0002:000002ac       __imp__LoadImageA@24       100102ac     user32:USER32.dll
 0002:000002b0       __imp__LoadCursorA@8       100102b0     user32:USER32.dll
 0002:000002b4       __imp__RegisterClassExA@4  100102b4     user32:USER32.dll
 0002:000002b8       __imp__GetSystemMetrics@4  100102b8     user32:USER32.dll
 0002:000002bc       __imp__CreateWindowExA@48  100102bc     user32:USER32.dll
 0002:000002c0       __imp__ShowWindow@8        100102c0     user32:USER32.dll
 0002:000002c4       __imp__UpdateWindow@4      100102c4     user32:USER32.dll
 0002:000002c8       __imp__SendMessageA@16     100102c8     user32:USER32.dll
 0002:000002cc       __imp__UnregisterClassA@8  100102cc     user32:USER32.dll
 0002:000002d0       __imp__SetWindowLongA@12   100102d0     user32:USER32.dll
 0002:000002d4       __imp__GetWindowLongA@8    100102d4     user32:USER32.dll
 0002:000002d8       __imp__GetWindowThreadProcessId@8 100102d8     user32:USER32.dll
 0002:000002dc       __imp__DispatchMessageA@4  100102dc     user32:USER32.dll
 0002:000002e0       \177USER32_NULL_THUNK_DATA 100102e0     user32:USER32.dll
 0002:000002e4       __imp__WSACreateEvent@0    100102e4     ws2_32:WS2_32.dll
 0002:000002e8       __imp__WSAStartup@8        100102e8     ws2_32:WS2_32.dll
 0002:000002ec       __imp__ntohs@4             100102ec     ws2_32:WS2_32.dll
 0002:000002f0       __imp__getpeername@12      100102f0     ws2_32:WS2_32.dll
 0002:000002f4       __imp__WSAEnumNetworkEvents@12 100102f4     ws2_32:WS2_32.dll
 0002:000002f8       __imp__send@16             100102f8     ws2_32:WS2_32.dll
 0002:000002fc       __imp__recv@16             100102fc     ws2_32:WS2_32.dll
 0002:00000300       __imp__WSACloseEvent@4     10010300     ws2_32:WS2_32.dll
 0002:00000304       __imp__closesocket@4       10010304     ws2_32:WS2_32.dll
 0002:00000308       __imp__WSAEventSelect@12   10010308     ws2_32:WS2_32.dll
 0002:0000030c       __imp__WSAGetLastError@0   1001030c     ws2_32:WS2_32.dll
 0002:00000310       __imp__connect@12          10010310     ws2_32:WS2_32.dll
 0002:00000314       __imp__gethostbyname@4     10010314     ws2_32:WS2_32.dll
 0002:00000318       __imp__inet_addr@4         10010318     ws2_32:WS2_32.dll
 0002:0000031c       __imp__htons@4             1001031c     ws2_32:WS2_32.dll
 0002:00000320       __imp__WSAWaitForMultipleEvents@20 10010320     ws2_32:WS2_32.dll
 0002:00000324       __imp__socket@12           10010324     ws2_32:WS2_32.dll
 0002:00000328       \177WS2_32_NULL_THUNK_DATA 10010328     ws2_32:WS2_32.dll
 0002:0000032c       __imp__ImageRvaToSection@12 1001032c     Dbghelp:dbghelp.dll
 0002:00000330       \177dbghelp_NULL_THUNK_DATA 10010330     Dbghelp:dbghelp.dll
 0002:00000334       __imp__GdiplusShutdown@4   10010334     gdiplus:gdiplus.dll
 0002:00000338       __imp__GdiplusStartup@12   10010338     gdiplus:gdiplus.dll
 0002:0000033c       __imp__GdipSaveImageToStream@16 1001033c     gdiplus:gdiplus.dll
 0002:00000340       __imp__GdipDisposeImage@4  10010340     gdiplus:gdiplus.dll
 0002:00000344       __imp__GdipCloneImage@8    10010344     gdiplus:gdiplus.dll
 0002:00000348       __imp__GdipFree@4          10010348     gdiplus:gdiplus.dll
 0002:0000034c       __imp__GdipAlloc@4         1001034c     gdiplus:gdiplus.dll
 0002:00000350       __imp__GdipGetImageEncoders@12 10010350     gdiplus:gdiplus.dll
 0002:00000354       __imp__GdipGetImageEncodersSize@8 10010354     gdiplus:gdiplus.dll
 0002:00000358       __imp__GdipCreateBitmapFromHBITMAP@12 10010358     gdiplus:gdiplus.dll
 0002:0000035c       \177gdiplus_NULL_THUNK_DATA 1001035c     gdiplus:gdiplus.dll
 0002:00000360       __imp__CreateStreamOnHGlobal@12 10010360     ole32:ole32.dll
 0002:00000364       \177ole32_NULL_THUNK_DATA  10010364     ole32:ole32.dll
 0002:00000368       ___xc_a                    10010368     MSVCRT:cinitexe.obj
 0002:000003c4       ___xc_z                    100103c4     MSVCRT:cinitexe.obj
 0002:000003c8       ___xi_a                    100103c8     MSVCRT:cinitexe.obj
 0002:000003d0       ___xi_z                    100103d0     MSVCRT:cinitexe.obj
 0002:00000400       ?s_rceCopyTable@CDetourDis@@1QBUCOPYENTRY@1@B 10010400     detours:disasm.obj
 0002:00000c08       ?s_rceCopyTable0F@CDetourDis@@1QBUCOPYENTRY@1@B 10010c08     detours:disasm.obj
 0002:00001410       ?s_rbModRm@CDetourDis@@1QBEB 10011410     detours:disasm.obj
 0002:00001510       _EncoderQuality            10011510     gdiplus:imagingguds.obj
 0002:00001524       ??_7type_info@@6B@         10011524     MSVCRT:ti_inst.obj
 0002:00001528       __pDefaultRawDllMain       10011528     MSVCRT:crtdll.obj
 0002:00001528       __pRawDllMain              10011528     MSVCRT:crtdll.obj
 0002:00001534       ??_C@_02JDPG@rb?$AA@       10011534     CCRC32.obj
 0002:00001538       ??_C@_15JJPIMNBO@?$AAr?$AAb?$AA?$AA@ 10011538     CCRC32.obj
 0002:00001544       ??_7CConnection@@6B@       10011544     Connection.obj
 0002:0000154c       ??_7CCriticalSection@@6B@  1001154c     CriticalSection.obj
 0002:00001554       ??_7CFileCheck@@6B@        10011554     FileCheck.obj
 0002:0000155c       ??_7CFileMappingCheck@@6B@ 1001155c     FileMappingCheck.obj
 0002:00004778       ??_C@_0N@FCEKACFK@Data?2t?$CFd?4bmd?$AA@ 10014778     FileProtect.obj
 0002:0000478c       ??_7CFileProtect@@6B@      1001478c     FileProtect.obj
 0002:00004790       ??_C@_00CNPNBAHC@?$AA@     10014790     FileProtect.obj
 0002:00004794       ??_C@_07ENPLOGEN@PREMIUM?$AA@ 10014794     HackServerProtocol.obj
 0002:0000479c       ??_C@_02KPKOKMHB@?$CFS?$AA@ 1001479c     HackServerProtocol.obj
 0002:000047a0       ??_C@_0BD@OLBABOEK@vector?$DMT?$DO?5too?5long?$AA@ 100147a0     HackServerProtocol.obj
 0002:000047b8       ??_7bad_alloc@std@@6B@     100147b8     HackServerProtocol.obj
 0002:000047c0       ??_C@_1M@JFJGHJKD@?$AA?$CF?$AAs?$AA?2?$AA?$CF?$AAS?$AA?$AA@ 100147c0     LibraryCheck.obj
 0002:000047cc       ??_C@_1BG@JAJJGPFP@?$AA?3?$AA?2?$AAW?$AAi?$AAn?$AAd?$AAo?$AAw?$AAs?$AA?2?$AA?$AA@ 100147cc     LibraryCheck.obj
 0002:000047e4       ??_C@_1BM@DLOBNGED@?$AA?3?$AA?2?$AAS?$AAy?$AAs?$AAt?$AAe?$AAm?$AAR?$AAo?$AAo?$AAt?$AA?2?$AA?$AA@ 100147e4     LibraryCheck.obj
 0002:00004800       ??_C@_1BG@MINPLFIK@?$AA?2?$AAS?$AAy?$AAs?$AAt?$AAe?$AAm?$AA3?$AA2?$AA?2?$AA?$AA@ 10014800     LibraryCheck.obj
 0002:0000481c       ??_7CLibraryCheck@@6B@     1001481c     LibraryCheck.obj
 0002:00004820       ??_C@_04IFMDBHHF@recv?$AA@ 10014820     HackCheck.obj
 0002:00004828       ??_C@_0L@MGELEPKG@Ws2_32?4dll?$AA@ 10014828     HackCheck.obj
 0002:00004834       ??_C@_04MIIPNNEF@send?$AA@ 10014834     HackCheck.obj
 0002:0000483c       ??_C@_0N@JOMACIEF@GetTickCount?$AA@ 1001483c     HackCheck.obj
 0002:0000484c       ??_C@_0N@HAOHNMDE@Kernel32?4dll?$AA@ 1001484c     HackCheck.obj
 0002:0000485c       ??_C@_04IOBBKNGP@Logs?$AA@ 1001485c     HackClient.obj
 0002:00004864       ??_C@_0L@DHAMOFOF@ah?4supremo?$AA@ 10014864     HackClient.obj
 0002:00004870       ??_C@_0BB@ICFLKOPM@SeDebugPrivilege?$AA@ 10014870     HackClient.obj
 0002:00004888       ??_7CListManager@@6B@      10014888     ListManager.obj
 0002:00004890       ??_7CDumpCheck@@6B@        10014890     DumpCheck.obj
 0002:00004898       ??_7CExecutableCheck@@6B@  10014898     ExecutableCheck.obj
 0002:0000489c       ??_C@_0BI@IBOEJGPN@?4?2?$CFs?2?$CF04d?9?$CF02d?9?$CF02d?4log?$AA@ 1001489c     Log.obj
 0002:000048b4       ??_C@_0BE@KLKJJEKO@?$CF02d?3?$CF02d?3?$CF02d?5?$CFs?$AN?6?$AA@ 100148b4     Log.obj
 0002:000048cc       ??_7CLog@@6B@              100148cc     Log.obj
 0002:000048d4       ??_7CMacroCheck@@6B@       100148d4     MacroCheck.obj
 0002:000048d8       ??_C@_0BK@NPGKKEGH@SOFTWARE?2Webzen?2Mu?2Config?$AA@ 100148d8     Message.obj
 0002:000048f4       ??_C@_0O@EIBFLJMC@LangSelection?$AA@ 100148f4     Message.obj
 0002:00004904       ??_C@_03BKIEJDKG@Eng?$AA@  10014904     Message.obj
 0002:00004908       ??_C@_0BJ@COAEGOIF@Message?5?$CFd?5out?5of?5bound?$CB?$AA@ 10014908     Message.obj
 0002:00004924       ??_C@_0BL@JJIHFLBC@Could?5not?5find?5message?5?$CFd?$CB?$AA@ 10014924     Message.obj
 0002:00004940       ??_C@_03ELDELICI@Por?$AA@  10014940     Message.obj
 0002:00004944       ??_C@_03KIIMKONG@Spn?$AA@  10014944     Message.obj
 0002:0000494c       ??_7CMessage@@6B@          1001494c     Message.obj
 0002:00004954       ??_7CProcessCheck@@6B@     10014954     ProcessCheck.obj
 0002:00004958       ??_C@_08GLHIOHPG@?$CDPMBL?$CFd?$CD?$AA@ 10014958     ProcessManager.obj
 0002:00004964       ??_C@_0L@HOFGLFDL@LdrLoadDll?$AA@ 10014964     ProcessManager.obj
 0002:00004970       ??_C@_09FLKFJBLM@ntdll?4dll?$AA@ 10014970     ProcessManager.obj
 0002:0000497c       ??_C@_0N@LOMLCOFC@LoadLibraryA?$AA@ 1001497c     ProcessManager.obj
 0002:0000498c       ??_C@_0N@KCFDJLIF@LoadLibraryW?$AA@ 1001498c     ProcessManager.obj
 0002:0000499c       ??_C@_0BM@PAPJHAGI@invalid?5map?1set?$DMT?$DO?5iterator?$AA@ 1001499c     ProcessManager.obj
 0002:000049b8       ??_C@_0BE@JONHPENG@map?1set?$DMT?$DO?5too?5long?$AA@ 100149b8     ProcessManager.obj
 0002:000049d0       ??_7CProcessManager@@6B@   100149d0     ProcessManager.obj
 0002:000049d4       ??_C@_0N@MDJJJHMB@kernel32?4dll?$AA@ 100149d4     ProcessManager.obj
 0002:000049e8       ??_7CProcessQuery@@6B@     100149e8     ProcessQuery.obj
 0002:000049ec       ??_C@_09HLPJBAJP@EntryProc?$AA@ 100149ec     Protect.obj
 0002:000049fc       ??_7CProtect@@6B@          100149fc     Protect.obj
 0002:00004a00       ??_C@_1BG@BIJOLBJP@?$AAi?$AAm?$AAa?$AAg?$AAe?$AA?1?$AAj?$AAp?$AAe?$AAg?$AA?$AA@ 10014a00     ScreenCapture.obj
 0002:00004a18       ??_C@_0CI@HJGPEMOK@SOMETHING?5WENT?5WRONG?4?5Terrible?5s@ 10014a18     ScreenCapture.obj
 0002:00004a44       ??_7CScreenCapture@@6B@    10014a44     ScreenCapture.obj
 0002:00004a4c       ??_7Bitmap@Gdiplus@@6B@    10014a4c     ScreenCapture.obj
 0002:00004a58       ??_7Image@Gdiplus@@6B@     10014a58     ScreenCapture.obj
 0002:00004a60       ??_C@_0GF@LJAHMDGJ@?9?9?9?9?9?9?9?9?9?9?9?9?9?9?9?9?9?9?9?9?9?9?9?9?9?9?9?9?9?9?9?9@ 10014a60     SimpleModules.obj
 0002:00004ac8       ??_C@_0BE@JBDFGGOO@?2?2?4?2PhysicalDrive?$CFd?$AA@ 10014ac8     SimpleModules.obj
 0002:00004adc       ??_C@_0BJ@NDLOPGCH@NtQuerySystemInformation?$AA@ 10014adc     SimpleModules.obj
 0002:00004af8       ??_C@_09BEPIJCGM@Ntdll?4dll?$AA@ 10014af8     SimpleModules.obj
 0002:00004b04       ??_C@_0M@MMCMKPDL@OpenProcess?$AA@ 10014b04     SimpleModules.obj
 0002:00004b10       ??_C@_0M@LPAKIOHO@ExitProcess?$AA@ 10014b10     SimpleModules.obj
 0002:00004b1c       ??_C@_0BB@LOFPKPFA@TerminateProcess?$AA@ 10014b1c     SimpleModules.obj
 0002:00004b30       ??_C@_0N@OGAMMJPI@CreateThread?$AA@ 10014b30     SimpleModules.obj
 0002:00004b40       ??_C@_0BI@LFICGGHO@QueryPerformanceCounter?$AA@ 10014b40     SimpleModules.obj
 0002:00004b58       ??_C@_0BK@CGBJBKLN@QueryPerformanceFrequency?$AA@ 10014b58     SimpleModules.obj
 0002:00004b74       ??_C@_0O@FEPJHLEJ@ZwOpenProcess?$AA@ 10014b74     SimpleModules.obj
 0002:00004b84       ??_C@_0BD@KGKBMFPI@ZwTerminateProcess?$AA@ 10014b84     SimpleModules.obj
 0002:00004b98       ??_C@_0BB@GHGADOJ@ZwSuspendProcess?$AA@ 10014b98     SimpleModules.obj
 0002:00004bac       ??_C@_0BA@OACJPDII@ZwSuspendThread?$AA@ 10014bac     SimpleModules.obj
 0002:00004bbc       ??_C@_0BP@CNNJKHJE@Local?2HACK_VERIFY_FILE_MAPPING?$AA@ 10014bbc     SimpleModules.obj
 0002:00004bdc       ??_C@_08MHLNLIMN@Segoe?5UI?$AA@ 10014bdc     SplashScreen.obj
 0002:00004be8       ??_C@_06JENBAEKI@SPLASH?$AA@ 10014be8     SplashScreen.obj
 0002:00004bf0       ??_C@_0L@NDEGIDAG@USER32?4DLL?$AA@ 10014bf0     SplashScreen.obj
 0002:00004bfc       ??_C@_0BL@DALDAJFK@SetLayeredWindowAttributes?$AA@ 10014bfc     SplashScreen.obj
 0002:00004c18       ??_C@_06NMEBMDIN@Banner?$AA@ 10014c18     SplashScreen.obj
 0002:00004c24       ??_7CSplash@@6B@           10014c24     SplashScreen.obj
 0002:00004c2c       ??_7CThreadCheck@@6B@      10014c2c     ThreadCheck.obj
 0002:00004c30       ??_C@_15NGAHEDKP@?$AA?5?$AA?3?$AA?$AA@ 10014c30     Util.obj
 0002:00004c38       ??_C@_01KDCPPGHE@r?$AA@    10014c38     Util.obj
 0002:00004c3c       ??_C@_13BPINEIPE@?$AAr?$AA?$AA@ 10014c3c     Util.obj
 0002:00004c40       ??_C@_0BE@MDLILHLJ@?$CF08X?9?$CF08X?9?$CF08X?9?$CF08X?$AA@ 10014c40     Util.obj
 0002:00004c54       ??_C@_0BI@CFPLBAOH@invalid?5string?5position?$AA@ 10014c54     Util.obj
 0002:00004c6c       ??_C@_0BA@JFNIOLAK@string?5too?5long?$AA@ 10014c6c     Util.obj
 0002:00004c80       ??_7CRegistryCheck@@6B@    10014c80     RegistryCheck.obj
 0002:00004c88       ??_7CWindowCheck@@6B@      10014c88     WindowCheck.obj
 0002:00004c90       __load_config_used         10014c90     MSVCRT:loadcfg.obj
 0002:00004d38       ??_R4type_info@@6B@        10014d38     MSVCRT:ti_inst.obj
 0002:00004d4c       ??_R3type_info@@8          10014d4c     MSVCRT:ti_inst.obj
 0002:00004d5c       ??_R2type_info@@8          10014d5c     MSVCRT:ti_inst.obj
 0002:00004d64       ??_R1A@?0A@EA@type_info@@8 10014d64     MSVCRT:ti_inst.obj
 0002:00004d80       ??_R4CConnection@@6B@      10014d80     Connection.obj
 0002:00004d94       ??_R3CConnection@@8        10014d94     Connection.obj
 0002:00004da4       ??_R2CConnection@@8        10014da4     Connection.obj
 0002:00004dac       ??_R1A@?0A@EA@CConnection@@8 10014dac     Connection.obj
 0002:00004dc8       ??_R4CCriticalSection@@6B@ 10014dc8     CriticalSection.obj
 0002:00004ddc       ??_R3CCriticalSection@@8   10014ddc     CriticalSection.obj
 0002:00004dec       ??_R2CCriticalSection@@8   10014dec     CriticalSection.obj
 0002:00004df4       ??_R1A@?0A@EA@CCriticalSection@@8 10014df4     CriticalSection.obj
 0002:00004e10       ??_R4CFileCheck@@6B@       10014e10     FileCheck.obj
 0002:00004e24       ??_R3CFileCheck@@8         10014e24     FileCheck.obj
 0002:00004e34       ??_R2CFileCheck@@8         10014e34     FileCheck.obj
 0002:00004e3c       ??_R1A@?0A@EA@CFileCheck@@8 10014e3c     FileCheck.obj
 0002:00004e58       ??_R4CFileMappingCheck@@6B@ 10014e58     FileMappingCheck.obj
 0002:00004e6c       ??_R3CFileMappingCheck@@8  10014e6c     FileMappingCheck.obj
 0002:00004e7c       ??_R2CFileMappingCheck@@8  10014e7c     FileMappingCheck.obj
 0002:00004e84       ??_R1A@?0A@EA@CFileMappingCheck@@8 10014e84     FileMappingCheck.obj
 0002:00004ea0       ??_R4CFileProtect@@6B@     10014ea0     FileProtect.obj
 0002:00004eb4       ??_R3CFileProtect@@8       10014eb4     FileProtect.obj
 0002:00004ec4       ??_R2CFileProtect@@8       10014ec4     FileProtect.obj
 0002:00004ecc       ??_R1A@?0A@EA@CFileProtect@@8 10014ecc     FileProtect.obj
 0002:00004ee8       ??_R4bad_alloc@std@@6B@    10014ee8     HackServerProtocol.obj
 0002:00004efc       ??_R3bad_alloc@std@@8      10014efc     HackServerProtocol.obj
 0002:00004f0c       ??_R2bad_alloc@std@@8      10014f0c     HackServerProtocol.obj
 0002:00004f18       ??_R1A@?0A@EA@exception@std@@8 10014f18     HackServerProtocol.obj
 0002:00004f34       ??_R3exception@std@@8      10014f34     HackServerProtocol.obj
 0002:00004f44       ??_R2exception@std@@8      10014f44     HackServerProtocol.obj
 0002:00004f4c       ??_R1A@?0A@EA@bad_alloc@std@@8 10014f4c     HackServerProtocol.obj
 0002:00004f68       ??_R4CLibraryCheck@@6B@    10014f68     LibraryCheck.obj
 0002:00004f7c       ??_R3CLibraryCheck@@8      10014f7c     LibraryCheck.obj
 0002:00004f8c       ??_R2CLibraryCheck@@8      10014f8c     LibraryCheck.obj
 0002:00004f94       ??_R1A@?0A@EA@CLibraryCheck@@8 10014f94     LibraryCheck.obj
 0002:00004fb0       ??_R4CListManager@@6B@     10014fb0     ListManager.obj
 0002:00004fc4       ??_R3CListManager@@8       10014fc4     ListManager.obj
 0002:00004fd4       ??_R2CListManager@@8       10014fd4     ListManager.obj
 0002:00004fdc       ??_R1A@?0A@EA@CListManager@@8 10014fdc     ListManager.obj
 0002:00004ff8       ??_R4CDumpCheck@@6B@       10014ff8     DumpCheck.obj
 0002:0000500c       ??_R3CDumpCheck@@8         1001500c     DumpCheck.obj
 0002:0000501c       ??_R2CDumpCheck@@8         1001501c     DumpCheck.obj
 0002:00005024       ??_R1A@?0A@EA@CDumpCheck@@8 10015024     DumpCheck.obj
 0002:00005040       ??_R4CExecutableCheck@@6B@ 10015040     ExecutableCheck.obj
 0002:00005054       ??_R3CExecutableCheck@@8   10015054     ExecutableCheck.obj
 0002:00005064       ??_R2CExecutableCheck@@8   10015064     ExecutableCheck.obj
 0002:0000506c       ??_R1A@?0A@EA@CExecutableCheck@@8 1001506c     ExecutableCheck.obj
 0002:00005088       ??_R4CLog@@6B@             10015088     Log.obj
 0002:0000509c       ??_R3CLog@@8               1001509c     Log.obj
 0002:000050ac       ??_R2CLog@@8               100150ac     Log.obj
 0002:000050b4       ??_R1A@?0A@EA@CLog@@8      100150b4     Log.obj
 0002:000050d0       ??_R4CMacroCheck@@6B@      100150d0     MacroCheck.obj
 0002:000050e4       ??_R3CMacroCheck@@8        100150e4     MacroCheck.obj
 0002:000050f4       ??_R2CMacroCheck@@8        100150f4     MacroCheck.obj
 0002:000050fc       ??_R1A@?0A@EA@CMacroCheck@@8 100150fc     MacroCheck.obj
 0002:00005118       ??_R4CMessage@@6B@         10015118     Message.obj
 0002:0000512c       ??_R3CMessage@@8           1001512c     Message.obj
 0002:0000513c       ??_R2CMessage@@8           1001513c     Message.obj
 0002:00005144       ??_R1A@?0A@EA@CMessage@@8  10015144     Message.obj
 0002:00005160       ??_R4CProcessCheck@@6B@    10015160     ProcessCheck.obj
 0002:00005174       ??_R3CProcessCheck@@8      10015174     ProcessCheck.obj
 0002:00005184       ??_R2CProcessCheck@@8      10015184     ProcessCheck.obj
 0002:0000518c       ??_R1A@?0A@EA@CProcessCheck@@8 1001518c     ProcessCheck.obj
 0002:000051a8       ??_R4CProcessManager@@6B@  100151a8     ProcessManager.obj
 0002:000051bc       ??_R3CProcessManager@@8    100151bc     ProcessManager.obj
 0002:000051cc       ??_R2CProcessManager@@8    100151cc     ProcessManager.obj
 0002:000051d4       ??_R1A@?0A@EA@CProcessManager@@8 100151d4     ProcessManager.obj
 0002:000051f0       ??_R4CProcessQuery@@6B@    100151f0     ProcessQuery.obj
 0002:00005204       ??_R3CProcessQuery@@8      10015204     ProcessQuery.obj
 0002:00005214       ??_R2CProcessQuery@@8      10015214     ProcessQuery.obj
 0002:0000521c       ??_R1A@?0A@EA@CProcessQuery@@8 1001521c     ProcessQuery.obj
 0002:00005238       ??_R4CProtect@@6B@         10015238     Protect.obj
 0002:0000524c       ??_R3CProtect@@8           1001524c     Protect.obj
 0002:0000525c       ??_R2CProtect@@8           1001525c     Protect.obj
 0002:00005264       ??_R1A@?0A@EA@CProtect@@8  10015264     Protect.obj
 0002:00005280       ??_R4Image@Gdiplus@@6B@    10015280     ScreenCapture.obj
 0002:00005294       ??_R4Bitmap@Gdiplus@@6B@   10015294     ScreenCapture.obj
 0002:000052a8       ??_R3Bitmap@Gdiplus@@8     100152a8     ScreenCapture.obj
 0002:000052b8       ??_R2Bitmap@Gdiplus@@8     100152b8     ScreenCapture.obj
 0002:000052c8       ??_R1A@?0A@EA@Image@Gdiplus@@8 100152c8     ScreenCapture.obj
 0002:000052e4       ??_R3Image@Gdiplus@@8      100152e4     ScreenCapture.obj
 0002:000052f4       ??_R2Image@Gdiplus@@8      100152f4     ScreenCapture.obj
[...]
 0003:000001cc       ??_R0?AVCProcessManager@@@8 100171cc     ProcessManager.obj
 0003:000001ec       ??_R0?AVCProcessQuery@@@8  100171ec     ProcessQuery.obj
 0003:00000208       ??_R0?AVCProtect@@@8       10017208     Protect.obj
 0003:00000220       ??_R0?AVGdiplusBase@Gdiplus@@@8 10017220     ScreenCapture.obj
 0003:00000244       ??_R0?AVImage@Gdiplus@@@8  10017244     ScreenCapture.obj
 0003:00000260       ??_R0?AVBitmap@Gdiplus@@@8 10017260     ScreenCapture.obj
 0003:00000280       ??_R0?AVCScreenCapture@@@8 10017280     ScreenCapture.obj
 0003:000002a0       ??_R0?AVCSplash@@@8        100172a0     SplashScreen.obj
 0003:000002b8       ??_R0?AVCThreadCheck@@@8   100172b8     ThreadCheck.obj
 0003:000002d4       ??_R0?AVCRegistryCheck@@@8 100172d4     RegistryCheck.obj
 0003:000002f4       ??_R0?AVCWindowCheck@@@8   100172f4     WindowCheck.obj
 0003:00000310       ?gConnection@@3VCConnection@@A 10017310     Connection.obj
 0003:0010034c       ?gFileCheck@@3VCFileCheck@@A 1011734c     FileCheck.obj
 0003:00100354       ?gFileMappingCheck@@3VCFileMappingCheck@@A 10117354     FileMappingCheck.obj
 0003:00100358       ?gFileProtect@@3VCFileProtect@@A 10117358     FileProtect.obj
 0003:0010046c       ?gLibraryCheck@@3VCLibraryCheck@@A 1011746c     LibraryCheck.obj
 0003:00100470       ?gListManager@@3VCListManager@@A 10117470     ListManager.obj
 0003:001004b4       ?gDumpCheck@@3VCDumpCheck@@A 101174b4     DumpCheck.obj
 0003:001004b8       ?gExecutableCheck@@3VCExecutableCheck@@A 101174b8     ExecutableCheck.obj
 0003:001004c0       ?gLog@@3VCLog@@A           101174c0     Log.obj
 0003:001006dc       ?gMacroCheck@@3VCMacroCheck@@A 101176dc     MacroCheck.obj
 0003:001006f8       ?gProcessCheck@@3VCProcessCheck@@A 101176f8     ProcessCheck.obj
 0003:00100700       ?gProtect@@3VCProtect@@A   10117700     Protect.obj
 0003:00105530       ?gScreenCapture@@3VCScreenCapture@@A 1011c530     ScreenCapture.obj
 0003:00105540       ?SplashInit@@3VCSplash@@A  1011c540     SplashScreen.obj
 0003:00105668       ?SplashAlert@@3VCSplash@@A 1011c668     SplashScreen.obj
 0003:00105790       ?SplashError@@3VCSplash@@A 1011c790     SplashScreen.obj
 0003:001058b4       ?gRegistryCheck@@3VCRegistryCheck@@A 1011c8b4     RegistryCheck.obj
 0003:001058b8       ?gWindowCheck@@3VCWindowCheck@@A 1011c8b8     WindowCheck.obj
 0003:00105c0c       ?__type_info_root_node@@3U__type_info_node@@A 1011cc0c     MSVCRT:tncleanup.obj
 0003:00105c18       ?gClientSerial@@3PAEA      1011cc18     HackServerProtocol.obj
 0003:00105c29       ?EncDecKey2@@3EA           1011cc29     HackCheck.obj
 0003:00105c2a       ?EncDecKey1@@3EA           1011cc2a     HackCheck.obj
 0003:00105c2c       ?gClientVersion@@3PAEA     1011cc2c     HackServerProtocol.obj
 0003:00105c34       ?gIpAddress@@3PADA         1011cc34     HackServerProtocol.obj
 0003:00105c54       ?GetTickCountAddress@@3PAEA 1011cc54     HackCheck.obj
 0003:00105c58       ?sendAddress@@3PAEA        1011cc58     HackCheck.obj
 0003:00105c5c       ?recvAddress@@3PAEA        1011cc5c     HackCheck.obj
 0003:00105c60       ?GetTickCountTable@@3PAEA  1011cc60     HackCheck.obj
 0003:00105c68       ?sendTable@@3PAEA          1011cc68     HackCheck.obj
 0003:00105c70       ?recvTable@@3PAEA          1011cc70     HackCheck.obj
 0003:00105c78       ?HookGetTickCount@@3P6GKXZA 1011cc78     HackCheck.obj
 0003:00105c7c       ?HookSend@@3P6GHIPADHH@ZA  1011cc7c     HackCheck.obj
 0003:00105c80       ?HookRecv@@3P6GHIPADHH@ZA  1011cc80     HackCheck.obj
 0003:00105c84       ?ThreadHandles@@3PAPAXA    1011cc84     HackClient.obj
 0003:00105c94       ?hins@@3PAUHINSTANCE__@@A  1011cc94     HackClient.obj
 0003:00105c98       ?m_HookLLKB@CMacroCheck@@2PAUHHOOK__@@A 1011cc98     MacroCheck.obj
 0003:00105c9c       ?m_NtQuerySystemInformation@CProcessQuery@@2P6GJW4_SYSTEM_INFORMATION_CLASS@@PAXKPAK@ZA 1011cc9c     ProcessQuery.obj
 0003:00105ca0       ?LibraryLoadSource@@3PAEA  1011cca0     SimpleModules.obj
 0003:00105ca8       ?HandleProtectionObject@@3KA 1011cca8     SimpleModules.obj
 0003:00105cac       ?HandleProtectionNumber@@3KA 1011ccac     SimpleModules.obj
 0003:00105cb0       ?MemoryProtectionTime@@3KA 1011ccb0     SimpleModules.obj
 0003:00105cb4       ?lpHackVerifyFileMapping@@3PAUHACK_VERIFY_FILE_MAPPING@@A 1011ccb4     SimpleModules.obj
 0003:00105cb8       ?FileMappingHandle@@3PAXA  1011ccb8     SimpleModules.obj
 0003:00105cbc       ?g_pSetLayeredWindowAttributes@@3P6GHPAUHWND__@@KEK@ZA 1011ccbc     SplashScreen.obj
 0003:00105cc0       ___@@_PchSym_@00@UgslfmtUhvieviLGOEOALRLyzxpfkUnskUszxpxorvmgCUszxpxorvmgUivovzhvUhgwzucOlyq@ 1011ccc0     stdafx.obj
 0003:00105cc4       ?gConnectionStatusTime@@3KA 1011ccc4     HackServerProtocol.obj
 0003:00105cc8       ?gEncDecKey1@@3KA          1011ccc8     HackServerProtocol.obj
 0003:00105ccc       ?gEncDecKey2@@3KA          1011cccc     HackServerProtocol.obj
 0003:00105cd0       ?gClientInfoOK@@3KA        1011ccd0     HackServerProtocol.obj
 0003:00105cd4       ?gDumpListOK@@3KA          1011ccd4     HackServerProtocol.obj
 0003:00105cd8       ?gChecksumListOK@@3KA      1011ccd8     HackServerProtocol.obj
 0003:00105cdc       ?gInternalListOK@@3KA      1011ccdc     HackServerProtocol.obj
 0003:00105ce0       ?gWindowListOK@@3KA        1011cce0     HackServerProtocol.obj
 0003:00105ce4       ?gDumpListMaxCount@@3KA    1011cce4     HackServerProtocol.obj
 0003:00105ce8       ?gChecksumListMaxCount@@3KA 1011cce8     HackServerProtocol.obj
 0003:00105cec       ?gInternalListMaxCount@@3KA 1011ccec     HackServerProtocol.obj
 0003:00105cf0       ?gWindowListMaxCount@@3KA  1011ccf0     HackServerProtocol.obj
 0003:00105cf4       ?gMemoryGuardSwitch@@3KA   1011ccf4     HackServerProtocol.obj
 0003:00105cf8       ?gMemoryGuardNumber@@3KA   1011ccf8     HackServerProtocol.obj
 0003:00105cfc       ?gMacroProtectSwitch@@3KA  1011ccfc     HackServerProtocol.obj
 0003:00105d00       ?gMacroProtectNumber@@3KA  1011cd00     HackServerProtocol.obj
 0003:00105d04       ?gReconnectSwitch@@3KA     1011cd04     HackServerProtocol.obj
 0003:00105d08       ?gReconnectStatus@@3KA     1011cd08     HackServerProtocol.obj
 0003:00105d0c       ?gDetectCloseTime@@3KA     1011cd0c     HackServerProtocol.obj
 0003:00105d10       ?gInternalVersion@@3KA     1011cd10     HackServerProtocol.obj
 0003:00105d14       ?gUserAccount@@3KA         1011cd14     HackServerProtocol.obj
 0003:00105d18       ?gUserStruct@@3KA          1011cd18     HackServerProtocol.obj
 0003:00105d1c       ?gWindowHwnd@@3KA          1011cd1c     HackServerProtocol.obj
 0003:00105d20       ?gIpAddressAddress@@3KA    1011cd20     HackServerProtocol.obj
 0003:00105d24       ?gClientVersionAddress@@3KA 1011cd24     HackServerProtocol.obj
 0003:00105d28       ?gClientSerialAddress@@3KA 1011cd28     HackServerProtocol.obj
 0003:00105d2c       ?gFileProtectAddress1@@3KA 1011cd2c     HackServerProtocol.obj
 0003:00105d30       ?gFileProtectAddress2@@3KA 1011cd30     HackServerProtocol.obj
 0003:00105d34       ?API_Address_Count@@3KA    1011cd34     SimpleModules.obj
 0003:00105d38       ?API_Address_Table@@3PAKA  1011cd38     SimpleModules.obj
 0003:00105e60       ?gMessage@@3VCMessage@@A   1011ce60     Message.obj
 0003:0010ac50       ?gProcessManager@@3VCProcessManager@@A 10121c50     ProcessManager.obj
 0003:0010ada4       ?MemoryCheckSource@@3V?$map@KUMEMORY_CHECK_SOURCE@@U?$less@K@std@@V?$allocator@U?$pair@$$CBKUMEMORY_CHECK_SOURCE@@@std@@@3@@std@@A 10121da4     SimpleModules.obj
 0003:0010adb8       ?gThreadCheck@@3VCThreadCheck@@A 10121db8     ThreadCheck.obj
 0003:0010b250       ___native_startup_state    10122250     <common>
 0003:0010b254       ___native_startup_lock     10122254     <common>
 0003:0010b258       ___dyn_tls_init_callback   10122258     <common>
 0003:0010b25c       ___onexitend               1012225c     <common>
 0003:0010b260       ___onexitbegin             10122260     <common>

 entry point at        0001:0000d7d6

 Static symbols

 0001:00002381       __catch$?reserve@?$vector@UDUMP_LIST_INFO@@V?$allocator@UDUMP_LIST_INFO@@@std@@@std@@QAEXI@Z$0 10003381 f i  CIL library: CIL module
 0001:00002475       __catch$?reserve@?$vector@UCSUM_LIST_INFO@@V?$allocator@UCSUM_LIST_INFO@@@std@@@std@@QAEXI@Z$0 10003475 f i  CIL library: CIL module
 0001:00002565       __catch$?reserve@?$vector@UITRN_LIST_INFO@@V?$allocator@UITRN_LIST_INFO@@@std@@@std@@QAEXI@Z$0 10003565 f i  CIL library: CIL module
 0001:00002657       __catch$?reserve@?$vector@UWNDW_LIST_INFO@@V?$allocator@UWNDW_LIST_INFO@@@std@@@std@@QAEXI@Z$0 10003657 f i  CIL library: CIL module
 0001:00009a00       ?ExtWndProc@@YGJPAUHWND__@@IIJ@Z 1000aa00 f    CIL library: CIL module
 0001:0000af8a       __catch$?_Copy@?$basic_string@_WU?$char_traits@_W@std@@V?$allocator@_W@2@@std@@QAEXII@Z$0 1000bf8a f i  CIL library: CIL module
 0001:0000b012       __catch$?_Copy@?$basic_string@_WU?$char_traits@_W@std@@V?$allocator@_W@2@@std@@QAEXII@Z$1 1000c012 f i  CIL library: CIL module
 0001:0000b370       ?detour_align_from_target@@YAJPAU_DETOUR_TRAMPOLINE@@J@Z 1000c370 f   detours:detours.obj
 0001:0000b3c0       ?detour_align_from_trampoline@@YAEPAU_DETOUR_TRAMPOLINE@@E@Z 1000c3c0 f   detours:detours.obj
 0001:0000b410       ?detour_alloc_region_from_hi@@YAPAXPAE0@Z 1000c410 f   detours:detours.obj
 0001:0000b4e0       ?detour_alloc_region_from_lo@@YAPAXPAE0@Z 1000c4e0 f   detours:detours.obj
 0001:0000b5b0       ?detour_alloc_round_down_to_region@@YAPAEPAE@Z 1000c5b0 f   detours:detours.obj
 0001:0000b5e0       ?detour_alloc_round_up_to_region@@YAPAEPAE@Z 1000c5e0 f   detours:detours.obj
 0001:0000b610       ?detour_alloc_trampoline@@YAPAU_DETOUR_TRAMPOLINE@@PAE@Z 1000c610 f   detours:detours.obj
 0001:0000ba80       ?detour_free_trampoline@@YAXPAU_DETOUR_TRAMPOLINE@@@Z 1000ca80 f   detours:detours.obj
 0001:0000bac0       ?detour_free_unused_trampoline_regions@@YAXXZ 1000cac0 f   detours:detours.obj
 0001:0000bbd0       ?detour_is_imported@@YA_NPAE0@Z 1000cbd0 f   detours:detours.obj
 0001:0000bd10       ?detour_is_region_empty@@YAHPAUDETOUR_REGION@@@Z 1000cd10 f   detours:detours.obj
 0001:0000bda0       ?detour_runnable_trampoline_regions@@YAXXZ 1000cda0 f   detours:detours.obj
 0001:0000bf60       ?detour_writable_trampoline_regions@@YAXXZ 1000cf60 f   detours:detours.obj
 0001:0000d468       _pre_c_init                1000e468 f   MSVCRT:crtdll.obj
 0001:0000d6c0       ___DllMainCRTStartup       1000e6c0 f   MSVCRT:crtdll.obj
 0001:0000de20       __ehhandler$?reserve@?$vector@UWNDW_LIST_INFO@@V?$allocator@UWNDW_LIST_INFO@@@std@@@std@@QAEXI@Z 1000ee20 f    CIL library: CIL module
 0001:0000de40       __ehhandler$?reserve@?$vector@UITRN_LIST_INFO@@V?$allocator@UITRN_LIST_INFO@@@std@@@std@@QAEXI@Z 1000ee40 f    CIL library: CIL module
 0001:0000de60       __ehhandler$?reserve@?$vector@UCSUM_LIST_INFO@@V?$allocator@UCSUM_LIST_INFO@@@std@@@std@@QAEXI@Z 1000ee60 f    CIL library: CIL module
 0001:0000de80       __ehhandler$?reserve@?$vector@UDUMP_LIST_INFO@@V?$allocator@UDUMP_LIST_INFO@@@std@@@std@@QAEXI@Z 1000ee80 f    CIL library: CIL module
 0001:0000dea0       __unwindfunclet$?CaptureScreen@CScreenCapture@@QAEXXZ$0 1000eea0 f    CIL library: CIL module
 0001:0000dea8       __ehhandler$?CaptureScreen@CScreenCapture@@QAEXXZ 1000eea8 f    CIL library: CIL module
 0001:0000ded0       __ehhandler$?_Copy@?$basic_string@_WU?$char_traits@_W@std@@V?$allocator@_W@2@@std@@QAEXII@Z 1000eed0 f    CIL library: CIL module
 0001:0000def0       __unwindfunclet$??$_Buynode@U?$pair@KV?$vector@KV?$allocator@K@std@@@std@@@std@@@?$_Tree_val@V?$_Tmap_traits@KV?$vector@KV?$allocator@K@std@@@std@@U?$less@K@2@V?$allocator@U?$pair@$$CBKV?$vector@KV?$allocator@K@std@@@std@@@std@@@2@$0A@@std@@@std@@QAEPAU_Node@?$_Tree_nod@V?$_Tmap_traits@KV?$vector@KV?$allocator@K@std@@@std@@U?$less@K@2@V?$allocator@U?$pair@$$CBKV?$vector@KV?$allocator@K@std@@@std@@@std@@@2@$0A@@std@@@1@$$QAU?$pair@KV?$vector@KV?$allocator@K@std@@@std@@@1@@Z$2 1000eef0 f    CIL library: CIL module
 0001:0000def5       __ehhandler$??$_Buynode@U?$pair@KV?$vector@KV?$allocator@K@std@@@std@@@std@@@?$_Tree_val@V?$_Tmap_traits@KV?$vector@KV?$allocator@K@std@@@std@@U?$less@K@2@V?$allocator@U?$pair@$$CBKV?$vector@KV?$allocator@K@std@@@std@@@std@@@2@$0A@@std@@@std@@QAEPAU_Node@?$_Tree_nod@V?$_Tmap_traits@KV?$vector@KV?$allocator@K@std@@@std@@U?$less@K@2@V?$allocator@U?$pair@$$CBKV?$vector@KV?$allocator@K@std@@@std@@@std@@@2@$0A@@std@@@1@$$QAU?$pair@KV?$vector@KV?$allocator@K@std@@@std@@@1@@Z 1000eef5 f    CIL library: CIL module
 0001:0000df10       __unwindfunclet$??1?$map@KKU?$less@K@std@@V?$allocator@U?$pair@$$CBKK@std@@@2@@std@@QAE@XZ$1 1000ef10 f    CIL library: CIL module
 0001:0000df10       __unwindfunclet$??1?$map@KV?$vector@KV?$allocator@K@std@@@std@@U?$less@K@2@V?$allocator@U?$pair@$$CBKV?$vector@KV?$allocator@K@std@@@std@@@std@@@2@@std@@QAE@XZ$1 1000ef10 f    CIL library: CIL module
 0001:0000df18       __ehhandler$??1?$map@KV?$vector@KV?$allocator@K@std@@@std@@U?$less@K@2@V?$allocator@U?$pair@$$CBKV?$vector@KV?$allocator@K@std@@@std@@@std@@@2@@std@@QAE@XZ 1000ef18 f    CIL library: CIL module
 0001:0000df18       __ehhandler$??1?$map@KKU?$less@K@std@@V?$allocator@U?$pair@$$CBKK@std@@@2@@std@@QAE@XZ 1000ef18 f    CIL library: CIL module
 0001:0000df40       __unwindfunclet$??0CProcessManager@@QAE@XZ$0 1000ef40 f    CIL library: CIL module
 0001:0000df4f       __unwindfunclet$??0CProcessManager@@QAE@XZ$1 1000ef4f f    CIL library: CIL module
 0001:0000df5d       __ehhandler$??0CProcessManager@@QAE@XZ 1000ef5d f    CIL library: CIL module
 0001:0000df80       __unwindfunclet$?MyLdrLoadDll@CProcessManager@@SGJPA_WKPAU_UNICODE_STRING@@PAPAX@Z$0 1000ef80 f    CIL library: CIL module
 0001:0000df88       __ehhandler$?MyLdrLoadDll@CProcessManager@@SGJPA_WKPAU_UNICODE_STRING@@PAPAX@Z 1000ef88 f    CIL library: CIL module
 0001:0000dfb0       __unwindfunclet$??1CProcessManager@@UAE@XZ$0 1000efb0 f    CIL library: CIL module
 0001:0000dfbf       __unwindfunclet$??1CProcessManager@@UAE@XZ$1 1000efbf f    CIL library: CIL module
 0001:0000dfcd       __unwindfunclet$??1CProcessManager@@UAE@XZ$4 1000efcd f    CIL library: CIL module
 0001:0000dfd5       __unwindfunclet$??1CProcessManager@@UAE@XZ$6 1000efd5 f    CIL library: CIL module
 0001:0000dfdd       __ehhandler$??1CProcessManager@@UAE@XZ 1000efdd f    CIL library: CIL module
 0001:0000e000       __unwindfunclet$?HANDLE_PROTECTION_SCAN@@YA_NXZ$1 1000f000 f    CIL library: CIL module
 0001:0000e00a       __unwindfunclet$?HANDLE_PROTECTION_SCAN@@YA_NXZ$2 1000f00a f    CIL library: CIL module
 0001:0000e012       __unwindfunclet$?HANDLE_PROTECTION_SCAN@@YA_NXZ$3 1000f012 f    CIL library: CIL module
 0001:0000e01a       __unwindfunclet$?HANDLE_PROTECTION_SCAN@@YA_NXZ$11 1000f01a f    CIL library: CIL module
 0001:0000e022       __unwindfunclet$?HANDLE_PROTECTION_SCAN@@YA_NXZ$9 1000f022 f    CIL library: CIL module
 0001:0000e02a       __ehhandler$?HANDLE_PROTECTION_SCAN@@YA_NXZ 1000f02a f    CIL library: CIL module
 0001:0000e050       __unwindfunclet$?DEBUGGER_SCAN@@YA_NXZ$0 1000f050 f    CIL library: CIL module
 0001:0000e050       __unwindfunclet$?HANDLE_PROTECTION_INIT@@YA_NXZ$0 1000f050 f    CIL library: CIL module
 0001:0000e058       __ehhandler$?HANDLE_PROTECTION_INIT@@YA_NXZ 1000f058 f    CIL library: CIL module
 0001:0000e058       __ehhandler$?DEBUGGER_SCAN@@YA_NXZ 1000f058 f    CIL library: CIL module
 0001:0000e080       __unwindfunclet$?ConvertProcessImageFileNameW@@YA_NPA_W0K@Z$0 1000f080 f    CIL library: CIL module
 0001:0000e08b       __unwindfunclet$?ConvertProcessImageFileNameW@@YA_NPA_W0K@Z$1 1000f08b f    CIL library: CIL module
 0001:0000e096       __ehhandler$?ConvertProcessImageFileNameW@@YA_NPA_W0K@Z 1000f096 f    CIL library: CIL module
 0001:0000e0c0       __unwindfunclet$??__FMemoryCheckSource@@YAXXZ$1 1000f0c0 f    CIL library: CIL module
 0001:0000e0c5       __ehhandler$??__FMemoryCheckSource@@YAXXZ 1000f0c5 f    CIL library: CIL module
 0001:0000e0e0       ??__EgConnection@@YAXXZ    1000f0e0 f    CIL library: CIL module
 0001:0000e120       ??__EgFileCheck@@YAXXZ     1000f120 f    CIL library: CIL module
 0001:0000e130       ??__EgFileMappingCheck@@YAXXZ 1000f130 f    CIL library: CIL module
 0001:0000e140       ??__EgFileProtect@@YAXXZ   1000f140 f    CIL library: CIL module
 0001:0000e150       ??__EgLibraryCheck@@YAXXZ  1000f150 f    CIL library: CIL module
 0001:0000e160       ??__EgListManager@@YAXXZ   1000f160 f    CIL library: CIL module
 0001:0000e170       ??__EgDumpCheck@@YAXXZ     1000f170 f    CIL library: CIL module
 0001:0000e180       ??__EgExecutableCheck@@YAXXZ 1000f180 f    CIL library: CIL module
 0001:0000e190       ??__EgLog@@YAXXZ           1000f190 f    CIL library: CIL module
 0001:0000e1a0       ??__EgMacroCheck@@YAXXZ    1000f1a0 f    CIL library: CIL module
 0001:0000e1b0       ??__EgMessage@@YAXXZ       1000f1b0 f    CIL library: CIL module
 0001:0000e1d0       ??__EgProcessCheck@@YAXXZ  1000f1d0 f    CIL library: CIL module
 0001:0000e1e0       ??__EgProcessManager@@YAXXZ 1000f1e0 f    CIL library: CIL module
 0001:0000e200       ??__EgProtect@@YAXXZ       1000f200 f    CIL library: CIL module
 0001:0000e210       ??__EgScreenCapture@@YAXXZ 1000f210 f    CIL library: CIL module
 0001:0000e220       ??__EMemoryCheckSource@@YAXXZ 1000f220 f    CIL library: CIL module
 0001:0000e2a0       ??__ESplashInit@@YAXXZ     1000f2a0 f    CIL library: CIL module
 0001:0000e2d0       ??__ESplashAlert@@YAXXZ    1000f2d0 f    CIL library: CIL module
 0001:0000e300       ??__ESplashError@@YAXXZ    1000f300 f    CIL library: CIL module
 0001:0000e330       ??__EgThreadCheck@@YAXXZ   1000f330 f    CIL library: CIL module
 0001:0000e350       ??__EgRegistryCheck@@YAXXZ 1000f350 f    CIL library: CIL module
 0001:0000e360       ??__EgWindowCheck@@YAXXZ   1000f360 f    CIL library: CIL module
 0001:0000e370       ??__FgConnection@@YAXXZ    1000f370 f    CIL library: CIL module
 0001:0000e3a0       ??__FgFileCheck@@YAXXZ     1000f3a0 f    CIL library: CIL module
 0001:0000e3b0       ??__FgFileMappingCheck@@YAXXZ 1000f3b0 f    CIL library: CIL module
 0001:0000e3c0       ??__FgFileProtect@@YAXXZ   1000f3c0 f    CIL library: CIL module
 0001:0000e3d0       ??__FgLibraryCheck@@YAXXZ  1000f3d0 f    CIL library: CIL module
 0001:0000e3e0       ??__FgListManager@@YAXXZ   1000f3e0 f    CIL library: CIL module
 0001:0000e3f0       ??__FgDumpCheck@@YAXXZ     1000f3f0 f    CIL library: CIL module
 0001:0000e400       ??__FgExecutableCheck@@YAXXZ 1000f400 f    CIL library: CIL module
 0001:0000e410       ??__FgLog@@YAXXZ           1000f410 f    CIL library: CIL module
 0001:0000e420       ??__FgMacroCheck@@YAXXZ    1000f420 f    CIL library: CIL module
 0001:0000e430       ??__FgMessage@@YAXXZ       1000f430 f    CIL library: CIL module
 0001:0000e440       ??__FgProcessCheck@@YAXXZ  1000f440 f    CIL library: CIL module
 0001:0000e450       ??__FgProcessManager@@YAXXZ 1000f450 f    CIL library: CIL module
 0001:0000e460       ??__FgProtect@@YAXXZ       1000f460 f    CIL library: CIL module
 0001:0000e470       ??__FgScreenCapture@@YAXXZ 1000f470 f    CIL library: CIL module
 0001:0000e480       ??__FMemoryCheckSource@@YAXXZ 1000f480 f    CIL library: CIL module
 0001:0000e4e0       ??__FProcessQuery@?4??HANDLE_PROTECTION_SCAN@@YA_NXZ@YAXXZ 1000f4e0 f    CIL library: CIL module
 0001:0000e520       ??__FSplashInit@@YAXXZ     1000f520 f    CIL library: CIL module
 0001:0000e550       ??__FSplashAlert@@YAXXZ    1000f550 f    CIL library: CIL module
 0001:0000e580       ??__FSplashError@@YAXXZ    1000f580 f    CIL library: CIL module
 0001:0000e5b0       ??__FgThreadCheck@@YAXXZ   1000f5b0 f    CIL library: CIL module
 0001:0000e610       ??__FgRegistryCheck@@YAXXZ 1000f610 f    CIL library: CIL module
 0001:0000e620       ??__FgWindowCheck@@YAXXZ   1000f620 f    CIL library: CIL module
