 MHPServer

 Timestamp is 5e18fc48 (Fri Jan 10 19:35:52 2020)

 Preferred load address is 00400000

 Start         Length     Name                   Class
 0001:00000000 0001ad64H .text                   CODE
 0001:0001ad70 0000049eH .text$x                 CODE
 0001:0001b210 00000181H .text$yc                CODE
 0001:0001b3a0 0000027eH .text$yd                CODE
 0002:00000000 0000027cH .idata$5                DATA
 0002:0000027c 00000004H .CRT$XCA                DATA
 0002:00000280 0000002cH .CRT$XCU                DATA
 0002:000002ac 00000004H .CRT$XCZ                DATA
 0002:000002b0 00000004H .CRT$XIA                DATA
 0002:000002b4 00000010H .CRT$XIC                DATA
 0002:000002c4 00000004H .CRT$XIY                DATA
 0002:000002c8 00000004H .CRT$XIZ                DATA
 0002:000002cc 00000004H .CRT$XPA                DATA
 0002:000002d0 00000004H .CRT$XPX                DATA
 0002:000002d4 00000004H .CRT$XPXA               DATA
 0002:000002d8 00000004H .CRT$XPZ                DATA
 0002:000002dc 00000004H .CRT$XTA                DATA
 0002:000002e0 00000004H .CRT$XTZ                DATA
 0002:000002f0 00002ff0H .rdata                  DATA
 0002:000032e0 0000005dH .rdata$debug            DATA
 0002:00003340 00000604H .rdata$r                DATA
 0002:00003950 00000080H .rdata$sxdata           DATA
 0002:000039d0 00000004H .rtc$IAA                DATA
 0002:000039d4 00000004H .rtc$IZZ                DATA
 0002:000039d8 00000004H .rtc$TAA                DATA
 0002:000039dc 00000004H .rtc$TZZ                DATA
 0002:000039e0 00000ea4H .xdata$x                DATA
 0002:00004884 00000078H .idata$2                DATA
 0002:000048fc 00000014H .idata$3                DATA
 0002:00004910 0000027cH .idata$4                DATA
 0002:00004b8c 00000a06H .idata$6                DATA
 0002:00005592 00000000H .edata                  DATA
 0003:00000000 00005b20H .data                   DATA
 0003:00005b20 000945ecH .bss                    DATA
 0004:00000000 00000268H .rsrc$01                DATA
 0004:00000270 000050c0H .rsrc$02                DATA

  Address         Publics by Value              Rva+Base       Lib:Object

 0000:00000000       __except_list              00000000     <absolute>
 0000:00000020       ___safe_se_handler_count   00000020     <absolute>
 0000:00000000       ___ImageBase               00400000     <linker-defined>
 0001:00000000       ?Initialize@CAntiFlood@@QAEXPAD@Z 00401000 f   AntiFloodSystem.obj
 0001:000001c0       ?AutoClose@CAntiFlood@@AAEXPAD@Z 004011c0 f   AntiFloodSystem.obj
 0001:000002c0       ?Check@CAntiFlood@@QAE_NPAD@Z 004012c0 f   AntiFloodSystem.obj
 0001:00000410       ?BL_IPCheck@CAntiFlood@@AAE_NPAD@Z 00401410 f   AntiFloodSystem.obj
 0001:00000450       ?AddToBlackList@CAntiFlood@@QAE_NPAD@Z 00401450 f   AntiFloodSystem.obj
 0001:00000490       ??_GCAuthenticate@@UAEPAXI@Z 00401490 f i Authenticate.obj
 0001:00000490       ??_ECAuthenticate@@UAEPAXI@Z 00401490 f i  CIL library: CIL module
 0001:000004e0       ??_ECBlackList@@UAEPAXI@Z  004014e0 f i  CIL library: CIL module
 0001:000004e0       ??_GCBlackList@@UAEPAXI@Z  004014e0 f i BlackList.obj
 0001:00000540       ?SetList@CBlackList@@QAEXPAD@Z 00401540 f   BlackList.obj
 0001:00000700       ?CheckIpAddress@CBlackList@@QAE_NPAD@Z 00401700 f   BlackList.obj
 0001:00000790       ?CheckHardwareId@CBlackList@@QAE_NPAD@Z 00401790 f   BlackList.obj
 0001:00000820       ?push_back@?$vector@UBLACKLIST_IPADDR_INFO@@V?$allocator@UBLACKLIST_IPADDR_INFO@@@std@@@std@@QAEXABUBLACKLIST_IPADDR_INFO@@@Z 00401820 f i BlackList.obj
 0001:000008c0       ?clear@?$vector@UBLACKLIST_IPADDR_INFO@@V?$allocator@UBLACKLIST_IPADDR_INFO@@@std@@@std@@QAEXXZ 004018c0 f i BlackList.obj
 0001:00000900       ?push_back@?$vector@UBLACKLIST_HARDID_INFO@@V?$allocator@UBLACKLIST_HARDID_INFO@@@std@@@std@@QAEXABUBLACKLIST_HARDID_INFO@@@Z 00401900 f i BlackList.obj
 0001:00000960       ?_Reserve@?$vector@UBLACKLIST_IPADDR_INFO@@V?$allocator@UBLACKLIST_IPADDR_INFO@@@std@@@std@@IAEXI@Z 00401960 f i BlackList.obj
 0001:000009d0       ?_Reserve@?$vector@UBLACKLIST_HARDID_INFO@@V?$allocator@UBLACKLIST_HARDID_INFO@@@std@@@std@@IAEXI@Z 004019d0 f i BlackList.obj
 0001:00000a40       ?reserve@?$vector@UBLACKLIST_IPADDR_INFO@@V?$allocator@UBLACKLIST_IPADDR_INFO@@@std@@@std@@QAEXI@Z 00401a40 f i BlackList.obj
 0001:00000b30       ?reserve@?$vector@UBLACKLIST_HARDID_INFO@@V?$allocator@UBLACKLIST_HARDID_INFO@@@std@@@std@@QAEXI@Z 00401b30 f i BlackList.obj
 0001:00000c20       ?allocate@?$allocator@UBLACKLIST_IPADDR_INFO@@@std@@QAEPAUBLACKLIST_IPADDR_INFO@@I@Z 00401c20 f i BlackList.obj
 0001:00000c80       ?allocate@?$allocator@UBLACKLIST_HARDID_INFO@@@std@@QAEPAUBLACKLIST_HARDID_INFO@@I@Z 00401c80 f i BlackList.obj
 0001:00000ce0       ??$_Uninit_move@PAUBLACKLIST_IPADDR_INFO@@PAU1@V?$allocator@UBLACKLIST_IPADDR_INFO@@@std@@U1@@std@@YAPAUBLACKLIST_IPADDR_INFO@@PAU1@00AAV?$allocator@UBLACKLIST_IPADDR_INFO@@@0@0U_Nonscalar_ptr_iterator_tag@0@@Z 00401ce0 f i BlackList.obj
 0001:00000d10       ??$_Uninit_move@PAUBLACKLIST_HARDID_INFO@@PAU1@V?$allocator@UBLACKLIST_HARDID_INFO@@@std@@U1@@std@@YAPAUBLACKLIST_HARDID_INFO@@PAU1@00AAV?$allocator@UBLACKLIST_HARDID_INFO@@@0@0U_Nonscalar_ptr_iterator_tag@0@@Z 00401d10 f i BlackList.obj
 0001:00000d40       ??3@YAXPAX0@Z              00401d40 f i BlackList.obj
 0001:00000d50       ??1bad_alloc@std@@UAE@XZ   00401d50 f i BlackList.obj
 0001:00000d60       ??0bad_alloc@std@@QAE@ABV01@@Z 00401d60 f i BlackList.obj
 0001:00000d80       ??_Gbad_alloc@std@@UAEPAXI@Z 00401d80 f i BlackList.obj
 0001:00000d80       ??_Ebad_alloc@std@@UAEPAXI@Z 00401d80 f i  CIL library: CIL module
 0001:00000db0       ?Initialize@CCRC32@@QAEXXZ 00401db0 f   CCRC32.obj
 0001:00000ef0       ?FileCRC@CCRC32@@QAE_NPBDPAKK@Z 00401ef0 f   CCRC32.obj
 0001:00000fe0       ??0CClientManager@@QAE@XZ  00401fe0 f   ClientManager.obj
 0001:00001010       ??_GCClientManager@@UAEPAXI@Z 00402010 f i ClientManager.obj
 0001:00001010       ??_ECClientManager@@UAEPAXI@Z 00402010 f i  CIL library: CIL module
 0001:00001040       ??1CClientManager@@UAE@XZ  00402040 f   ClientManager.obj
 0001:00001050       ?AddClient@CClientManager@@QAEXHPADI@Z 00402050 f   ClientManager.obj
 0001:000011a0       ?DelClient@CClientManager@@QAEXXZ 004021a0 f   ClientManager.obj
 0001:00001210       ?SetClientInfo@CClientManager@@QAEXPAD@Z 00402210 f   ClientManager.obj
 0001:00001240       ??_ECCriticalSection@@UAEPAXI@Z 00402240 f i  CIL library: CIL module
 0001:00001240       ??_GCCriticalSection@@UAEPAXI@Z 00402240 f i CriticalSection.obj
 0001:00001270       ??1CCriticalSection@@UAE@XZ 00402270 f   CriticalSection.obj
 0001:00001290       ?httpGet@@YAHPADH0@Z       00402290 f   FileDownloadHTTP.obj
 0001:000014d0       ?recvLine@@YAHHPADH@Z      004024d0 f   FileDownloadHTTP.obj
 0001:00001520       ??$sprintf_s@$0PPPP@@@YAHAAY0PPPP@DPBDZZ 00402520 f i FileDownloadHTTP.obj
 0001:00001540       ?breakUrl@@YAXPBDPAUURLPARTS_T@@@Z 00402540 f   FileDownloadURL.obj
 0001:00001690       _WinMain@16                00402690 f   HackServer.obj
 0001:000018d0       ?MyRegisterClass@@YAGPAUHINSTANCE__@@@Z 004028d0 f   HackServer.obj
 0001:00001950       ?WndProc@@YGJPAUHWND__@@IIJ@Z 00402950 f   HackServer.obj
 0001:00001b00       ?About@@YGJPAUHWND__@@IIJ@Z 00402b00 f   HackServer.obj
 0001:00001b40       ?HackServerProtocolCore@@YAXHEPAEH@Z 00402b40 f   HackServerProtocol.obj
 0001:00001be0       ?CHClientInfoRecv@@YAXPAUSDHP_CLIENT_INFO_RECV@@H@Z 00402be0 f   HackServerProtocol.obj
 0001:00001ee0       ?CHClientDisconnectRecv@@YAXPAUSDHP_CLIENT_DISCONNECT_RECV@@H@Z 00402ee0 f   HackServerProtocol.obj
 0001:00002150       ?HCDumpListSend@@YAXH@Z    00403150 f   HackServerProtocol.obj
 0001:000022e0       ?HCChecksumListSend@@YAXH@Z 004032e0 f   HackServerProtocol.obj
 0001:00002450       ?HCInternalListSend@@YAXH@Z 00403450 f   HackServerProtocol.obj
 0001:000025c0       ?HCWindowListSend@@YAXH@Z  004035c0 f   HackServerProtocol.obj
 0001:00002720       ?HCClientDisconnectSend@@YAXHH@Z 00403720 f   HackServerProtocol.obj
 0001:00002770       ??_ECHidManager@@UAEPAXI@Z 00403770 f i  CIL library: CIL module
 0001:00002770       ??_GCHidManager@@UAEPAXI@Z 00403770 f i HidManager.obj
 0001:000027c0       ?CheckHardwareId@CHidManager@@QAE_NQAD@Z 004037c0 f   HidManager.obj
 0001:00002840       ?InsertHardwareId@CHidManager@@QAEXQAD@Z 00403840 f   HidManager.obj
 0001:00002910       ?ClearHardwareId@CHidManager@@QAEXXZ 00403910 f   HidManager.obj
 0001:00002980       ?_Reserve@?$vector@UHARDWARE_ID_INFO@@V?$allocator@UHARDWARE_ID_INFO@@@std@@@std@@IAEXI@Z 00403980 f i HidManager.obj
 0001:000029f0       ?reserve@?$vector@UHARDWARE_ID_INFO@@V?$allocator@UHARDWARE_ID_INFO@@@std@@@std@@QAEXI@Z 004039f0 f i HidManager.obj
 0001:00002ae0       ?allocate@?$allocator@UHARDWARE_ID_INFO@@@std@@QAEPAUHARDWARE_ID_INFO@@I@Z 00403ae0 f i HidManager.obj
 0001:00002b40       ??$_Uninit_move@PAUHARDWARE_ID_INFO@@PAU1@V?$allocator@UHARDWARE_ID_INFO@@@std@@U1@@std@@YAPAUHARDWARE_ID_INFO@@PAU1@00AAV?$allocator@UHARDWARE_ID_INFO@@@0@0U_Nonscalar_ptr_iterator_tag@0@@Z 00403b40 f i HidManager.obj
 0001:00002b70       ??_ECIpManager@@UAEPAXI@Z  00403b70 f i  CIL library: CIL module
 0001:00002b70       ??_GCIpManager@@UAEPAXI@Z  00403b70 f i IpManager.obj
 0001:00002bf0       ?CheckIpAddress@CIpManager@@QAE_NPAD@Z 00403bf0 f   IpManager.obj
 0001:00002cc0       ?InsertIpAddress@CIpManager@@QAEXPAD@Z 00403cc0 f   IpManager.obj
 0001:00002e70       ?RemoveIpAddress@CIpManager@@QAEXPAD@Z 00403e70 f   IpManager.obj
 0001:00002f40       ?GetIpCount@CIpManager@@QAEHPAD@Z 00403f40 f   IpManager.obj
 0001:00002ff0       ?erase@?$_Tree@V?$_Tmap_traits@V?$basic_string@DU?$char_traits@D@std@@V?$allocator@D@2@@std@@UIP_ADDRESS_INFO@@U?$less@V?$basic_string@DU?$char_traits@D@std@@V?$allocator@D@2@@std@@@2@V?$allocator@U?$pair@$$CBV?$basic_string@DU?$char_traits@D@std@@V?$allocator@D@2@@std@@UIP_ADDRESS_INFO@@@std@@@2@$0A@@std@@@std@@QAE?AV?$_Tree_iterator@V?$_Tree_val@V?$_Tmap_traits@V?$basic_string@DU?$char_traits@D@std@@V?$allocator@D@2@@std@@UIP_ADDRESS_INFO@@U?$less@V?$basic_string@DU?$char_traits@D@std@@V?$allocator@D@2@@std@@@2@V?$allocator@U?$pair@$$CBV?$basic_string@DU?$char_traits@D@std@@V?$allocator@D@2@@std@@UIP_ADDRESS_INFO@@@std@@@2@$0A@@std@@@std@@@2@V?$_Tree_const_iterator@V?$_Tree_val@V?$_Tmap_traits@V?$basic_string@DU?$char_traits@D@std@@V?$allocator@D@2@@std@@UIP_ADDRESS_INFO@@U?$less@V?$basic_string@DU?$char_traits@D@std@@V?$allocator@D@2@@std@@@2@V?$allocator@U?$pair@$$CBV?$basic_string@DU?$char_traits@D@std@@V?$allocator@D@2@@std@@UIP_ADDRESS_INFO@@@std@@@2@$0A@@std@@@std@@@2@@Z 00403ff0 f i IpManager.obj
 0001:00003280       ?find@?$_Tree@V?$_Tmap_traits@V?$basic_string@DU?$char_traits@D@std@@V?$allocator@D@2@@std@@UIP_ADDRESS_INFO@@U?$less@V?$basic_string@DU?$char_traits@D@std@@V?$allocator@D@2@@std@@@2@V?$allocator@U?$pair@$$CBV?$basic_string@DU?$char_traits@D@std@@V?$allocator@D@2@@std@@UIP_ADDRESS_INFO@@@std@@@2@$0A@@std@@@std@@QAE?AV?$_Tree_iterator@V?$_Tree_val@V?$_Tmap_traits@V?$basic_string@DU?$char_traits@D@std@@V?$allocator@D@2@@std@@UIP_ADDRESS_INFO@@U?$less@V?$basic_string@DU?$char_traits@D@std@@V?$allocator@D@2@@std@@@2@V?$allocator@U?$pair@$$CBV?$basic_string@DU?$char_traits@D@std@@V?$allocator@D@2@@std@@UIP_ADDRESS_INFO@@@std@@@2@$0A@@std@@@std@@@2@ABV?$basic_string@DU?$char_traits@D@std@@V?$allocator@D@2@@2@@Z 00404280 f i IpManager.obj
 0001:00003310       ?_Lrotate@?$_Tree@V?$_Tmap_traits@V?$basic_string@DU?$char_traits@D@std@@V?$allocator@D@2@@std@@UIP_ADDRESS_INFO@@U?$less@V?$basic_string@DU?$char_traits@D@std@@V?$allocator@D@2@@std@@@2@V?$allocator@U?$pair@$$CBV?$basic_string@DU?$char_traits@D@std@@V?$allocator@D@2@@std@@UIP_ADDRESS_INFO@@@std@@@2@$0A@@std@@@std@@IAEXPAU_Node@?$_Tree_nod@V?$_Tmap_traits@V?$basic_string@DU?$char_traits@D@std@@V?$allocator@D@2@@std@@UIP_ADDRESS_INFO@@U?$less@V?$basic_string@DU?$char_traits@D@std@@V?$allocator@D@2@@std@@@2@V?$allocator@U?$pair@$$CBV?$basic_string@DU?$char_traits@D@std@@V?$allocator@D@2@@std@@UIP_ADDRESS_INFO@@@std@@@2@$0A@@std@@@2@@Z 00404310 f i IpManager.obj
 0001:00003370       ?_Rrotate@?$_Tree@V?$_Tmap_traits@V?$basic_string@DU?$char_traits@D@std@@V?$allocator@D@2@@std@@UIP_ADDRESS_INFO@@U?$less@V?$basic_string@DU?$char_traits@D@std@@V?$allocator@D@2@@std@@@2@V?$allocator@U?$pair@$$CBV?$basic_string@DU?$char_traits@D@std@@V?$allocator@D@2@@std@@UIP_ADDRESS_INFO@@@std@@@2@$0A@@std@@@std@@IAEXPAU_Node@?$_Tree_nod@V?$_Tmap_traits@V?$basic_string@DU?$char_traits@D@std@@V?$allocator@D@2@@std@@UIP_ADDRESS_INFO@@U?$less@V?$basic_string@DU?$char_traits@D@std@@V?$allocator@D@2@@std@@@2@V?$allocator@U?$pair@$$CBV?$basic_string@DU?$char_traits@D@std@@V?$allocator@D@2@@std@@UIP_ADDRESS_INFO@@@std@@@2@$0A@@std@@@2@@Z 00404370 f i IpManager.obj
 0001:000033d0       ??1?$_Tree_val@V?$_Tmap_traits@V?$basic_string@DU?$char_traits@D@std@@V?$allocator@D@2@@std@@UIP_ADDRESS_INFO@@U?$less@V?$basic_string@DU?$char_traits@D@std@@V?$allocator@D@2@@std@@@2@V?$allocator@U?$pair@$$CBV?$basic_string@DU?$char_traits@D@std@@V?$allocator@D@2@@std@@UIP_ADDRESS_INFO@@@std@@@2@$0A@@std@@@std@@QAE@XZ 004043d0 f i IpManager.obj
 0001:000033d0       ??1?$_Tree_val@V?$_Tmap_traits@KUPROCESS_CACHE_INFO@@U?$less@K@std@@V?$allocator@U?$pair@$$CBKUPROCESS_CACHE_INFO@@@std@@@3@$0A@@std@@@std@@QAE@XZ 004043d0 f i ProcessManager.obj
 0001:000033e0       ?_Max@?$_Tree_val@V?$_Tmap_traits@V?$basic_string@DU?$char_traits@D@std@@V?$allocator@D@2@@std@@UIP_ADDRESS_INFO@@U?$less@V?$basic_string@DU?$char_traits@D@std@@V?$allocator@D@2@@std@@@2@V?$allocator@U?$pair@$$CBV?$basic_string@DU?$char_traits@D@std@@V?$allocator@D@2@@std@@UIP_ADDRESS_INFO@@@std@@@2@$0A@@std@@@std@@SAPAU_Node@?$_Tree_nod@V?$_Tmap_traits@V?$basic_string@DU?$char_traits@D@std@@V?$allocator@D@2@@std@@UIP_ADDRESS_INFO@@U?$less@V?$basic_string@DU?$char_traits@D@std@@V?$allocator@D@2@@std@@@2@V?$allocator@U?$pair@$$CBV?$basic_string@DU?$char_traits@D@std@@V?$allocator@D@2@@std@@UIP_ADDRESS_INFO@@@std@@@2@$0A@@std@@@2@PAU342@@Z 004043e0 f i IpManager.obj
 0001:00003400       ??E?$_Tree_const_iterator@V?$_Tree_val@V?$_Tmap_traits@V?$basic_string@DU?$char_traits@D@std@@V?$allocator@D@2@@std@@UIP_ADDRESS_INFO@@U?$less@V?$basic_string@DU?$char_traits@D@std@@V?$allocator@D@2@@std@@@2@V?$allocator@U?$pair@$$CBV?$basic_string@DU?$char_traits@D@std@@V?$allocator@D@2@@std@@UIP_ADDRESS_INFO@@@std@@@2@$0A@@std@@@std@@@std@@QAEAAV01@XZ 00404400 f i IpManager.obj
 0001:00003450       ?erase@?$_Tree@V?$_Tmap_traits@V?$basic_string@DU?$char_traits@D@std@@V?$allocator@D@2@@std@@UIP_ADDRESS_INFO@@U?$less@V?$basic_string@DU?$char_traits@D@std@@V?$allocator@D@2@@std@@@2@V?$allocator@U?$pair@$$CBV?$basic_string@DU?$char_traits@D@std@@V?$allocator@D@2@@std@@UIP_ADDRESS_INFO@@@std@@@2@$0A@@std@@@std@@QAE?AV?$_Tree_iterator@V?$_Tree_val@V?$_Tmap_traits@V?$basic_string@DU?$char_traits@D@std@@V?$allocator@D@2@@std@@UIP_ADDRESS_INFO@@U?$less@V?$basic_string@DU?$char_traits@D@std@@V?$allocator@D@2@@std@@@2@V?$allocator@U?$pair@$$CBV?$basic_string@DU?$char_traits@D@std@@V?$allocator@D@2@@std@@UIP_ADDRESS_INFO@@@std@@@2@$0A@@std@@@std@@@2@V?$_Tree_const_iterator@V?$_Tree_val@V?$_Tmap_traits@V?$basic_string@DU?$char_traits@D@std@@V?$allocator@D@2@@std@@UIP_ADDRESS_INFO@@U?$less@V?$basic_string@DU?$char_traits@D@std@@V?$allocator@D@2@@std@@@2@V?$allocator@U?$pair@$$CBV?$basic_string@DU?$char_traits@D@std@@V?$allocator@D@2@@std@@UIP_ADDRESS_INFO@@@std@@@2@$0A@@std@@@std@@@2@0@Z 00404450 f i IpManager.obj
 0001:00003510       ?_Lbound@?$_Tree@V?$_Tmap_traits@V?$basic_string@DU?$char_traits@D@std@@V?$allocator@D@2@@std@@UIP_ADDRESS_INFO@@U?$less@V?$basic_string@DU?$char_traits@D@std@@V?$allocator@D@2@@std@@@2@V?$allocator@U?$pair@$$CBV?$basic_string@DU?$char_traits@D@std@@V?$allocator@D@2@@std@@UIP_ADDRESS_INFO@@@std@@@2@$0A@@std@@@std@@IAEPAU_Node@?$_Tree_nod@V?$_Tmap_traits@V?$basic_string@DU?$char_traits@D@std@@V?$allocator@D@2@@std@@UIP_ADDRESS_INFO@@U?$less@V?$basic_string@DU?$char_traits@D@std@@V?$allocator@D@2@@std@@@2@V?$allocator@U?$pair@$$CBV?$basic_string@DU?$char_traits@D@std@@V?$allocator@D@2@@std@@UIP_ADDRESS_INFO@@@std@@@2@$0A@@std@@@2@ABV?$basic_string@DU?$char_traits@D@std@@V?$allocator@D@2@@2@@Z 00404510 f i IpManager.obj
 0001:00003610       ?_Erase@?$_Tree@V?$_Tmap_traits@V?$basic_string@DU?$char_traits@D@std@@V?$allocator@D@2@@std@@UIP_ADDRESS_INFO@@U?$less@V?$basic_string@DU?$char_traits@D@std@@V?$allocator@D@2@@std@@@2@V?$allocator@U?$pair@$$CBV?$basic_string@DU?$char_traits@D@std@@V?$allocator@D@2@@std@@UIP_ADDRESS_INFO@@@std@@@2@$0A@@std@@@std@@IAEXPAU_Node@?$_Tree_nod@V?$_Tmap_traits@V?$basic_string@DU?$char_traits@D@std@@V?$allocator@D@2@@std@@UIP_ADDRESS_INFO@@U?$less@V?$basic_string@DU?$char_traits@D@std@@V?$allocator@D@2@@std@@@2@V?$allocator@U?$pair@$$CBV?$basic_string@DU?$char_traits@D@std@@V?$allocator@D@2@@std@@UIP_ADDRESS_INFO@@@std@@@2@$0A@@std@@@2@@Z 00404610 f i IpManager.obj
 0001:00003670       ?_Linsert@?$_Tree@V?$_Tmap_traits@V?$basic_string@DU?$char_traits@D@std@@V?$allocator@D@2@@std@@UIP_ADDRESS_INFO@@U?$less@V?$basic_string@DU?$char_traits@D@std@@V?$allocator@D@2@@std@@@2@V?$allocator@U?$pair@$$CBV?$basic_string@DU?$char_traits@D@std@@V?$allocator@D@2@@std@@UIP_ADDRESS_INFO@@@std@@@2@$0A@@std@@@std@@QAE?AU?$pair@V?$_Tree_iterator@V?$_Tree_val@V?$_Tmap_traits@V?$basic_string@DU?$char_traits@D@std@@V?$allocator@D@2@@std@@UIP_ADDRESS_INFO@@U?$less@V?$basic_string@DU?$char_traits@D@std@@V?$allocator@D@2@@std@@@2@V?$allocator@U?$pair@$$CBV?$basic_string@DU?$char_traits@D@std@@V?$allocator@D@2@@std@@UIP_ADDRESS_INFO@@@std@@@2@$0A@@std@@@std@@@std@@_N@2@PAU_Node@?$_Tree_nod@V?$_Tmap_traits@V?$basic_string@DU?$char_traits@D@std@@V?$allocator@D@2@@std@@UIP_ADDRESS_INFO@@U?$less@V?$basic_string@DU?$char_traits@D@std@@V?$allocator@D@2@@std@@@2@V?$allocator@U?$pair@$$CBV?$basic_string@DU?$char_traits@D@std@@V?$allocator@D@2@@std@@UIP_ADDRESS_INFO@@@std@@@2@$0A@@std@@@2@_N@Z 00404670 f i IpManager.obj
 0001:00003810       ?_Insert@?$_Tree@V?$_Tmap_traits@V?$basic_string@DU?$char_traits@D@std@@V?$allocator@D@2@@std@@UIP_ADDRESS_INFO@@U?$less@V?$basic_string@DU?$char_traits@D@std@@V?$allocator@D@2@@std@@@2@V?$allocator@U?$pair@$$CBV?$basic_string@DU?$char_traits@D@std@@V?$allocator@D@2@@std@@UIP_ADDRESS_INFO@@@std@@@2@$0A@@std@@@std@@IAE?AV?$_Tree_iterator@V?$_Tree_val@V?$_Tmap_traits@V?$basic_string@DU?$char_traits@D@std@@V?$allocator@D@2@@std@@UIP_ADDRESS_INFO@@U?$less@V?$basic_string@DU?$char_traits@D@std@@V?$allocator@D@2@@std@@@2@V?$allocator@U?$pair@$$CBV?$basic_string@DU?$char_traits@D@std@@V?$allocator@D@2@@std@@UIP_ADDRESS_INFO@@@std@@@2@$0A@@std@@@std@@@2@_NPAU_Node@?$_Tree_nod@V?$_Tmap_traits@V?$basic_string@DU?$char_traits@D@std@@V?$allocator@D@2@@std@@UIP_ADDRESS_INFO@@U?$less@V?$basic_string@DU?$char_traits@D@std@@V?$allocator@D@2@@std@@@2@V?$allocator@U?$pair@$$CBV?$basic_string@DU?$char_traits@D@std@@V?$allocator@D@2@@std@@UIP_ADDRESS_INFO@@@std@@@2@$0A@@std@@@2@1@Z 00404810 f i IpManager.obj
 0001:00003a50       ??F?$_Tree_unchecked_const_iterator@V?$_Tree_val@V?$_Tmap_traits@V?$basic_string@DU?$char_traits@D@std@@V?$allocator@D@2@@std@@UIP_ADDRESS_INFO@@U?$less@V?$basic_string@DU?$char_traits@D@std@@V?$allocator@D@2@@std@@@2@V?$allocator@U?$pair@$$CBV?$basic_string@DU?$char_traits@D@std@@V?$allocator@D@2@@std@@UIP_ADDRESS_INFO@@@std@@@2@$0A@@std@@@std@@U_Iterator_base0@2@@std@@QAEAAV01@XZ 00404a50 f i IpManager.obj
 0001:00003ab0       ??$_Buynode@U?$pair@V?$basic_string@DU?$char_traits@D@std@@V?$allocator@D@2@@std@@UIP_ADDRESS_INFO@@@std@@@?$_Tree_val@V?$_Tmap_traits@V?$basic_string@DU?$char_traits@D@std@@V?$allocator@D@2@@std@@UIP_ADDRESS_INFO@@U?$less@V?$basic_string@DU?$char_traits@D@std@@V?$allocator@D@2@@std@@@2@V?$allocator@U?$pair@$$CBV?$basic_string@DU?$char_traits@D@std@@V?$allocator@D@2@@std@@UIP_ADDRESS_INFO@@@std@@@2@$0A@@std@@@std@@QAEPAU_Node@?$_Tree_nod@V?$_Tmap_traits@V?$basic_string@DU?$char_traits@D@std@@V?$allocator@D@2@@std@@UIP_ADDRESS_INFO@@U?$less@V?$basic_string@DU?$char_traits@D@std@@V?$allocator@D@2@@std@@@2@V?$allocator@U?$pair@$$CBV?$basic_string@DU?$char_traits@D@std@@V?$allocator@D@2@@std@@UIP_ADDRESS_INFO@@@std@@@2@$0A@@std@@@1@$$QAU?$pair@V?$basic_string@DU?$char_traits@D@std@@V?$allocator@D@2@@std@@UIP_ADDRESS_INFO@@@1@@Z 00404ab0 f i IpManager.obj
 0001:00003ba0       ?assign@?$basic_string@DU?$char_traits@D@std@@V?$allocator@D@2@@std@@QAEAAV12@$$QAV12@@Z 00404ba0 f i IpManager.obj
 0001:00003c10       ?compare@?$char_traits@D@std@@SAHPBD0I@Z 00404c10 f i IpManager.obj
 0001:00003c90       ??1?$pair@V?$basic_string@DU?$char_traits@D@std@@V?$allocator@D@2@@std@@UIP_ADDRESS_INFO@@@std@@QAE@XZ 00404c90 f i IpManager.obj
 0001:00003c90       ??1?$basic_string@DU?$char_traits@D@std@@V?$allocator@D@2@@std@@QAE@XZ 00404c90 f i IpManager.obj
 0001:00003cc0       ?erase@?$basic_string@DU?$char_traits@D@std@@V?$allocator@D@2@@std@@QAEAAV12@II@Z 00404cc0 f i IpManager.obj
 0001:00003d30       ?assign@?$basic_string@DU?$char_traits@D@std@@V?$allocator@D@2@@std@@QAEAAV12@ABV12@II@Z 00404d30 f i IpManager.obj
 0001:00003e10       ?allocate@?$allocator@D@std@@QAEPADI@Z 00404e10 f i IpManager.obj
 0001:00003e60       ?_Copy@?$basic_string@DU?$char_traits@D@std@@V?$allocator@D@2@@std@@QAEXII@Z 00404e60 f i IpManager.obj
 0001:00003fd0       ?assign@?$basic_string@DU?$char_traits@D@std@@V?$allocator@D@2@@std@@QAEAAV12@PBDI@Z 00404fd0 f i IpManager.obj
 0001:000040a0       ??_ECLog@@UAEPAXI@Z        004050a0 f i  CIL library: CIL module
 0001:000040a0       ??_GCLog@@UAEPAXI@Z        004050a0 f i Log.obj
 0001:000040d0       ??1CLog@@UAE@XZ            004050d0 f   Log.obj
 0001:00004120       ?AddLog@CLog@@QAEXHPAD@Z   00405120 f   Log.obj
 0001:00004240       ?Output@CLog@@QAAXW4eLogType@@PADZZ 00405240 f   Log.obj
 0001:00004450       ??_ECMemScript@@UAEPAXI@Z  00405450 f i  CIL library: CIL module
 0001:00004450       ??_GCMemScript@@UAEPAXI@Z  00405450 f i MemScript.obj
 0001:00004490       ?SetBuffer@CMemScript@@QAE_NPADH@Z 00405490 f   MemScript.obj
 0001:000045b0       ?GetToken@CMemScript@@QAEHXZ 004055b0 f   MemScript.obj
 0001:000048c0       ??$sprintf_s@$0BAE@@@YAHAAY0BAE@DPBDZZ 004058c0 f i MemScript.obj
 0001:000048e0       ?DumpExceptionFilter@@YGJPAU_EXCEPTION_POINTERS@@@Z 004058e0 f   MiniDump.obj
 0001:000049f0       ??0CProcessManager@@QAE@XZ 004059f0 f   ProcessManager.obj
 0001:00004ad0       ??_ECProcessManager@@UAEPAXI@Z 00405ad0 f i  CIL library: CIL module
 0001:00004ad0       ??_GCProcessManager@@UAEPAXI@Z 00405ad0 f i ProcessManager.obj
 0001:00004b70       ?CheckProcess@CProcessManager@@QAE_NXZ 00405b70 f   ProcessManager.obj
 0001:00004d50       ?CheckProcessModule@CProcessManager@@QAE_NPAXPAD@Z 00405d50 f   ProcessManager.obj
 0001:00004e30       ?StartProcessModule@CProcessManager@@QAE_NPAXPADH@Z 00405e30 f   ProcessManager.obj
 0001:00004f80       ?ClearProcessCache@CProcessManager@@QAEXXZ 00405f80 f   ProcessManager.obj
 0001:00005020       ?GetProcessCache@CProcessManager@@QAE_NPAUPROCESS_CACHE_INFO@@K@Z 00406020 f   ProcessManager.obj
 0001:000050a0       ?InsertProcessCacheInfo@CProcessManager@@QAEXUPROCESS_CACHE_INFO@@@Z 004060a0 f   ProcessManager.obj
 0001:00005150       ?erase@?$_Tree@V?$_Tmap_traits@KUPROCESS_CACHE_INFO@@U?$less@K@std@@V?$allocator@U?$pair@$$CBKUPROCESS_CACHE_INFO@@@std@@@3@$0A@@std@@@std@@QAE?AV?$_Tree_iterator@V?$_Tree_val@V?$_Tmap_traits@KUPROCESS_CACHE_INFO@@U?$less@K@std@@V?$allocator@U?$pair@$$CBKUPROCESS_CACHE_INFO@@@std@@@3@$0A@@std@@@std@@@2@V?$_Tree_const_iterator@V?$_Tree_val@V?$_Tmap_traits@KUPROCESS_CACHE_INFO@@U?$less@K@std@@V?$allocator@U?$pair@$$CBKUPROCESS_CACHE_INFO@@@std@@@3@$0A@@std@@@std@@@2@@Z 00406150 f i ProcessManager.obj
 0001:000053b0       ?_Lrotate@?$_Tree@V?$_Tmap_traits@KUPROCESS_CACHE_INFO@@U?$less@K@std@@V?$allocator@U?$pair@$$CBKUPROCESS_CACHE_INFO@@@std@@@3@$0A@@std@@@std@@IAEXPAU_Node@?$_Tree_nod@V?$_Tmap_traits@KUPROCESS_CACHE_INFO@@U?$less@K@std@@V?$allocator@U?$pair@$$CBKUPROCESS_CACHE_INFO@@@std@@@3@$0A@@std@@@2@@Z 004063b0 f i ProcessManager.obj
 0001:00005410       ?_Rrotate@?$_Tree@V?$_Tmap_traits@KUPROCESS_CACHE_INFO@@U?$less@K@std@@V?$allocator@U?$pair@$$CBKUPROCESS_CACHE_INFO@@@std@@@3@$0A@@std@@@std@@IAEXPAU_Node@?$_Tree_nod@V?$_Tmap_traits@KUPROCESS_CACHE_INFO@@U?$less@K@std@@V?$allocator@U?$pair@$$CBKUPROCESS_CACHE_INFO@@@std@@@3@$0A@@std@@@2@@Z 00406410 f i ProcessManager.obj
 0001:00005470       ?_Max@?$_Tree_val@V?$_Tmap_traits@KUPROCESS_CACHE_INFO@@U?$less@K@std@@V?$allocator@U?$pair@$$CBKUPROCESS_CACHE_INFO@@@std@@@3@$0A@@std@@@std@@SAPAU_Node@?$_Tree_nod@V?$_Tmap_traits@KUPROCESS_CACHE_INFO@@U?$less@K@std@@V?$allocator@U?$pair@$$CBKUPROCESS_CACHE_INFO@@@std@@@3@$0A@@std@@@2@PAU342@@Z 00406470 f i ProcessManager.obj
 0001:00005490       ??E?$_Tree_const_iterator@V?$_Tree_val@V?$_Tmap_traits@KUPROCESS_CACHE_INFO@@U?$less@K@std@@V?$allocator@U?$pair@$$CBKUPROCESS_CACHE_INFO@@@std@@@3@$0A@@std@@@std@@@std@@QAEAAV01@XZ 00406490 f i ProcessManager.obj
 0001:000054e0       ?erase@?$_Tree@V?$_Tmap_traits@KUPROCESS_CACHE_INFO@@U?$less@K@std@@V?$allocator@U?$pair@$$CBKUPROCESS_CACHE_INFO@@@std@@@3@$0A@@std@@@std@@QAE?AV?$_Tree_iterator@V?$_Tree_val@V?$_Tmap_traits@KUPROCESS_CACHE_INFO@@U?$less@K@std@@V?$allocator@U?$pair@$$CBKUPROCESS_CACHE_INFO@@@std@@@3@$0A@@std@@@std@@@2@V?$_Tree_const_iterator@V?$_Tree_val@V?$_Tmap_traits@KUPROCESS_CACHE_INFO@@U?$less@K@std@@V?$allocator@U?$pair@$$CBKUPROCESS_CACHE_INFO@@@std@@@3@$0A@@std@@@std@@@2@0@Z 004064e0 f i ProcessManager.obj
 0001:00005580       ?clear@?$_Tree@V?$_Tmap_traits@KUPROCESS_CACHE_INFO@@U?$less@K@std@@V?$allocator@U?$pair@$$CBKUPROCESS_CACHE_INFO@@@std@@@3@$0A@@std@@@std@@QAEXXZ 00406580 f i ProcessManager.obj
 0001:000055d0       ?_Erase@?$_Tree@V?$_Tmap_traits@KUPROCESS_CACHE_INFO@@U?$less@K@std@@V?$allocator@U?$pair@$$CBKUPROCESS_CACHE_INFO@@@std@@@3@$0A@@std@@@std@@IAEXPAU_Node@?$_Tree_nod@V?$_Tmap_traits@KUPROCESS_CACHE_INFO@@U?$less@K@std@@V?$allocator@U?$pair@$$CBKUPROCESS_CACHE_INFO@@@std@@@3@$0A@@std@@@2@@Z 004065d0 f i ProcessManager.obj
 0001:00005610       ?_Linsert@?$_Tree@V?$_Tmap_traits@KUPROCESS_CACHE_INFO@@U?$less@K@std@@V?$allocator@U?$pair@$$CBKUPROCESS_CACHE_INFO@@@std@@@3@$0A@@std@@@std@@QAE?AU?$pair@V?$_Tree_iterator@V?$_Tree_val@V?$_Tmap_traits@KUPROCESS_CACHE_INFO@@U?$less@K@std@@V?$allocator@U?$pair@$$CBKUPROCESS_CACHE_INFO@@@std@@@3@$0A@@std@@@std@@@std@@_N@2@PAU_Node@?$_Tree_nod@V?$_Tmap_traits@KUPROCESS_CACHE_INFO@@U?$less@K@std@@V?$allocator@U?$pair@$$CBKUPROCESS_CACHE_INFO@@@std@@@3@$0A@@std@@@2@_N@Z 00406610 f i ProcessManager.obj
 0001:000056e0       ?_Insert@?$_Tree@V?$_Tmap_traits@KUPROCESS_CACHE_INFO@@U?$less@K@std@@V?$allocator@U?$pair@$$CBKUPROCESS_CACHE_INFO@@@std@@@3@$0A@@std@@@std@@IAE?AV?$_Tree_iterator@V?$_Tree_val@V?$_Tmap_traits@KUPROCESS_CACHE_INFO@@U?$less@K@std@@V?$allocator@U?$pair@$$CBKUPROCESS_CACHE_INFO@@@std@@@3@$0A@@std@@@std@@@2@_NPAU_Node@?$_Tree_nod@V?$_Tmap_traits@KUPROCESS_CACHE_INFO@@U?$less@K@std@@V?$allocator@U?$pair@$$CBKUPROCESS_CACHE_INFO@@@std@@@3@$0A@@std@@@2@1@Z 004066e0 f i ProcessManager.obj
 0001:00005900       ??F?$_Tree_unchecked_const_iterator@V?$_Tree_val@V?$_Tmap_traits@KUPROCESS_CACHE_INFO@@U?$less@K@std@@V?$allocator@U?$pair@$$CBKUPROCESS_CACHE_INFO@@@std@@@3@$0A@@std@@@std@@U_Iterator_base0@2@@std@@QAEAAV01@XZ 00406900 f i ProcessManager.obj
 0001:00005960       ??$_Buynode@U?$pair@KUPROCESS_CACHE_INFO@@@std@@@?$_Tree_val@V?$_Tmap_traits@KUPROCESS_CACHE_INFO@@U?$less@K@std@@V?$allocator@U?$pair@$$CBKUPROCESS_CACHE_INFO@@@std@@@3@$0A@@std@@@std@@QAEPAU_Node@?$_Tree_nod@V?$_Tmap_traits@KUPROCESS_CACHE_INFO@@U?$less@K@std@@V?$allocator@U?$pair@$$CBKUPROCESS_CACHE_INFO@@@std@@@3@$0A@@std@@@1@$$QAU?$pair@KUPROCESS_CACHE_INFO@@@1@@Z 00406960 f i ProcessManager.obj
 0001:000059d0       ??_ECQueue@@UAEPAXI@Z      004069d0 f i  CIL library: CIL module
 0001:000059d0       ??_GCQueue@@UAEPAXI@Z      004069d0 f i Queue.obj
 0001:00005a60       ??1?$queue@UQUEUE_INFO@@V?$deque@UQUEUE_INFO@@V?$allocator@UQUEUE_INFO@@@std@@@std@@@std@@QAE@XZ 00406a60 f i Queue.obj
 0001:00005a80       ??1CQueue@@UAE@XZ          00406a80 f   Queue.obj
 0001:00005b00       ?ClearQueue@CQueue@@QAEXXZ 00406b00 f   Queue.obj
 0001:00005c10       ?_Tidy@?$deque@UQUEUE_INFO@@V?$allocator@UQUEUE_INFO@@@std@@@std@@IAEXXZ 00406c10 f i Queue.obj
 0001:00005c80       ?begin@?$deque@UQUEUE_INFO@@V?$allocator@UQUEUE_INFO@@@std@@@std@@QAE?AV?$_Deque_iterator@UQUEUE_INFO@@V?$allocator@UQUEUE_INFO@@@std@@@2@XZ 00406c80 f i Queue.obj
 0001:00005ca0       ?_Growmap@?$deque@UQUEUE_INFO@@V?$allocator@UQUEUE_INFO@@@std@@@std@@IAEXI@Z 00406ca0 f i Queue.obj
 0001:00005e30       ??_ECReadFiles@@UAEPAXI@Z  00406e30 f i  CIL library: CIL module
 0001:00005e30       ??_GCReadFiles@@UAEPAXI@Z  00406e30 f i ReadFiles.obj
 0001:00005e60       ??1CReadFiles@@UAE@XZ      00406e60 f   ReadFiles.obj
 0001:00005ee0       ?DumpList@CReadFiles@@QAEXPAD@Z 00406ee0 f   ReadFiles.obj
 0001:00006180       ?ChecksumList@CReadFiles@@QAEXPAD@Z 00407180 f   ReadFiles.obj
 0001:000062f0       ?InternalList@CReadFiles@@QAEXPAD@Z 004072f0 f   ReadFiles.obj
 0001:00006500       ?WindowList@CReadFiles@@QAEXPAD@Z 00407500 f   ReadFiles.obj
 0001:00006640       ?UpdateInternalList@CReadFiles@@QAEXXZ 00407640 f   ReadFiles.obj
 0001:000068f0       ?push_back@?$vector@UCSUM_LIST_INFO@@V?$allocator@UCSUM_LIST_INFO@@@std@@@std@@QAEXABUCSUM_LIST_INFO@@@Z 004078f0 f i ReadFiles.obj
 0001:00006950       ?clear@?$vector@UCSUM_LIST_INFO@@V?$allocator@UCSUM_LIST_INFO@@@std@@@std@@QAEXXZ 00407950 f i ReadFiles.obj
 0001:000069a0       ?clear@?$vector@UITRN_LIST_INFO@@V?$allocator@UITRN_LIST_INFO@@@std@@@std@@QAEXXZ 004079a0 f i ReadFiles.obj
 0001:000069f0       ?push_back@?$vector@UWNDW_LIST_INFO@@V?$allocator@UWNDW_LIST_INFO@@@std@@@std@@QAEXABUWNDW_LIST_INFO@@@Z 004079f0 f i ReadFiles.obj
 0001:00006a50       ?clear@?$vector@UWNDW_LIST_INFO@@V?$allocator@UWNDW_LIST_INFO@@@std@@@std@@QAEXXZ 00407a50 f i ReadFiles.obj
 0001:00006aa0       ?_Reserve@?$vector@UDUMP_LIST_INFO@@V?$allocator@UDUMP_LIST_INFO@@@std@@@std@@IAEXI@Z 00407aa0 f i ReadFiles.obj
 0001:00006b10       ?_Reserve@?$vector@UCSUM_LIST_INFO@@V?$allocator@UCSUM_LIST_INFO@@@std@@@std@@IAEXI@Z 00407b10 f i ReadFiles.obj
 0001:00006b80       ?_Reserve@?$vector@UITRN_LIST_INFO@@V?$allocator@UITRN_LIST_INFO@@@std@@@std@@IAEXI@Z 00407b80 f i ReadFiles.obj
 0001:00006bf0       ?_Reserve@?$vector@UWNDW_LIST_INFO@@V?$allocator@UWNDW_LIST_INFO@@@std@@@std@@IAEXI@Z 00407bf0 f i ReadFiles.obj
 0001:00006c60       ?reserve@?$vector@UDUMP_LIST_INFO@@V?$allocator@UDUMP_LIST_INFO@@@std@@@std@@QAEXI@Z 00407c60 f i ReadFiles.obj
 0001:00006d50       ?reserve@?$vector@UCSUM_LIST_INFO@@V?$allocator@UCSUM_LIST_INFO@@@std@@@std@@QAEXI@Z 00407d50 f i ReadFiles.obj
 0001:00006e40       ?reserve@?$vector@UITRN_LIST_INFO@@V?$allocator@UITRN_LIST_INFO@@@std@@@std@@QAEXI@Z 00407e40 f i ReadFiles.obj
 0001:00006f30       ?reserve@?$vector@UWNDW_LIST_INFO@@V?$allocator@UWNDW_LIST_INFO@@@std@@@std@@QAEXI@Z 00407f30 f i ReadFiles.obj
 0001:00007020       ?allocate@?$allocator@UDUMP_LIST_INFO@@@std@@QAEPAUDUMP_LIST_INFO@@I@Z 00408020 f i ReadFiles.obj
 0001:00007080       ?allocate@?$allocator@UCSUM_LIST_INFO@@@std@@QAEPAUCSUM_LIST_INFO@@I@Z 00408080 f i ReadFiles.obj
 0001:000070e0       ?allocate@?$allocator@UITRN_LIST_INFO@@@std@@QAEPAUITRN_LIST_INFO@@I@Z 004080e0 f i ReadFiles.obj
 0001:00007140       ?allocate@?$allocator@UWNDW_LIST_INFO@@@std@@QAEPAUWNDW_LIST_INFO@@I@Z 00408140 f i ReadFiles.obj
 0001:000071a0       ??$_Uninit_move@PAUDUMP_LIST_INFO@@PAU1@V?$allocator@UDUMP_LIST_INFO@@@std@@U1@@std@@YAPAUDUMP_LIST_INFO@@PAU1@00AAV?$allocator@UDUMP_LIST_INFO@@@0@0U_Nonscalar_ptr_iterator_tag@0@@Z 004081a0 f i ReadFiles.obj
 0001:000071d0       ??$_Uninit_move@PAUCSUM_LIST_INFO@@PAU1@V?$allocator@UCSUM_LIST_INFO@@@std@@U1@@std@@YAPAUCSUM_LIST_INFO@@PAU1@00AAV?$allocator@UCSUM_LIST_INFO@@@0@0U_Nonscalar_ptr_iterator_tag@0@@Z 004081d0 f i ReadFiles.obj
 0001:00007200       ??$_Uninit_move@PAUITRN_LIST_INFO@@PAU1@V?$allocator@UITRN_LIST_INFO@@@std@@U1@@std@@YAPAUITRN_LIST_INFO@@PAU1@00AAV?$allocator@UITRN_LIST_INFO@@@0@0U_Nonscalar_ptr_iterator_tag@0@@Z 00408200 f i ReadFiles.obj
 0001:00007230       ??$_Uninit_move@PAUWNDW_LIST_INFO@@PAU1@V?$allocator@UWNDW_LIST_INFO@@@std@@U1@@std@@YAPAUWNDW_LIST_INFO@@PAU1@00AAV?$allocator@UWNDW_LIST_INFO@@@0@0U_Nonscalar_ptr_iterator_tag@0@@Z 00408230 f i ReadFiles.obj
 0001:00007260       ??0CServerDisplayer@@QAE@XZ 00408260 f   ServerDisplayer.obj
 0001:00007300       ??_GCServerDisplayer@@UAEPAXI@Z 00408300 f i ServerDisplayer.obj
 0001:00007300       ??_ECServerDisplayer@@UAEPAXI@Z 00408300 f i  CIL library: CIL module
 0001:00007340       ?Run@CServerDisplayer@@QAEXXZ 00408340 f   ServerDisplayer.obj
 0001:000073a0       ?PaintAllInfo@CServerDisplayer@@QAEXXZ 004083a0 f   ServerDisplayer.obj
 0001:000074f0       ?LogTextPaint@CServerDisplayer@@QAEXXZ 004084f0 f   ServerDisplayer.obj
 0001:00007620       ?LogAddText@CServerDisplayer@@QAEXW4eLogColor@@PADH@Z 00408620 f   ServerDisplayer.obj
 0001:000076b0       ??_GCServerInfo@@UAEPAXI@Z 004086b0 f i ServerInfo.obj
 0001:000076b0       ??_ECServerInfo@@UAEPAXI@Z 004086b0 f i  CIL library: CIL module
 0001:000076e0       ?ReadInit@CServerInfo@@QAEXXZ 004086e0 f   ServerInfo.obj
 0001:000077b0       ?ReadDumpList@CServerInfo@@QAEXXZ 004087b0 f   ServerInfo.obj
 0001:000077d0       ?ReadWindowList@CServerInfo@@QAEXXZ 004087d0 f   ServerInfo.obj
 0001:000077f0       ?ReadBlackList@CServerInfo@@QAEXXZ 004087f0 f   ServerInfo.obj
 0001:00007810       ?ReadStartupInfo@CServerInfo@@QAEXPAD0@Z 00408810 f   ServerInfo.obj
 0001:000078d0       ?ReadConfig@CServerInfo@@QAEXPAD0@Z 004088d0 f   ServerInfo.obj
 0001:00007c20       ??0CSocketManager@@QAE@XZ  00408c20 f   SocketManager.obj
 0001:00007d80       ??_ECSocketManager@@UAEPAXI@Z 00408d80 f i  CIL library: CIL module
 0001:00007d80       ??_GCSocketManager@@UAEPAXI@Z 00408d80 f i SocketManager.obj
 0001:00007db0       ??1CSocketManager@@UAE@XZ  00408db0 f   SocketManager.obj
 0001:00007e60       ?Start@CSocketManager@@QAE_NG@Z 00408e60 f   SocketManager.obj
 0001:00007ec0       ?Clean@CSocketManager@@QAEXXZ 00408ec0 f   SocketManager.obj
 0001:00007f90       ?CreateListenSocket@CSocketManager@@QAE_NXZ 00408f90 f   SocketManager.obj
 0001:00008090       ?CreateCompletionPort@CSocketManager@@QAE_NXZ 00409090 f   SocketManager.obj
 0001:00008100       ?CreateAcceptThread@CSocketManager@@QAE_NXZ 00409100 f   SocketManager.obj
 0001:00008170       ?CreateWorkerThread@CSocketManager@@QAE_NXZ 00409170 f   SocketManager.obj
 0001:00008220       ?CreateServerQueue@CSocketManager@@QAE_NXZ 00409220 f   SocketManager.obj
 0001:000082c0       ?DataRecv@CSocketManager@@QAE_NHPAUIO_MAIN_BUFFER@@@Z 004092c0 f   SocketManager.obj
 0001:00008550       ?DataSend@CSocketManager@@QAE_NHPAEH@Z 00409550 f   SocketManager.obj
 0001:000087b0       ?Disconnect@CSocketManager@@QAEXH@Z 004097b0 f   SocketManager.obj
 0001:00008860       ?OnRecv@CSocketManager@@QAEXHKPAUIO_RECV_CONTEXT@@@Z 00409860 f   SocketManager.obj
 0001:00008980       ?OnSend@CSocketManager@@QAEXHKPAUIO_SEND_CONTEXT@@@Z 00409980 f   SocketManager.obj
 0001:00008b40       ?ServerAcceptCondition@CSocketManager@@SGHPAU_WSABUF@@0PAU_QualityOfService@@100PAIPAV1@@Z 00409b40 f   SocketManager.obj
 0001:00008b70       ?ServerAcceptThread@CSocketManager@@SGKPAV1@@Z 00409b70 f   SocketManager.obj
 0001:00008d20       ?ServerWorkerThread@CSocketManager@@SGKPAV1@@Z 00409d20 f   SocketManager.obj
 0001:00008e10       ?ServerQueueThread@CSocketManager@@SGKPAV1@@Z 00409e10 f   SocketManager.obj
 0001:00008f40       ?ErrorMessageBox@@YAXPADZZ 00409f40 f   Util.obj
 0001:00008fc0       ?LogAdd@@YAXW4eLogColor@@PADZZ 00409fc0 f   Util.obj
 0001:00009080       ?TimeoutProc@@YAXXZ        0040a080 f   Util.obj
 0001:000090e0       ?GetUserCount@@YAHXZ       0040a0e0 f   Util.obj
 0001:000091e0       ?GetFreeClientIndex@@YAHXZ 0040a1e0 f   Util.obj
 0001:00009270       ?SearchFreeClientIndex@@YAHPAHHHK@Z 0040a270 f   Util.obj
 0001:000092f0       ?RemoveCharacter@@YAPADPADD@Z 0040a2f0 f   Util.obj
 0001:00009350       ??$sprintf_s@$09@@YAHAAY09DPBDZZ 0040a350 f i Util.obj
 0001:00009368       ??1out_of_range@std@@UAE@XZ 0040a368 f i libcpmt:xthrow.obj
 0001:00009368       ??1length_error@std@@UAE@XZ 0040a368 f i libcpmt:xthrow.obj
 0001:0000936d       ??0logic_error@std@@QAE@ABV01@@Z 0040a36d f i libcpmt:xthrow.obj
 0001:0000938a       ?_Xlength_error@std@@YAXPBD@Z 0040a38a f   libcpmt:xthrow.obj
 0001:000093ba       ??0length_error@std@@QAE@ABV01@@Z 0040a3ba f i libcpmt:xthrow.obj
 0001:000093d7       ?_Xout_of_range@std@@YAXPBD@Z 0040a3d7 f   libcpmt:xthrow.obj
 0001:00009407       ??0out_of_range@std@@QAE@ABV01@@Z 0040a407 f i libcpmt:xthrow.obj
 0001:00009424       ??_Glength_error@std@@UAEPAXI@Z 0040a424 f i libcpmt:xthrow.obj
 0001:00009424       ??_Elength_error@std@@UAEPAXI@Z 0040a424 f i libcpmt:xthrow.obj
 0001:00009424       ??_Elogic_error@std@@UAEPAXI@Z 0040a424 f i libcpmt:xthrow.obj
 0001:00009424       ??_Eout_of_range@std@@UAEPAXI@Z 0040a424 f i libcpmt:xthrow.obj
 0001:00009424       ??_Glogic_error@std@@UAEPAXI@Z 0040a424 f i libcpmt:xthrow.obj
 0001:00009424       ??_Gout_of_range@std@@UAEPAXI@Z 0040a424 f i libcpmt:xthrow.obj
 0001:00009445       ??_U@YAPAXI@Z              0040a445 f   libcpmt:newaop.obj
 0001:00009450       @__security_check_cookie@4 0040a450 f   LIBCMT:secchk.obj
 0001:0000945f       ??2@YAPAXI@Z               0040a45f f   LIBCMT:new.obj
 0001:000094df       ??3@YAXPAX@Z               0040a4df f   LIBCMT:delete.obj
 0001:000094ea       __fsopen                   0040a4ea f   LIBCMT:fopen.obj
 0001:000095a6       _fopen                     0040a5a6 f   LIBCMT:fopen.obj
 0001:000095bd       _fopen_s                   0040a5bd f   LIBCMT:fopen.obj
 0001:00009604       _fputs                     0040a604 f   LIBCMT:fputs.obj
 0001:0000970a       __fclose_nolock            0040a70a f   LIBCMT:fclose.obj
 0001:00009777       _fclose                    0040a777 f   LIBCMT:fclose.obj
 0001:000097eb       _rand                      0040a7eb f   LIBCMT:rand.obj
 0001:000098c2       ___onexitinit              0040a8c2 f   LIBCMT:onexit.obj
 0001:000098f3       __onexit                   0040a8f3 f   LIBCMT:onexit.obj
 0001:0000992f       _atexit                    0040a92f f   LIBCMT:onexit.obj
 0001:00009950       _memmove                   0040a950 f   LIBCMT:memmove.obj
 0001:00009cb1       _strcpy_s                  0040acb1 f   LIBCMT:strcpy_s.obj
 0001:00009d10       ??1type_info@@UAE@XZ       0040ad10 f   LIBCMT:typinfo.obj
 0001:00009d20       ??_Etype_info@@UAEPAXI@Z   0040ad20 f i LIBCMT:typinfo.obj
 0001:00009d20       ??_Gtype_info@@UAEPAXI@Z   0040ad20 f i LIBCMT:typinfo.obj
 0001:00009d41       ??8type_info@@QBE_NABV0@@Z 0040ad41 f   LIBCMT:typinfo.obj
 0001:00009d61       ??0exception@std@@QAE@ABQBDH@Z 0040ad61 f   LIBCMT:stdexcpt.obj
 0001:00009d7e       ?what@exception@std@@UBEPBDXZ 0040ad7e f   LIBCMT:stdexcpt.obj
 0001:00009d8b       ?_Copy_str@exception@std@@AAEXPBD@Z 0040ad8b f   LIBCMT:stdexcpt.obj
 0001:00009dcb       ?_Tidy@exception@std@@AAEXXZ 0040adcb f   LIBCMT:stdexcpt.obj
 0001:00009de9       ??0exception@std@@QAE@ABQBD@Z 0040ade9 f   LIBCMT:stdexcpt.obj
 0001:00009e10       ??4exception@std@@QAEAAV01@ABV01@@Z 0040ae10 f   LIBCMT:stdexcpt.obj
 0001:00009e45       ??1exception@std@@UAE@XZ   0040ae45 f   LIBCMT:stdexcpt.obj
 0001:00009e50       ??_Gexception@std@@UAEPAXI@Z 0040ae50 f i LIBCMT:stdexcpt.obj
 0001:00009e50       ??_Eexception@std@@UAEPAXI@Z 0040ae50 f i LIBCMT:stdexcpt.obj
 0001:00009e77       ??0exception@std@@QAE@ABV01@@Z 0040ae77 f   LIBCMT:stdexcpt.obj
 0001:00009e9c       _malloc                    0040ae9c f   LIBCMT:malloc.obj
 0001:00009f30       __fread_nolock_s           0040af30 f   LIBCMT:fread.obj
 0001:0000a0ec       _fread_s                   0040b0ec f   LIBCMT:fread.obj
 0001:0000a17a       _fread                     0040b17a f   LIBCMT:fread.obj
 0001:0000a197       _free                      0040b197 f   LIBCMT:free.obj
 0001:0000a1d1       ??_L@YGXPAXIHP6EX0@Z1@Z    0040b1d1 f   LIBCMT:ehvecctr.obj
 0001:0000a236       ?__ArrayUnwind@@YGXPAXIHP6EX0@Z@Z 0040b236 f   LIBCMT:ehvecdtr.obj
 0001:0000a294       ??_M@YGXPAXIHP6EX0@Z@Z     0040b294 f   LIBCMT:ehvecdtr.obj
 0001:0000a2f7       _strtok_s                  0040b2f7 f   LIBCMT:strtok_s.obj
 0001:0000a3d7       _atol                      0040b3d7 f   LIBCMT:atox.obj
 0001:0000a3ed       _atoi                      0040b3ed f   LIBCMT:atox.obj
 0001:0000a3f8       __vsnprintf_helper         0040b3f8 f   LIBCMT:vsnprnc.obj
 0001:0000a4c2       __vsprintf_s_l             0040b4c2 f   LIBCMT:vsnprnc.obj
 0001:0000a539       _vsprintf_s                0040b539 f   LIBCMT:vsnprnc.obj
 0001:0000a560       _strstr                    0040b560 f   LIBCMT:strstr.obj
 0001:0000a5e6       _strncpy_s                 0040b5e6 f   LIBCMT:strncpy_s.obj
 0001:0000a6b0       _strchr                    0040b6b0 f   LIBCMT:strchr.obj
 0001:0000a6b6       ___from_strstr_to_strchr   0040b6b6     LIBCMT:strchr.obj
 0001:0000a76e       ??_V@YAXPAX@Z              0040b76e f   LIBCMT:delete2.obj
 0001:0000a779       ??0_LocaleUpdate@@QAE@PAUlocaleinfo_struct@@@Z 0040b779 f i LIBCMT:_ctype.obj
 0001:0000a800       __isalpha_l                0040b800 f i LIBCMT:_ctype.obj
 0001:0000a856       _isalpha                   0040b856 f i LIBCMT:_ctype.obj
 0001:0000a886       __isdigit_l                0040b886 f i LIBCMT:_ctype.obj
 0001:0000a8d7       _isdigit                   0040b8d7 f i LIBCMT:_ctype.obj
 0001:0000a905       __isxdigit_l               0040b905 f i LIBCMT:_ctype.obj
 0001:0000a95b       _isxdigit                  0040b95b f i LIBCMT:_ctype.obj
 0001:0000a98b       __isspace_l                0040b98b f i LIBCMT:_ctype.obj
 0001:0000a9dc       _isspace                   0040b9dc f i LIBCMT:_ctype.obj
 0001:0000aa0a       __isalnum_l                0040ba0a f i LIBCMT:_ctype.obj
 0001:0000aa60       _isalnum                   0040ba60 f i LIBCMT:_ctype.obj
 0001:0000aa90       __atof_l                   0040ba90 f   LIBCMT:atof.obj
 0001:0000ab3b       _atof                      0040bb3b f   LIBCMT:atof.obj
 0001:0000abbc       _sscanf_s                  0040bbbc f   LIBCMT:sscanf.obj
 0001:0000abde       __fwrite_nolock            0040bbde f   LIBCMT:fwrite.obj
 0001:0000ad35       _fwrite                    0040bd35 f   LIBCMT:fwrite.obj
 0001:0000adaf       _rename                    0040bdaf f   LIBCMT:rename.obj
 0001:0000b00d       _strtol                    0040c00d f   LIBCMT:strtol.obj
 0001:0000b038       _strtoul                   0040c038 f   LIBCMT:strtol.obj
 0001:0000b064       __time64                   0040c064 f   LIBCMT:time64.obj
 0001:0000b0b5       __localtime64_s            0040c0b5 f   LIBCMT:loctim64.obj
 0001:0000b33d       _asctime_s                 0040c33d f   LIBCMT:asctime.obj
 0001:0000b6a2       _WinMainCRTStartup         0040c6a2 f   LIBCMT:wincrt0.obj
 0001:0000b6ac       __CxxThrowException@8      0040c6ac f   LIBCMT:throw.obj
 0001:0000b6f8       ___report_gsfailure        0040c6f8 f   LIBCMT:gs_report.obj
 0001:0000b7fe       __initp_heap_handler       0040c7fe f   LIBCMT:handler.obj
 0001:0000b80d       __callnewh                 0040c80d f   LIBCMT:handler.obj
 0001:0000b835       ___iob_func                0040c835 f   LIBCMT:_file.obj
 0001:0000b83b       ___initstdio               0040c83b f   LIBCMT:_file.obj
 0001:0000b8ec       ___endstdio                0040c8ec f   LIBCMT:_file.obj
 0001:0000b90c       __lock_file                0040c90c f   LIBCMT:_file.obj
 0001:0000b94d       __lock_file2               0040c94d f   LIBCMT:_file.obj
 0001:0000b97f       __unlock_file              0040c97f f   LIBCMT:_file.obj
 0001:0000b9bb       __unlock_file2             0040c9bb f   LIBCMT:_file.obj
 0001:0000b9ea       __openfile                 0040c9ea f   LIBCMT:_open.obj
 0001:0000bc81       __getstream                0040cc81 f   LIBCMT:stream.obj
 0001:0000bdb4       __initp_misc_invarg        0040cdb4 f   LIBCMT:invarg.obj
 0001:0000bdc3       __call_reportfault         0040cdc3 f   LIBCMT:invarg.obj
 0001:0000beec       __invoke_watson            0040ceec f   LIBCMT:invarg.obj
 0001:0000bf11       __invalid_parameter        0040cf11 f   LIBCMT:invarg.obj
 0001:0000bf3e       __invalid_parameter_noinfo 0040cf3e f   LIBCMT:invarg.obj
 0001:0000bf4e       __get_errno_from_oserr     0040cf4e f   LIBCMT:dosmap.obj
 0001:0000bf90       __errno                    0040cf90 f   LIBCMT:dosmap.obj
 0001:0000bfa3       ___doserrno                0040cfa3 f   LIBCMT:dosmap.obj
 0001:0000bfb6       __dosmaperr                0040cfb6 f   LIBCMT:dosmap.obj
 0001:0000bff0       __SEH_prolog4              0040cff0 f   LIBCMT:sehprolg4.obj
 0001:0000c035       __SEH_epilog4              0040d035 f   LIBCMT:sehprolg4.obj
 0001:0000c050       __except_handler4          0040d050 f   LIBCMT:chandler4.obj
 0001:0000c1e0       __local_unwind4            0040d1e0 f   LIBCMT:exsup4.obj
 0001:0000c2b6       __seh_longjmp_unwind4@4    0040d2b6 f   LIBCMT:exsup4.obj
 0001:0000c2d2       @_EH4_CallFilterFunc@8     0040d2d2 f   LIBCMT:exsup4.obj
 0001:0000c2e9       @_EH4_TransferToHandler@8  0040d2e9 f   LIBCMT:exsup4.obj
 0001:0000c302       @_EH4_GlobalUnwind2@8      0040d302 f   LIBCMT:exsup4.obj
 0001:0000c31b       @_EH4_LocalUnwind@16       0040d31b f   LIBCMT:exsup4.obj
 0001:0000c332       __stbuf                    0040d332 f   LIBCMT:_sftbuf.obj
 0001:0000c3ce       __ftbuf                    0040d3ce f   LIBCMT:_sftbuf.obj
 0001:0000c410       _strlen                    0040d410 f   LIBCMT:strlen.obj
 0001:0000c49b       __ioinit                   0040d49b f   LIBCMT:ioinit.obj
 0001:0000c6e0       __fileno                   0040d6e0 f   LIBCMT:fileno.obj
 0001:0000c706       __close_nolock             0040d706 f   LIBCMT:close.obj
 0001:0000c7a2       __close                    0040d7a2 f   LIBCMT:close.obj
 0001:0000c866       __freebuf                  0040d866 f   LIBCMT:_freebuf.obj
 0001:0000c897       __flush                    0040d897 f   LIBCMT:fflush.obj
 0001:0000c8ff       __fflush_nolock            0040d8ff f   LIBCMT:fflush.obj
 0001:0000ca21       __flushall                 0040da21 f   LIBCMT:fflush.obj
 0001:0000ca2a       __encoded_null             0040da2a f   LIBCMT:tidtable.obj
 0001:0000ca33       ___crtTlsAlloc@4           0040da33 f   LIBCMT:tidtable.obj
 0001:0000ca3c       ___set_flsgetvalue         0040da3c f   LIBCMT:tidtable.obj
 0001:0000ca70       __mtterm                   0040da70 f   LIBCMT:tidtable.obj
 0001:0000caad       __initptd                  0040daad f   LIBCMT:tidtable.obj
 0001:0000cb61       __getptd_noexit            0040db61 f   LIBCMT:tidtable.obj
 0001:0000cbda       __getptd                   0040dbda f   LIBCMT:tidtable.obj
 0001:0000cbf4       __freefls@4                0040dbf4 f   LIBCMT:tidtable.obj
 0001:0000cd23       __mtinit                   0040dd23 f   LIBCMT:tidtable.obj
 0001:0000ce9e       __malloc_crt               0040de9e f   LIBCMT:crtheap.obj
 0001:0000cee3       __calloc_crt               0040dee3 f   LIBCMT:crtheap.obj
 0001:0000cf2f       __realloc_crt              0040df2f f   LIBCMT:crtheap.obj
 0001:0000cf7d       __recalloc_crt             0040df7d f   LIBCMT:crtheap.obj
 0001:0000cfcf       __msize                    0040dfcf f   LIBCMT:msize.obj
 0001:0000d002       ___crtCorExitProcess       0040e002 f   LIBCMT:crt0dat.obj
 0001:0000d02d       ___crtExitProcess          0040e02d f   LIBCMT:crt0dat.obj
 0001:0000d045       __lockexit                 0040e045 f   LIBCMT:crt0dat.obj
 0001:0000d04e       __unlockexit               0040e04e f   LIBCMT:crt0dat.obj
 0001:0000d057       __init_pointers            0040e057 f   LIBCMT:crt0dat.obj
 0001:0000d08a       __initterm_e               0040e08a f   LIBCMT:crt0dat.obj
 0001:0000d0ae       __cinit                    0040e0ae f   LIBCMT:crt0dat.obj
 0001:0000d285       _exit                      0040e285 f   LIBCMT:crt0dat.obj
 0001:0000d29b       __exit                     0040e29b f   LIBCMT:crt0dat.obj
 0001:0000d2b1       __cexit                    0040e2b1 f   LIBCMT:crt0dat.obj
 0001:0000d2c0       __c_exit                   0040e2c0 f   LIBCMT:crt0dat.obj
 0001:0000d2cf       __amsg_exit                0040e2cf f   LIBCMT:crt0dat.obj
 0001:0000d2ed       __VEC_memcpy               0040e2ed f   LIBCMT:p4_memcpy.obj
 0001:0000d3f0       ___sse2_available_init     0040e3f0 f   LIBCMT:cpu_disp.obj
 0001:0000d400       ?_Type_info_dtor@type_info@@CAXPAV1@@Z 0040e400 f   LIBCMT:typname.obj
 0001:0000d470       _strcmp                    0040e470 f   LIBCMT:strcmp.obj
 0001:0000d4f8       __GET_RTERRMSG             0040e4f8 f   LIBCMT:crt0msg.obj
 0001:0000d51e       __NMSG_WRITE               0040e51e f   LIBCMT:crt0msg.obj
 0001:0000d6cd       __FF_MSGBANNER             0040e6cd f   LIBCMT:crt0msg.obj
 0001:0000d706       __heap_init                0040e706 f   LIBCMT:heapinit.obj
 0001:0000d724       __filbuf                   0040e724 f   LIBCMT:_filbuf.obj
 0001:0000d846       __read_nolock              0040e846 f   LIBCMT:read.obj
 0001:0000ddfd       __read                     0040edfd f   LIBCMT:read.obj
 0001:0000def3       _memcpy_s                  0040eef3 f   LIBCMT:memcpy_s.obj
 0001:0000df70       _memset                    0040ef70 f   LIBCMT:memset.obj
 0001:0000dfea       ?terminate@@YAXXZ          0040efea f   LIBCMT:hooks.obj
 0001:0000e023       ?unexpected@@YAXXZ         0040f023 f   LIBCMT:hooks.obj
 0001:0000e036       ?_inconsistency@@YAXXZ     0040f036 f   LIBCMT:hooks.obj
 0001:0000e06e       __initp_eh_hooks           0040f06e f   LIBCMT:hooks.obj
 0001:0000e07f       __flsbuf                   0040f07f f   LIBCMT:_flsbuf.obj
 0001:0000e28a       __output_s_l               0040f28a f   LIBCMT:outputs.obj
 0001:0000f07d       ___updatetmbcinfo          0041007d f   LIBCMT:mbctype.obj
 0001:0000f19d       __setmbcp_nolock           0041019d f   LIBCMT:mbctype.obj
 0001:0000f386       __setmbcp                  00410386 f   LIBCMT:mbctype.obj
 0001:0000f520       ___initmbctable            00410520 f   LIBCMT:mbctype.obj
 0001:0000f53e       ___addlocaleref            0041053e f   LIBCMT:localref.obj
 0001:0000f5cd       ___removelocaleref         004105cd f   LIBCMT:localref.obj
 0001:0000f666       ___freetlocinfo            00410666 f   LIBCMT:localref.obj
 0001:0000f7b1       __updatetlocinfoEx_nolock  004107b1 f   LIBCMT:localref.obj
 0001:0000f7fe       ___updatetlocinfo          004107fe f   LIBCMT:localref.obj
 0001:0000f877       __isctype_l                00410877 f   LIBCMT:isctype.obj
 0001:0000f92f       __fltin2                   0041092f f   LIBCMT:_cfin_.obj
 0001:0000f9d6       __cfltcvt_init             004109d6 f   LIBCMT:_fpinit_.obj
 0001:0000fa36       __fpmath                   00410a36 f   LIBCMT:_fpinit_.obj
 0001:0000fa4f       ___strgtold12_l            00410a4f f   LIBCMT:_strgtold_.obj
 0001:000101e2       __input_s_l                004111e2 f   LIBCMT:inputs.obj
 0001:00011305       __write_nolock             00412305 f   LIBCMT:write.obj
 0001:00011a02       __write                    00412a02 f   LIBCMT:write.obj
 0001:00011ae0       _memcpy                    00412ae0 f   LIBCMT:memcpy.obj
 0001:00011e50       __aulldiv                  00412e50 f   LIBCMT:ulldiv.obj
 0001:00012599       ___tzset                   00413599 f   LIBCMT:tzset.obj
 0001:000125e8       __isindst                  004135e8 f   LIBCMT:tzset.obj
 0001:00012629       __gmtime64_s               00413629 f   LIBCMT:gmtime64.obj
 0001:00012862       __get_daylight             00413862 f   LIBCMT:timeset.obj
 0001:0001288f       __get_dstbias              0041388f f   LIBCMT:timeset.obj
 0001:000128bc       __get_timezone             004138bc f   LIBCMT:timeset.obj
 0001:000128e9       ___daylight                004138e9 f   LIBCMT:timeset.obj
 0001:000128ef       ___dstbias                 004138ef f   LIBCMT:timeset.obj
 0001:000128f5       ___timezone                004138f5 f   LIBCMT:timeset.obj
 0001:000128fb       ___tzname                  004138fb f   LIBCMT:timeset.obj
 0001:00012910       __alldiv                   00413910 f   LIBCMT:lldiv.obj
 0001:000129c0       __allrem                   004139c0 f   LIBCMT:llrem.obj
 0001:00012a72       ?__CxxUnhandledExceptionFilter@@YGJPAU_EXCEPTION_POINTERS@@@Z 00413a72 f   LIBCMT:unhandld.obj
 0001:00012ab4       ___CxxSetUnhandledExceptionFilter 00413ab4 f   LIBCMT:unhandld.obj
 0001:00012ac2       __XcptFilter               00413ac2 f   LIBCMT:winxfltr.obj
 0001:00012c0c       __wincmdln                 00413c0c f   LIBCMT:wincmdln.obj
 0001:00012c6b       __setenvp                  00413c6b f   LIBCMT:stdenvp.obj
 0001:00012ee1       __setargv                  00413ee1 f   LIBCMT:stdargv.obj
 0001:00012f9c       ___crtGetEnvironmentStringsA 00413f9c f   LIBCMT:a_env.obj
 0001:00013033       __RTC_Initialize           00414033 f   LIBCMT:_initsect_.obj
 0001:00013059       __RTC_Terminate            00414059 f   LIBCMT:_initsect_.obj
 0001:0001307f       ___security_init_cookie    0041407f f   LIBCMT:gs_support.obj
 0001:0001311a       __crt_debugger_hook        0041411a f   LIBCMT:dbghook.obj
 0001:00013122       __mtinitlocks              00414122 f   LIBCMT:mlock.obj
 0001:0001316c       __mtdeletelocks            0041416c f   LIBCMT:mlock.obj
 0001:000131c3       __unlock                   004141c3 f   LIBCMT:mlock.obj
 0001:000131da       __mtinitlocknum            004141da f   LIBCMT:mlock.obj
 0001:0001329c       __lock                     0041429c f   LIBCMT:mlock.obj
 0001:000132cf       __fcloseall                004142cf f   LIBCMT:closeall.obj
 0001:00013a9f       __sopen_helper             00414a9f f   LIBCMT:open.obj
 0001:00013b63       __sopen_s                  00414b63 f   LIBCMT:open.obj
 0001:00013b83       __mbsnbicmp_l              00414b83 f   LIBCMT:mbsnbicm.obj
 0001:00013d87       __mbsnbicmp                00414d87 f   LIBCMT:mbsnbicm.obj
 0001:00013da1       __mbsnbcmp_l               00414da1 f   LIBCMT:mbsnbcmp.obj
 0001:00013eed       __mbsnbcmp                 00414eed f   LIBCMT:mbsnbcmp.obj
 0001:00013f10       __ValidateImageBase        00414f10 f   LIBCMT:pesect.obj
 0001:00013f50       __FindPESection            00414f50 f   LIBCMT:pesect.obj
 0001:00013fa0       __IsNonwritableInCurrentImage 00414fa0 f   LIBCMT:pesect.obj
 0001:00014060       __global_unwind2           00415060 f   LIBCMT:exsup.obj
 0001:000140c5       __local_unwind2            004150c5 f   LIBCMT:exsup.obj
 0001:00014149       __abnormal_termination     00415149 f   LIBCMT:exsup.obj
 0001:0001416c       __NLG_Notify1              0041516c f   LIBCMT:exsup.obj
 0001:00014175       __NLG_Notify               00415175 f   LIBCMT:exsup.obj
 0001:0001418c       __NLG_Dispatch2            0041518c     LIBCMT:exsup.obj
 0001:0001418c       __NLG_Dispatch             0041518c     LIBCMT:exsup.obj
 0001:00014194       __NLG_Call                 00415194 f   LIBCMT:exsup.obj
 0001:00014196       __NLG_Return2              00415196     LIBCMT:exsup.obj
 0001:00014197       __isatty                   00415197 f   LIBCMT:isatty.obj
 0001:000141ed       __set_osfhnd               004151ed f   LIBCMT:osfinfo.obj
 0001:0001426e       __free_osfhnd              0041526e f   LIBCMT:osfinfo.obj
 0001:000142f4       __get_osfhandle            004152f4 f   LIBCMT:osfinfo.obj
 0001:0001435d       ___lock_fhandle            0041535d f   LIBCMT:osfinfo.obj
 0001:000143fc       __unlock_fhandle           004153fc f   LIBCMT:osfinfo.obj
 0001:00014423       __alloc_osfhnd             00415423 f   LIBCMT:osfinfo.obj
 0001:000145bc       __commit                   004155bc f   LIBCMT:commit.obj
 0001:00014695       __calloc_impl              00415695 f   LIBCMT:calloc_impl.obj
 0001:00014717       _realloc                   00415717 f   LIBCMT:realloc.obj
 0001:000147c4       __recalloc                 004157c4 f   LIBCMT:recalloc.obj
 0001:00014832       __initp_misc_winsig        00415832 f   LIBCMT:winsig.obj
 0001:00014887       ___get_sigabrt             00415887 f   LIBCMT:winsig.obj
 0001:00014894       _raise                     00415894 f   LIBCMT:winsig.obj
 0001:00014a37       __initp_misc_rand_s        00415a37 f   LIBCMT:rand_s.obj
 0001:00014a46       __initp_misc_purevirt      00415a46 f   LIBCMT:inithelp.obj
 0001:00014a55       __initp_misc_cfltcvt_tab   00415a55 f   LIBCMT:cmiscdat.obj
 0001:00014a78       ___crtMessageBoxW          00415a78 f   LIBCMT:crtmboxw.obj
 0001:00014be4       _wcscat_s                  00415be4 f   LIBCMT:wcscat_s.obj
 0001:00014c59       _wcsncpy_s                 00415c59 f   LIBCMT:wcsncpy_s.obj
 0001:00014d26       _wcslen                    00415d26 f   LIBCMT:wcslen.obj
 0001:00014d41       _wcscpy_s                  00415d41 f   LIBCMT:wcscpy_s.obj
 0001:00014da4       __set_error_mode           00415da4 f   LIBCMT:errmode.obj
 0001:00014de3       __getbuf                   00415de3 f   LIBCMT:_getbuf.obj
 0001:00014e2c       __lseeki64_nolock          00415e2c f   LIBCMT:lseeki64.obj
 0001:00014eb1       __lseeki64                 00415eb1 f   LIBCMT:lseeki64.obj
 0001:00014f9b       __VEC_memzero              00415f9b f   LIBCMT:p4_memset.obj
 0001:00015055       _abort                     00416055 f   LIBCMT:abort.obj
 0001:00015090       __allmul                   00416090 f   LIBCMT:llmul.obj
 0001:000150d0       __aulldvrm                 004160d0 f   LIBCMT:ulldvrm.obj
 0001:00015165       __get_printf_count_output  00416165 f   LIBCMT:printf.obj
 0001:0001517b       __wctomb_s_l               0041617b f   LIBCMT:wctomb.obj
 0001:000152d0       _wctomb_s                  004162d0 f   LIBCMT:wctomb.obj
 0001:000152ed       __isleadbyte_l             004162ed f i LIBCMT:_wctype.obj
 0001:00015325       _isleadbyte                00416325 f i LIBCMT:_wctype.obj
 0001:00015338       __freea                    00416338 f i LIBCMT:a_map.obj
 0001:0001553f       ___crtLCMapStringA         0041653f f   LIBCMT:a_map.obj
 0001:0001566c       ___crtGetStringTypeA       0041666c f   LIBCMT:a_str.obj
 0001:000156ac       ___free_lc_time            004166ac f   LIBCMT:inittime.obj
 0001:00015a23       ___free_lconv_num          00416a23 f   LIBCMT:initnum.obj
 0001:00015a8c       ___free_lconv_mon          00416a8c f   LIBCMT:initmon.obj
 0001:00015b8a       ____lc_codepage_func       00416b8a f   LIBCMT:initctyp.obj
 0001:00015bb0       _strcspn                   00416bb0 f   LIBCMT:strcspn.obj
 0001:00015bf6       _strncmp                   00416bf6 f   LIBCMT:strncmp.obj
 0001:00015cc0       _strpbrk                   00416cc0 f   LIBCMT:strpbrk.obj
 0001:00015d00       __ld12tod                  00416d00 f   LIBCMT:_intrncvt_.obj
 0001:00016251       __ld12tof                  00417251 f   LIBCMT:_intrncvt_.obj
 0001:000167a2       __forcdecpt_l              004177a2 f   LIBCMT:cvt.obj
 0001:00016816       __cropzeros_l              00417816 f   LIBCMT:cvt.obj
 0001:00016898       __positive                 00417898 f   LIBCMT:cvt.obj
 0001:000168b4       __fassign_l                004178b4 f   LIBCMT:cvt.obj
 0001:000168f6       __fassign                  004178f6 f   LIBCMT:cvt.obj
 0001:0001692f       __forcdecpt                0041792f f   LIBCMT:cvt.obj
 0001:00016942       __cropzeros                00417942 f   LIBCMT:cvt.obj
 0001:00016ab6       __cftoe_l                  00417ab6 f   LIBCMT:cvt.obj
 0001:00016b7d       __cftoe                    00417b7d f   LIBCMT:cvt.obj
 0001:00016b9d       __cftoa_l                  00417b9d f   LIBCMT:cvt.obj
 0001:00017016       __cftof_l                  00418016 f   LIBCMT:cvt.obj
 0001:000170d7       __cftog_l                  004180d7 f   LIBCMT:cvt.obj
 0001:000171c4       __cfltcvt_l                004181c4 f   LIBCMT:cvt.obj
 0001:0001724c       __cfltcvt                  0041824c f   LIBCMT:cvt.obj
 0001:0001726f       __setdefaultprecision      0041826f f   LIBCMT:fp8.obj
 0001:00017297       ___mtold12                 00418297 f   LIBCMT:_mantold_.obj
 0001:0001747b       __ungetc_nolock            0041847b f   LIBCMT:ungetc.obj
 0001:0001755e       __mbtowc_l                 0041855e f   LIBCMT:mbtowc.obj
 0001:00017674       _mbtowc                    00418674 f   LIBCMT:mbtowc.obj
 0001:0001768e       __putwch_nolock            0041868e f   LIBCMT:putwch.obj
 0001:000176d0       __chkstk                   004186d0 f   LIBCMT:chkstk.obj
 0001:000176d0       __alloca_probe             004186d0     LIBCMT:chkstk.obj
 0001:000176fb       __getenv_helper_nolock     004186fb f   LIBCMT:getenv.obj
 0001:000177d5       __ismbblead                004187d5 f   LIBCMT:ismbbyte.obj
 0001:000177ed       __chsize_nolock            004187ed f   LIBCMT:chsize.obj
 0001:000179a3       __lseek_nolock             004189a3 f   LIBCMT:lseek.obj
 0001:00017a18       __setmode_nolock           00418a18 f   LIBCMT:setmode.obj
 0001:00017ad3       __get_fmode                00418ad3 f   LIBCMT:setmode.obj
 0001:00017b00       __strnicmp_l               00418b00 f   LIBCMT:strnicmp.obj
 0001:00017be2       __strnicmp                 00418be2 f   LIBCMT:strnicmp.obj
 0001:00017c35       __fptrap                   00418c35 f   LIBCMT:crt0fp.obj
 0001:00017c40       __alloca_probe_16          00418c40 f   LIBCMT:alloca16.obj
 0001:00017c56       __alloca_probe_8           00418c56     LIBCMT:alloca16.obj
 0001:00017c6c       ___ascii_stricmp           00418c6c f   LIBCMT:stricmp.obj
 0001:00017ca5       __stricmp_l                00418ca5 f   LIBCMT:stricmp.obj
 0001:00017d65       __stricmp                  00418d65 f   LIBCMT:stricmp.obj
 0001:00017d65       _stricmp                   00418d65 f   LIBCMT:stricmp.obj
 0001:00017db0       _strrchr                   00418db0 f   LIBCMT:strrchr.obj
 0001:00017ddd       __tolower_l                00418ddd f   LIBCMT:tolower.obj
 0001:00017ef2       _tolower                   00418ef2 f   LIBCMT:tolower.obj
 0001:00017f1e       __atodbl_l                 00418f1e f   LIBCMT:atodbl.obj
 0001:00017fc6       __atoflt_l                 00418fc6 f   LIBCMT:atodbl.obj
 0001:0001806e       __fptostr                  0041906e f   LIBCMT:_fptostr.obj
 0001:00018121       ___dtold                   00419121 f   LIBCMT:_cfout_.obj
 0001:000181d4       __fltout2                  004191d4 f   LIBCMT:_cfout_.obj
 0001:00018270       __alldvrm                  00419270 f   LIBCMT:lldvrm.obj
 0001:00018350       __aullshr                  00419350 f   LIBCMT:ullshr.obj
 0001:0001836f       __controlfp_s              0041936f f   LIBCMT:_contrlfp_.obj
 0001:000183ce       ___initconout              004193ce f   LIBCMT:initcon.obj
 0001:000183ed       ___termconout              004193ed f   LIBCMT:initcon.obj
 0001:00018404       __mbsnbicoll_l             00419404 f   LIBCMT:mbsnbico.obj
 0001:000184e2       __mbsnbicoll               004194e2 f   LIBCMT:mbsnbico.obj
 0001:000184fc       ___wtomb_environ           004194fc f   LIBCMT:wtombenv.obj
 0001:000185a0       ___ascii_strnicmp          004195a0 f   LIBCMT:_strnicm.obj
 0001:00018601       _$I10_OUTPUT               00419601 f   LIBCMT:_x10fout_.obj
 0001:00019027       __control87                0041a027 f i LIBCMT:_ieee87_.obj
 0001:000195a7       ___crtCompareStringA       0041a5a7 f   LIBCMT:a_cmp.obj
 0001:000195e9       __strnicoll_l              0041a5e9 f   LIBCMT:strnicol.obj
 0001:00019785       ___crtsetenv               0041a785 f   LIBCMT:setenv.obj
 0001:000199c7       ___set_fpsr_sse2           0041a9c7 f   LIBCMT:_fpctrl_.obj
 0001:00019a39       __strdup                   0041aa39 f   LIBCMT:strdup.obj
 0001:00019a8b       __mbschr_l                 0041aa8b f   LIBCMT:mbschr.obj
 0001:00019b3b       __mbschr                   0041ab3b f   LIBCMT:mbschr.obj
 0001:00019b52       _RtlUnwind@16              0041ab52 f   kernel32:KERNEL32.dll
 0001:00019b60       __ftol2_sse                0041ab60 f   LIBCMT:ftol2.obj
 0001:00019b69       __ftol2_pentium4           0041ab69 f   LIBCMT:ftol2.obj
 0001:00019b7c       __ftol2_sse_excpt          0041ab7c f   LIBCMT:ftol2.obj
 0001:00019b96       __ftol2                    0041ab96 f   LIBCMT:ftol2.obj
 0001:00019c0b       ?_JumpToContinuation@@YGXPAXPAUEHRegistrationNode@@@Z 0041ac0b f   LIBCMT:_trnsctrl_.obj
 0001:00019c3d       ?_CallMemberFunction0@@YGXPAX0@Z 0041ac3d f   LIBCMT:_trnsctrl_.obj
 0001:00019c3d       ?_CallMemberFunction2@@YGXPAX00H@Z 0041ac3d f   LIBCMT:_trnsctrl_.obj
 0001:00019c3d       ?_CallMemberFunction1@@YGXPAX00@Z 0041ac3d f   LIBCMT:_trnsctrl_.obj
 0001:00019c44       ?_UnwindNestedFrames@@YGXPAUEHRegistrationNode@@PAUEHExceptionRecord@@@Z 0041ac44 f   LIBCMT:_trnsctrl_.obj
 0001:00019c98       ___CxxFrameHandler3        0041ac98 f   LIBCMT:_trnsctrl_.obj
 0001:00019d01       ?_CallSETranslator@@YAHPAUEHExceptionRecord@@PAUEHRegistrationNode@@PAX2PBU_s_FuncInfo@@H1@Z 0041ad01 f   LIBCMT:_trnsctrl_.obj
 0001:00019e77       ?_GetRangeOfTrysToCheck@@YAPBU_s_TryBlockMapEntry@@PBU_s_FuncInfo@@HHPAI1@Z 0041ae77 f   LIBCMT:_trnsctrl_.obj
 0001:00019eea       __CreateFrameInfo          0041aeea f   LIBCMT:_trnsctrl_.obj
 0001:00019f16       __IsExceptionObjectToBeDestroyed 0041af16 f   LIBCMT:_trnsctrl_.obj
 0001:00019f3d       __FindAndUnlinkFrame       0041af3d f   LIBCMT:_trnsctrl_.obj
 0001:00019f8f       ?_CallCatchBlock2@@YAPAXPAUEHRegistrationNode@@PBU_s_FuncInfo@@PAXHK@Z 0041af8f f   LIBCMT:_trnsctrl_.obj
 0001:00019fef       ??1bad_exception@std@@UAE@XZ 0041afef f i LIBCMT:frame.obj
 0001:00019ffa       ??_Gbad_exception@std@@UAEPAXI@Z 0041affa f i LIBCMT:frame.obj
 0001:00019ffa       ??_Ebad_exception@std@@UAEPAXI@Z 0041affa f i LIBCMT:frame.obj
 0001:0001a021       ___TypeMatch               0041b021 f   LIBCMT:frame.obj
 0001:0001a080       ___FrameUnwindFilter       0041b080 f   LIBCMT:frame.obj
 0001:0001a0cf       ___FrameUnwindToState      0041b0cf f   LIBCMT:frame.obj
 0001:0001a1f0       ___DestructExceptionObject 0041b1f0 f   LIBCMT:frame.obj
 0001:0001a245       ___AdjustPointer           0041b245 f   LIBCMT:frame.obj
 0001:0001a4ce       ___BuildCatchObjectHelper  0041b4ce f   LIBCMT:frame.obj
 0001:0001a64d       ___BuildCatchObject        0041b64d f   LIBCMT:frame.obj
 0001:0001abc9       ??0bad_exception@std@@QAE@ABV01@@Z 0041bbc9 f i LIBCMT:frame.obj
 0001:0001abe6       ___InternalCxxFrameHandler 0041bbe6 f   LIBCMT:frame.obj
 0001:0001acd0       __CallSettingFrame@12      0041bcd0 f   LIBCMT:lowhelpr.obj
 0001:0001acf7       __NLG_Return               0041bcf7     LIBCMT:lowhelpr.obj
 0001:0001ad1c       __EH_prolog3_catch         0041bd1c f   LIBCMT:ehprolg3.obj
 0001:0001ad52       ?_ValidateWrite@@YAHPAXI@Z 0041bd52 f   LIBCMT:validate.obj
 0001:0001ad52       ?_ValidateRead@@YAHPBXI@Z  0041bd52 f   LIBCMT:validate.obj
 0001:0001ad52       ?_ValidateExecute@@YAHP6GHXZ@Z 0041bd52 f   LIBCMT:validate.obj
 0002:00000000       __imp__TextOutA@20         0041d000     gdi32:GDI32.dll
 0002:00000004       __imp__SetTextColor@8      0041d004     gdi32:GDI32.dll
 0002:00000008       __imp__SelectObject@8      0041d008     gdi32:GDI32.dll
 0002:0000000c       __imp__SetBkMode@8         0041d00c     gdi32:GDI32.dll
 0002:00000010       __imp__DeleteObject@4      0041d010     gdi32:GDI32.dll
 0002:00000014       __imp__CreateSolidBrush@4  0041d014     gdi32:GDI32.dll
 0002:00000018       __imp__CreateFontA@56      0041d018     gdi32:GDI32.dll
 0002:0000001c       __imp__GetStockObject@4    0041d01c     gdi32:GDI32.dll
 0002:00000020       \177GDI32_NULL_THUNK_DATA  0041d020     gdi32:GDI32.dll
 0002:00000024       __imp__GetLocalTime@4      0041d024     kernel32:KERNEL32.dll
 0002:00000028       __imp__CreateFileA@28      0041d028     kernel32:KERNEL32.dll
 0002:0000002c       __imp__SetFilePointer@16   0041d02c     kernel32:KERNEL32.dll
 0002:00000030       __imp__WriteFile@20        0041d030     kernel32:KERNEL32.dll
 0002:00000034       __imp__GetFileSize@8       0041d034     kernel32:KERNEL32.dll
 0002:00000038       __imp__ReadFile@20         0041d038     kernel32:KERNEL32.dll
 0002:0000003c       __imp__GetCurrentThreadId@0 0041d03c     kernel32:KERNEL32.dll
 0002:00000040       __imp__GetCurrentProcessId@0 0041d040     kernel32:KERNEL32.dll
 0002:00000044       __imp__GetCurrentProcess@0 0041d044     kernel32:KERNEL32.dll
 0002:00000048       __imp__SetErrorMode@4      0041d048     kernel32:KERNEL32.dll
 0002:0000004c       __imp__SetUnhandledExceptionFilter@4 0041d04c     kernel32:KERNEL32.dll
 0002:00000050       __imp__GetFullPathNameA@16 0041d050     kernel32:KERNEL32.dll
 0002:00000054       __imp__OpenProcess@12      0041d054     kernel32:KERNEL32.dll
 0002:00000058       __imp__VirtualAllocEx@20   0041d058     kernel32:KERNEL32.dll
 0002:0000005c       __imp__WriteProcessMemory@20 0041d05c     kernel32:KERNEL32.dll
 0002:00000060       __imp__VirtualFreeEx@16    0041d060     kernel32:KERNEL32.dll
 0002:00000064       __imp__GetProcAddress@8    0041d064     kernel32:KERNEL32.dll
 0002:00000068       __imp__GetModuleHandleA@4  0041d068     kernel32:KERNEL32.dll
 0002:0000006c       __imp__GetProcessId@4      0041d06c     kernel32:KERNEL32.dll
 0002:00000070       __imp__CreateMutexA@12     0041d070     kernel32:KERNEL32.dll
 0002:00000074       __imp__CreateRemoteThread@28 0041d074     kernel32:KERNEL32.dll
 0002:00000078       __imp__WaitForSingleObject@8 0041d078     kernel32:KERNEL32.dll
 0002:0000007c       __imp__DeleteFileA@4       0041d07c     kernel32:KERNEL32.dll
 0002:00000080       __imp__GetPrivateProfileStringA@24 0041d080     kernel32:KERNEL32.dll
 0002:00000084       __imp__GetPrivateProfileIntA@16 0041d084     kernel32:KERNEL32.dll
 0002:00000088       __imp__TerminateThread@8   0041d088     kernel32:KERNEL32.dll
 0002:0000008c       __imp__CreateIoCompletionPort@16 0041d08c     kernel32:KERNEL32.dll
 0002:00000090       __imp__GetLastError@0      0041d090     kernel32:KERNEL32.dll
 0002:00000094       __imp__SetThreadPriority@8 0041d094     kernel32:KERNEL32.dll
 0002:00000098       __imp__GetSystemInfo@4     0041d098     kernel32:KERNEL32.dll
 0002:0000009c       __imp__CreateDirectoryA@8  0041d09c     kernel32:KERNEL32.dll
 0002:000000a0       __imp__ReleaseSemaphore@12 0041d0a0     kernel32:KERNEL32.dll
 0002:000000a4       __imp__GetQueuedCompletionStatus@20 0041d0a4     kernel32:KERNEL32.dll
 0002:000000a8       __imp__TerminateProcess@8  0041d0a8     kernel32:KERNEL32.dll
 0002:000000ac       __imp__CompareStringW@24   0041d0ac     kernel32:KERNEL32.dll
 0002:000000b0       __imp__CreateFileW@28      0041d0b0     kernel32:KERNEL32.dll
 0002:000000b4       __imp__GetProcessHeap@0    0041d0b4     kernel32:KERNEL32.dll
 0002:000000b8       __imp__SetEndOfFile@4      0041d0b8     kernel32:KERNEL32.dll
 0002:000000bc       __imp__WriteConsoleW@20    0041d0bc     kernel32:KERNEL32.dll
 0002:000000c0       __imp__GetStringTypeW@16   0041d0c0     kernel32:KERNEL32.dll
 0002:000000c4       __imp__LCMapStringW@24     0041d0c4     kernel32:KERNEL32.dll
 0002:000000c8       __imp__LoadLibraryW@4      0041d0c8     kernel32:KERNEL32.dll
 0002:000000cc       __imp__HeapReAlloc@16      0041d0cc     kernel32:KERNEL32.dll
 0002:000000d0       __imp__FlushFileBuffers@4  0041d0d0     kernel32:KERNEL32.dll
 0002:000000d4       __imp__SetStdHandle@8      0041d0d4     kernel32:KERNEL32.dll
 0002:000000d8       __imp__QueryPerformanceCounter@4 0041d0d8     kernel32:KERNEL32.dll
 0002:000000dc       __imp__GetEnvironmentStringsW@0 0041d0dc     kernel32:KERNEL32.dll
 0002:000000e0       __imp__FreeEnvironmentStringsW@4 0041d0e0     kernel32:KERNEL32.dll
 0002:000000e4       __imp__GetModuleFileNameA@12 0041d0e4     kernel32:KERNEL32.dll
 0002:000000e8       __imp__GetTimeZoneInformation@4 0041d0e8     kernel32:KERNEL32.dll
 0002:000000ec       __imp__GetConsoleMode@8    0041d0ec     kernel32:KERNEL32.dll
 0002:000000f0       __imp__CloseHandle@4       0041d0f0     kernel32:KERNEL32.dll
 0002:000000f4       __imp__LeaveCriticalSection@4 0041d0f4     kernel32:KERNEL32.dll
 0002:000000f8       __imp__EnterCriticalSection@4 0041d0f8     kernel32:KERNEL32.dll
 0002:000000fc       __imp__DeleteCriticalSection@4 0041d0fc     kernel32:KERNEL32.dll
 0002:00000100       __imp__InitializeCriticalSection@4 0041d100     kernel32:KERNEL32.dll
 0002:00000104       __imp__GetTickCount@0      0041d104     kernel32:KERNEL32.dll
 0002:00000108       __imp__Sleep@4             0041d108     kernel32:KERNEL32.dll
 0002:0000010c       __imp__CreateSemaphoreA@16 0041d10c     kernel32:KERNEL32.dll
 0002:00000110       __imp__CreateThread@24     0041d110     kernel32:KERNEL32.dll
 0002:00000114       __imp__GetConsoleCP@0      0041d114     kernel32:KERNEL32.dll
 0002:00000118       __imp__WideCharToMultiByte@32 0041d118     kernel32:KERNEL32.dll
 0002:0000011c       __imp__IsValidCodePage@4   0041d11c     kernel32:KERNEL32.dll
 0002:00000120       __imp__GetOEMCP@0          0041d120     kernel32:KERNEL32.dll
 0002:00000124       __imp__GetACP@0            0041d124     kernel32:KERNEL32.dll
 0002:00000128       __imp__GetCPInfo@8         0041d128     kernel32:KERNEL32.dll
 0002:0000012c       __imp__MultiByteToWideChar@24 0041d12c     kernel32:KERNEL32.dll
 0002:00000130       __imp__HeapCreate@12       0041d130     kernel32:KERNEL32.dll
 0002:00000134       __imp__SetEnvironmentVariableA@8 0041d134     kernel32:KERNEL32.dll
 0002:00000138       __imp__GetModuleFileNameW@12 0041d138     kernel32:KERNEL32.dll
 0002:0000013c       __imp__IsProcessorFeaturePresent@4 0041d13c     kernel32:KERNEL32.dll
 0002:00000140       __imp__ExitProcess@4       0041d140     kernel32:KERNEL32.dll
 0002:00000144       __imp__HeapSize@12         0041d144     kernel32:KERNEL32.dll
 0002:00000148       __imp__InterlockedDecrement@4 0041d148     kernel32:KERNEL32.dll
 0002:0000014c       __imp__SetLastError@4      0041d14c     kernel32:KERNEL32.dll
 0002:00000150       __imp__GetModuleHandleW@4  0041d150     kernel32:KERNEL32.dll
 0002:00000154       __imp__InterlockedIncrement@4 0041d154     kernel32:KERNEL32.dll
 0002:00000158       __imp__TlsFree@4           0041d158     kernel32:KERNEL32.dll
 0002:0000015c       __imp__TlsSetValue@8       0041d15c     kernel32:KERNEL32.dll
 0002:00000160       __imp__TlsGetValue@4       0041d160     kernel32:KERNEL32.dll
 0002:00000164       __imp__TlsAlloc@0          0041d164     kernel32:KERNEL32.dll
 0002:00000168       __imp__GetFileType@4       0041d168     kernel32:KERNEL32.dll
 0002:0000016c       __imp__GetStdHandle@4      0041d16c     kernel32:KERNEL32.dll
 0002:00000170       __imp__SetHandleCount@4    0041d170     kernel32:KERNEL32.dll
 0002:00000174       __imp__RtlUnwind@16        0041d174     kernel32:KERNEL32.dll
 0002:00000178       __imp__InitializeCriticalSectionAndSpinCount@8 0041d178     kernel32:KERNEL32.dll
 0002:0000017c       __imp__IsDebuggerPresent@0 0041d17c     kernel32:KERNEL32.dll
 0002:00000180       __imp__UnhandledExceptionFilter@4 0041d180     kernel32:KERNEL32.dll
 0002:00000184       __imp__RaiseException@16   0041d184     kernel32:KERNEL32.dll
 0002:00000188       __imp__GetStartupInfoW@4   0041d188     kernel32:KERNEL32.dll
 0002:0000018c       __imp__EncodePointer@4     0041d18c     kernel32:KERNEL32.dll
 0002:00000190       __imp__DecodePointer@4     0041d190     kernel32:KERNEL32.dll
 0002:00000194       __imp__HeapAlloc@12        0041d194     kernel32:KERNEL32.dll
 0002:00000198       __imp__HeapFree@12         0041d198     kernel32:KERNEL32.dll
 0002:0000019c       __imp__MoveFileA@8         0041d19c     kernel32:KERNEL32.dll
 0002:000001a0       __imp__GetSystemTimeAsFileTime@4 0041d1a0     kernel32:KERNEL32.dll
 0002:000001a4       __imp__GetCommandLineA@0   0041d1a4     kernel32:KERNEL32.dll
 0002:000001a8       __imp__HeapSetInformation@16 0041d1a8     kernel32:KERNEL32.dll
 0002:000001ac       \177KERNEL32_NULL_THUNK_DATA 0041d1ac     kernel32:KERNEL32.dll
 0002:000001b0       __imp__GetModuleFileNameExA@16 0041d1b0     Psapi:PSAPI.DLL
 0002:000001b4       __imp__EnumProcessModules@16 0041d1b4     Psapi:PSAPI.DLL
 0002:000001b8       __imp__GetModuleBaseNameA@16 0041d1b8     Psapi:PSAPI.DLL
 0002:000001bc       __imp__EnumProcesses@12    0041d1bc     Psapi:PSAPI.DLL
 0002:000001c0       \177PSAPI_NULL_THUNK_DATA  0041d1c0     Psapi:PSAPI.DLL
 0002:000001c4       __imp__LoadStringA@16      0041d1c4     user32:USER32.dll
 0002:000001c8       __imp__wsprintfA           0041d1c8     user32:USER32.dll
 0002:000001cc       __imp__SetTimer@16         0041d1cc     user32:USER32.dll
 0002:000001d0       __imp__LoadAcceleratorsA@8 0041d1d0     user32:USER32.dll
 0002:000001d4       __imp__GetMessageA@16      0041d1d4     user32:USER32.dll
 0002:000001d8       __imp__TranslateAcceleratorA@12 0041d1d8     user32:USER32.dll
 0002:000001dc       __imp__TranslateMessage@4  0041d1dc     user32:USER32.dll
 0002:000001e0       __imp__DispatchMessageA@4  0041d1e0     user32:USER32.dll
 0002:000001e4       __imp__LoadIconA@8         0041d1e4     user32:USER32.dll
 0002:000001e8       __imp__LoadCursorA@8       0041d1e8     user32:USER32.dll
 0002:000001ec       __imp__RegisterClassExA@4  0041d1ec     user32:USER32.dll
 0002:000001f0       __imp__CreateWindowExA@48  0041d1f0     user32:USER32.dll
 0002:000001f4       __imp__ShowWindow@8        0041d1f4     user32:USER32.dll
 0002:000001f8       __imp__UpdateWindow@4      0041d1f8     user32:USER32.dll
 0002:000001fc       __imp__DialogBoxParamA@20  0041d1fc     user32:USER32.dll
 0002:00000200       __imp__MessageBoxA@16      0041d200     user32:USER32.dll
 0002:00000204       __imp__DestroyWindow@4     0041d204     user32:USER32.dll
 0002:00000208       __imp__DefWindowProcA@16   0041d208     user32:USER32.dll
 0002:0000020c       __imp__PostQuitMessage@4   0041d20c     user32:USER32.dll
 0002:00000210       __imp__EndDialog@8         0041d210     user32:USER32.dll
 0002:00000214       __imp__SetWindowTextA@8    0041d214     user32:USER32.dll
 0002:00000218       __imp__GetClientRect@8     0041d218     user32:USER32.dll
 0002:0000021c       __imp__GetDC@4             0041d21c     user32:USER32.dll
 0002:00000220       __imp__FillRect@12         0041d220     user32:USER32.dll
 0002:00000224       __imp__ReleaseDC@8         0041d224     user32:USER32.dll
 0002:00000228       \177USER32_NULL_THUNK_DATA 0041d228     user32:USER32.dll
 0002:0000022c       __imp__WSAStartup@8        0041d22c     ws2_32:WS2_32.dll
 0002:00000230       __imp__socket@12           0041d230     ws2_32:WS2_32.dll
 0002:00000234       __imp__gethostbyname@4     0041d234     ws2_32:WS2_32.dll
 0002:00000238       __imp__connect@12          0041d238     ws2_32:WS2_32.dll
 0002:0000023c       __imp__WSAGetLastError@0   0041d23c     ws2_32:WS2_32.dll
 0002:00000240       __imp__closesocket@4       0041d240     ws2_32:WS2_32.dll
 0002:00000244       __imp__send@16             0041d244     ws2_32:WS2_32.dll
 0002:00000248       __imp__WSASocketA@24       0041d248     ws2_32:WS2_32.dll
 0002:0000024c       __imp__htonl@4             0041d24c     ws2_32:WS2_32.dll
 0002:00000250       __imp__bind@12             0041d250     ws2_32:WS2_32.dll
 0002:00000254       __imp__listen@8            0041d254     ws2_32:WS2_32.dll
 0002:00000258       __imp__WSASend@28          0041d258     ws2_32:WS2_32.dll
 0002:0000025c       __imp__WSARecv@28          0041d25c     ws2_32:WS2_32.dll
 0002:00000260       __imp__inet_ntoa@4         0041d260     ws2_32:WS2_32.dll
 0002:00000264       __imp__WSAAccept@20        0041d264     ws2_32:WS2_32.dll
[...]
 0003:00006894       ?maxStringLength@UnDecorator@@0HA 00429894     LIBCMT:undname.obj
 0003:00006898       ?disableFlags@UnDecorator@@0KA 00429898     LIBCMT:undname.obj
 0003:0000689c       ?m_pGetParameter@UnDecorator@@0P6APADJ@ZA 0042989c     LIBCMT:undname.obj
 0003:000068a0       ?fExplicitTemplateParams@UnDecorator@@0_NA 004298a0     LIBCMT:undname.obj
 0003:000068a1       ?fGetTemplateArgumentList@UnDecorator@@0_NA 004298a1     LIBCMT:undname.obj
 0003:000068bc       ___lconv_static_null       004298bc     LIBCMT:lconv.obj
 0003:000068c0       ___lconv_static_W_null     004298c0     LIBCMT:lconv.obj
 0003:000068c4       __outputformat             004298c4     LIBCMT:outputformat.obj
 0003:000068c8       __fmode                    004298c8     LIBCMT:txtmode.obj
 0003:000068d0       ?gAntiFlood@@3VCAntiFlood@@A 004298d0     AntiFloodSystem.obj
 0003:0002dae4       ?hWnd@@3PAUHWND__@@A       00450ae4     HackServer.obj
 0003:0002dae8       ?szWindowClass@@3PADA      00450ae8     HackServer.obj
 0003:0002db4c       ?hInst@@3PAUHINSTANCE__@@A 00450b4c     HackServer.obj
 0003:0002db50       ?szTitle@@3PADA            00450b50     HackServer.obj
 0003:0002dbb4       ___@@_PchSym_@00@UgslfmtUhvieviLGOEOALRLyzxpfkUnskUszxphvieviUszxphvieviUivovzhvUhgwzucOlyq@ 00450bb4     stdafx.obj
 0003:0002dbb8       ?_httpErrorCode@@3HA       00450bb8     FileDownloadHTTP.obj
 0003:0002dbbc       ?PreviousExceptionFilter@@3P6GJPAU_EXCEPTION_POINTERS@@@ZA 00450bbc     MiniDump.obj
 0003:0002dbc0       ?gClientCount@@3HA         00450bc0     Util.obj
 0003:0002dbc8       ?gClientManager@@3PAVCClientManager@@A 00450bc8     ClientManager.obj
 0003:00094468       ?gProcessManager@@3VCProcessManager@@A 004b7468     ProcessManager.obj
 0003:00094498       ?gServerDisplayer@@3VCServerDisplayer@@A 004b7498     ServerDisplayer.obj
 0003:00094f08       ?gSocketManager@@3VCSocketManager@@A 004b7f08     SocketManager.obj
 0003:00098fb0       __debugger_hook_dummy      004bbfb0     <common>
 0003:00098fb4       ___sse2_available          004bbfb4     <common>
 0003:00098fb8       ___env_initialized         004bbfb8     <common>
 0003:00098fbc       ___onexitend               004bbfbc     <common>
 0003:00098fc0       ___onexitbegin             004bbfc0     <common>
 0003:00098fc4       ___mbctype_initialized     004bbfc4     <common>
 0003:00098fc8       ___dyn_tls_init_callback   004bbfc8     <common>
 0003:00098fcc       __nhandle                  004bbfcc     <common>
 0003:00098fe0       ___pioinfo                 004bbfe0     <common>
 0003:000990e0       ___piob                    004bc0e0     <common>
 0003:00099100       __bufin                    004bc100     <common>
 0003:0009a100       __nstream                  004bd100     <common>
 0003:0009a104       __acmdln                   004bd104     <common>
 0003:0009a108       __NoHeapEnableTerminationOnCorruption 004bd108     <common>

 entry point at        0001:0000b6a2

 Static symbols

 0001:000001a6       __catch$?Initialize@CAntiFlood@@QAEXPAD@Z$0 004011a6 f    CIL library: CIL module
 0001:000006e9       __catch$?SetList@CBlackList@@QAEXPAD@Z$0 004016e9 f    CIL library: CIL module
 0001:00000b15       __catch$?reserve@?$vector@UBLACKLIST_IPADDR_INFO@@V?$allocator@UBLACKLIST_IPADDR_INFO@@@std@@@std@@QAEXI@Z$0 00401b15 f i  CIL library: CIL module
 0001:00000bff       __catch$?reserve@?$vector@UBLACKLIST_HARDID_INFO@@V?$allocator@UBLACKLIST_HARDID_INFO@@@std@@@std@@QAEXI@Z$0 00401bff f i  CIL library: CIL module
 0001:00002abf       __catch$?reserve@?$vector@UHARDWARE_ID_INFO@@V?$allocator@UHARDWARE_ID_INFO@@@std@@@std@@QAEXI@Z$0 00403abf f i  CIL library: CIL module
 0001:00003b5c       __catch$??$_Buynode@U?$pair@V?$basic_string@DU?$char_traits@D@std@@V?$allocator@D@2@@std@@UIP_ADDRESS_INFO@@@std@@@?$_Tree_val@V?$_Tmap_traits@V?$basic_string@DU?$char_traits@D@std@@V?$allocator@D@2@@std@@UIP_ADDRESS_INFO@@U?$less@V?$basic_string@DU?$char_traits@D@std@@V?$allocator@D@2@@std@@@2@V?$allocator@U?$pair@$$CBV?$basic_string@DU?$char_traits@D@std@@V?$allocator@D@2@@std@@UIP_ADDRESS_INFO@@@std@@@2@$0A@@std@@@std@@QAEPAU_Node@?$_Tree_nod@V?$_Tmap_traits@V?$basic_string@DU?$char_traits@D@std@@V?$allocator@D@2@@std@@UIP_ADDRESS_INFO@@U?$less@V?$basic_string@DU?$char_traits@D@std@@V?$allocator@D@2@@std@@@2@V?$allocator@U?$pair@$$CBV?$basic_string@DU?$char_traits@D@std@@V?$allocator@D@2@@std@@UIP_ADDRESS_INFO@@@std@@@2@$0A@@std@@@1@$$QAU?$pair@V?$basic_string@DU?$char_traits@D@std@@V?$allocator@D@2@@std@@UIP_ADDRESS_INFO@@@1@@Z$0 00404b5c f i  CIL library: CIL module
 0001:00003f11       __catch$?_Copy@?$basic_string@DU?$char_traits@D@std@@V?$allocator@D@2@@std@@QAEXII@Z$0 00404f11 f i  CIL library: CIL module
 0001:00003f94       __catch$?_Copy@?$basic_string@DU?$char_traits@D@std@@V?$allocator@D@2@@std@@QAEXII@Z$1 00404f94 f i  CIL library: CIL module
 0001:0000616d       __catch$?DumpList@CReadFiles@@QAEXPAD@Z$0 0040716d f    CIL library: CIL module
 0001:000062d4       __catch$?ChecksumList@CReadFiles@@QAEXPAD@Z$0 004072d4 f    CIL library: CIL module
 0001:000064ee       __catch$?InternalList@CReadFiles@@QAEXPAD@Z$0 004074ee f    CIL library: CIL module
 0001:0000662f       __catch$?WindowList@CReadFiles@@QAEXPAD@Z$0 0040762f f    CIL library: CIL module
 0001:00006d2f       __catch$?reserve@?$vector@UDUMP_LIST_INFO@@V?$allocator@UDUMP_LIST_INFO@@@std@@@std@@QAEXI@Z$0 00407d2f f i  CIL library: CIL module
 0001:00006e23       __catch$?reserve@?$vector@UCSUM_LIST_INFO@@V?$allocator@UCSUM_LIST_INFO@@@std@@@std@@QAEXI@Z$0 00407e23 f i  CIL library: CIL module
 0001:00006f13       __catch$?reserve@?$vector@UITRN_LIST_INFO@@V?$allocator@UITRN_LIST_INFO@@@std@@@std@@QAEXI@Z$0 00407f13 f i  CIL library: CIL module
 0001:00007005       __catch$?reserve@?$vector@UWNDW_LIST_INFO@@V?$allocator@UWNDW_LIST_INFO@@@std@@@std@@QAEXI@Z$0 00408005 f i  CIL library: CIL module
 0001:0000980c       __onexit_nolock            0040a80c f   LIBCMT:onexit.obj
 0001:0000ab4e       _vscan_fn                  0040bb4e f   LIBCMT:sscanf.obj
 0001:0000ade2       ?strtoxl@@YAKPAUlocaleinfo_struct@@PBDPAPBDHH@Z 0040bde2 f   LIBCMT:strtol.obj
 0001:0000b50c       _fast_error_exit           0040c50c f   LIBCMT:wincrt0.obj
 0001:0000b535       ___tmainCRTStartup         0040c535 f   LIBCMT:wincrt0.obj
 0001:0000c270       __unwind_handler4          0040d270 f   LIBCMT:exsup4.obj
 0001:0000c947       _flsall                    0040d947 f   LIBCMT:fflush.obj
 0001:0000d145       _doexit                    0040e145 f   LIBCMT:crt0dat.obj
 0001:0000e1e3       _write_char                0040f1e3 f   LIBCMT:outputs.obj
 0001:0000e216       _write_string              0040f216 f   LIBCMT:outputs.obj
 0001:0000ee5a       ?CPtoLCID@@YAHH@Z          0040fe5a f   LIBCMT:mbctype.obj
 0001:0000ee89       ?setSBCS@@YAXPAUthreadmbcinfostruct@@@Z 0040fe89 f   LIBCMT:mbctype.obj
 0001:0000eeed       ?setSBUpLow@@YAXPAUthreadmbcinfostruct@@@Z 0040feed f   LIBCMT:mbctype.obj
 0001:0000f121       ?getSystemCP@@YAHH@Z       00410121 f   LIBCMT:mbctype.obj
 0001:0001012b       ___check_float_string      0041112b f   LIBCMT:inputs.obj
 0001:00010182       __hextodec                 00411182 f   LIBCMT:inputs.obj
 0001:000101a2       __inc                      004111a2 f   LIBCMT:inputs.obj
 0001:000101b8       __whiteout                 004111b8 f   LIBCMT:inputs.obj
 0001:00011eb8       __tzset_nolock             00412eb8 f   LIBCMT:tzset.obj
 0001:000121cb       _cvtdate                   004131cb f   LIBCMT:tzset.obj
 0001:000123c2       __isindst_nolock           004133c2 f   LIBCMT:tzset.obj
 0001:00012d47       _parse_cmdline             00413d47 f   LIBCMT:stdargv.obj
 0001:0001336b       __tsopen_nolock            0041436b f   LIBCMT:open.obj
 0001:00014080       __unwind_handler           00415080 f   LIBCMT:exsup.obj
 0001:00014850       _siglookup                 00415850 f   LIBCMT:winsig.obj
 0001:00015358       ?__crtLCMapStringA_stat@@YAHPAUlocaleinfo_struct@@KKPBDHPADHHH@Z 00416358 f   LIBCMT:a_map.obj
 0001:00015585       ?__crtGetStringTypeA_stat@@YAHPAUlocaleinfo_struct@@KPBDHPAGHHH@Z 00416585 f   LIBCMT:a_str.obj
 0001:00016910       __shift                    00417910 f   LIBCMT:cvt.obj
 0001:00016955       __cftoe2_l                 00417955 f   LIBCMT:cvt.obj
 0001:00016f13       __cftof2_l                 00417f13 f   LIBCMT:cvt.obj
 0001:00017782       ?x_ismbbtype_l@@YAHPAUlocaleinfo_struct@@IHH@Z 00418782 f   LIBCMT:ismbbyte.obj
 0001:00018ef9       __hw_cw                    00419ef9 f   LIBCMT:_ieee87_.obj
 0001:00018f87       ___hw_cw_sse2              00419f87 f   LIBCMT:_ieee87_.obj
 0001:00019339       ?__crtCompareStringA_stat@@YAHPAUlocaleinfo_struct@@KKPBDH1HH@Z 0041a339 f   LIBCMT:a_cmp.obj
 0001:000196d3       _findenv                   0041a6d3 f   LIBCMT:setenv.obj
 0001:00019725       _copy_environ              0041a725 f   LIBCMT:setenv.obj
 0001:00019cce       ?CatchGuardHandler@@YA?AW4_EXCEPTION_DISPOSITION@@PAUEHExceptionRecord@@PAUCatchGuardRN@@PAX2@Z 0041acce f   LIBCMT:_trnsctrl_.obj
 0001:00019dd8       ?TranslatorGuardHandler@@YA?AW4_EXCEPTION_DISPOSITION@@PAUEHExceptionRecord@@PAUTranslatorGuardRN@@PAX2@Z 0041add8 f   LIBCMT:_trnsctrl_.obj
 0001:0001a1ab       ?ExFilterRethrow@@YAHPAU_EXCEPTION_POINTERS@@@Z 0041b1ab f   LIBCMT:frame.obj
 0001:0001a26e       ?IsInExceptionSpec@@YAEPAUEHExceptionRecord@@PBU_s_ESTypeList@@@Z 0041b26e f   LIBCMT:frame.obj
 0001:0001a2e9       ?CallUnexpected@@YAXPBU_s_ESTypeList@@@Z 0041b2e9 f   LIBCMT:frame.obj
 0001:0001a31a       __catch$?CallUnexpected@@YAXPBU_s_ESTypeList@@@Z$0 0041b31a f   LIBCMT:frame.obj
 0001:0001a332       ?CallCatchBlock@@YAPAXPAUEHExceptionRecord@@PAUEHRegistrationNode@@PAU_CONTEXT@@PBU_s_FuncInfo@@PAXHK@Z 0041b332 f   LIBCMT:frame.obj
 0001:0001a6df       ?CatchIt@@YAXPAUEHExceptionRecord@@PAUEHRegistrationNode@@PAU_CONTEXT@@PAXPBU_s_FuncInfo@@PBU_s_HandlerType@@PBU_s_CatchableType@@PBU_s_TryBlockMapEntry@@H1E@Z 0041b6df f   LIBCMT:frame.obj
 0001:0001a74d       ?FindHandlerForForeignException@@YAXPAUEHExceptionRecord@@PAUEHRegistrationNode@@PAU_CONTEXT@@PAXPBU_s_FuncInfo@@HH1@Z 0041b74d f   LIBCMT:frame.obj
 0001:0001a854       ?FindHandler@@YAXPAUEHExceptionRecord@@PAUEHRegistrationNode@@PAU_CONTEXT@@PAXPBU_s_FuncInfo@@EH1@Z 0041b854 f   LIBCMT:frame.obj
 0001:0001ad70       __ehhandler$?reserve@?$vector@UWNDW_LIST_INFO@@V?$allocator@UWNDW_LIST_INFO@@@std@@@std@@QAEXI@Z 0041bd70 f    CIL library: CIL module
 0001:0001ad90       __ehhandler$?reserve@?$vector@UITRN_LIST_INFO@@V?$allocator@UITRN_LIST_INFO@@@std@@@std@@QAEXI@Z 0041bd90 f    CIL library: CIL module
 0001:0001adb0       __ehhandler$?reserve@?$vector@UCSUM_LIST_INFO@@V?$allocator@UCSUM_LIST_INFO@@@std@@@std@@QAEXI@Z 0041bdb0 f    CIL library: CIL module
 0001:0001add0       __ehhandler$?reserve@?$vector@UDUMP_LIST_INFO@@V?$allocator@UDUMP_LIST_INFO@@@std@@@std@@QAEXI@Z 0041bdd0 f    CIL library: CIL module
 0001:0001adf0       __ehhandler$?reserve@?$vector@UHARDWARE_ID_INFO@@V?$allocator@UHARDWARE_ID_INFO@@@std@@@std@@QAEXI@Z 0041bdf0 f    CIL library: CIL module
 0001:0001ae10       __ehhandler$?reserve@?$vector@UBLACKLIST_HARDID_INFO@@V?$allocator@UBLACKLIST_HARDID_INFO@@@std@@@std@@QAEXI@Z 0041be10 f    CIL library: CIL module
 0001:0001ae30       __ehhandler$?reserve@?$vector@UBLACKLIST_IPADDR_INFO@@V?$allocator@UBLACKLIST_IPADDR_INFO@@@std@@@std@@QAEXI@Z 0041be30 f    CIL library: CIL module
 0001:0001ae50       __unwindfunclet$?ClearQueue@CQueue@@QAEXXZ$0 0041be50 f    CIL library: CIL module
 0001:0001ae58       __ehhandler$?ClearQueue@CQueue@@QAEXXZ 0041be58 f    CIL library: CIL module
 0001:0001ae80       __unwindfunclet$??1CQueue@@UAE@XZ$0 0041be80 f    CIL library: CIL module
 0001:0001ae80       __unwindfunclet$??_GCQueue@@UAEPAXI@Z$0 0041be80 f    CIL library: CIL module
 0001:0001ae8b       __unwindfunclet$??_GCQueue@@UAEPAXI@Z$1 0041be8b f    CIL library: CIL module
 0001:0001ae8b       __unwindfunclet$??1CQueue@@UAE@XZ$1 0041be8b f    CIL library: CIL module
 0001:0001ae96       __ehhandler$??1CQueue@@UAE@XZ 0041be96 f    CIL library: CIL module
 0001:0001ae96       __ehhandler$??_GCQueue@@UAEPAXI@Z 0041be96 f    CIL library: CIL module
 0001:0001aec0       __ehhandler$?SetList@CBlackList@@QAEXPAD@Z 0041bec0 f    CIL library: CIL module
 0001:0001aef0       __ehhandler$?Initialize@CAntiFlood@@QAEXPAD@Z 0041bef0 f    CIL library: CIL module
 0001:0001af10       __unwindfunclet$??1CSocketManager@@UAE@XZ$0 0041bf10 f    CIL library: CIL module
 0001:0001af1b       __unwindfunclet$??1CSocketManager@@UAE@XZ$1 0041bf1b f    CIL library: CIL module
 0001:0001af26       __unwindfunclet$??1CSocketManager@@UAE@XZ$2 0041bf26 f    CIL library: CIL module
 0001:0001af31       __unwindfunclet$??1CSocketManager@@UAE@XZ$3 0041bf31 f    CIL library: CIL module
 0001:0001af3c       __ehhandler$??1CSocketManager@@UAE@XZ 0041bf3c f    CIL library: CIL module
 0001:0001af60       __unwindfunclet$??0CSocketManager@@QAE@XZ$2 0041bf60 f    CIL library: CIL module
 0001:0001af6b       __ehhandler$??0CSocketManager@@QAE@XZ 0041bf6b f    CIL library: CIL module
 0001:0001af90       __ehhandler$?WindowList@CReadFiles@@QAEXPAD@Z 0041bf90 f    CIL library: CIL module
 0001:0001afc0       __ehhandler$?InternalList@CReadFiles@@QAEXPAD@Z 0041bfc0 f    CIL library: CIL module
 0001:0001aff0       __ehhandler$?ChecksumList@CReadFiles@@QAEXPAD@Z 0041bff0 f    CIL library: CIL module
 0001:0001b020       __ehhandler$?DumpList@CReadFiles@@QAEXPAD@Z 0041c020 f    CIL library: CIL module
 0001:0001b050       __unwindfunclet$??0CProcessManager@@QAE@XZ$0 0041c050 f    CIL library: CIL module
 0001:0001b05b       __ehhandler$??0CProcessManager@@QAE@XZ 0041c05b f    CIL library: CIL module
 0001:0001b080       __ehhandler$?_Copy@?$basic_string@DU?$char_traits@D@std@@V?$allocator@D@2@@std@@QAEXII@Z 0041c080 f    CIL library: CIL module
 0001:0001b0a0       __unwindfunclet$??_GCProcessManager@@UAEPAXI@Z$0 0041c0a0 f    CIL library: CIL module
 0001:0001b0ab       __unwindfunclet$??_GCProcessManager@@UAEPAXI@Z$3 0041c0ab f    CIL library: CIL module
 0001:0001b0b3       __ehhandler$??_GCProcessManager@@UAEPAXI@Z 0041c0b3 f    CIL library: CIL module
 0001:0001b0d0       __unwindfunclet$??_GCIpManager@@UAEPAXI@Z$2 0041c0d0 f    CIL library: CIL module
 0001:0001b0d8       __ehhandler$??_GCIpManager@@UAEPAXI@Z 0041c0d8 f    CIL library: CIL module
 0001:0001b100       __unwindfunclet$??$_Buynode@U?$pair@V?$basic_string@DU?$char_traits@D@std@@V?$allocator@D@2@@std@@UIP_ADDRESS_INFO@@@std@@@?$_Tree_val@V?$_Tmap_traits@V?$basic_string@DU?$char_traits@D@std@@V?$allocator@D@2@@std@@UIP_ADDRESS_INFO@@U?$less@V?$basic_string@DU?$char_traits@D@std@@V?$allocator@D@2@@std@@@2@V?$allocator@U?$pair@$$CBV?$basic_string@DU?$char_traits@D@std@@V?$allocator@D@2@@std@@UIP_ADDRESS_INFO@@@std@@@2@$0A@@std@@@std@@QAEPAU_Node@?$_Tree_nod@V?$_Tmap_traits@V?$basic_string@DU?$char_traits@D@std@@V?$allocator@D@2@@std@@UIP_ADDRESS_INFO@@U?$less@V?$basic_string@DU?$char_traits@D@std@@V?$allocator@D@2@@std@@@2@V?$allocator@U?$pair@$$CBV?$basic_string@DU?$char_traits@D@std@@V?$allocator@D@2@@std@@UIP_ADDRESS_INFO@@@std@@@2@$0A@@std@@@1@$$QAU?$pair@V?$basic_string@DU?$char_traits@D@std@@V?$allocator@D@2@@std@@UIP_ADDRESS_INFO@@@1@@Z$2 0041c100 f    CIL library: CIL module
 0001:0001b105       __ehhandler$??$_Buynode@U?$pair@V?$basic_string@DU?$char_traits@D@std@@V?$allocator@D@2@@std@@UIP_ADDRESS_INFO@@@std@@@?$_Tree_val@V?$_Tmap_traits@V?$basic_string@DU?$char_traits@D@std@@V?$allocator@D@2@@std@@UIP_ADDRESS_INFO@@U?$less@V?$basic_string@DU?$char_traits@D@std@@V?$allocator@D@2@@std@@@2@V?$allocator@U?$pair@$$CBV?$basic_string@DU?$char_traits@D@std@@V?$allocator@D@2@@std@@UIP_ADDRESS_INFO@@@std@@@2@$0A@@std@@@std@@QAEPAU_Node@?$_Tree_nod@V?$_Tmap_traits@V?$basic_string@DU?$char_traits@D@std@@V?$allocator@D@2@@std@@UIP_ADDRESS_INFO@@U?$less@V?$basic_string@DU?$char_traits@D@std@@V?$allocator@D@2@@std@@@2@V?$allocator@U?$pair@$$CBV?$basic_string@DU?$char_traits@D@std@@V?$allocator@D@2@@std@@UIP_ADDRESS_INFO@@@std@@@2@$0A@@std@@@1@$$QAU?$pair@V?$basic_string@DU?$char_traits@D@std@@V?$allocator@D@2@@std@@UIP_ADDRESS_INFO@@@1@@Z 0041c105 f    CIL library: CIL module
 0001:0001b120       __unwindfunclet$?CheckIpAddress@CIpManager@@QAE_NPAD@Z$0 0041c120 f    CIL library: CIL module
 0001:0001b120       __unwindfunclet$?GetIpCount@CIpManager@@QAEHPAD@Z$0 0041c120 f    CIL library: CIL module
 0001:0001b120       __unwindfunclet$?RemoveIpAddress@CIpManager@@QAEXPAD@Z$0 0041c120 f    CIL library: CIL module
 0001:0001b128       __ehhandler$?GetIpCount@CIpManager@@QAEHPAD@Z 0041c128 f    CIL library: CIL module
 0001:0001b128       __ehhandler$?RemoveIpAddress@CIpManager@@QAEXPAD@Z 0041c128 f    CIL library: CIL module
 0001:0001b128       __ehhandler$?CheckIpAddress@CIpManager@@QAE_NPAD@Z 0041c128 f    CIL library: CIL module
 0001:0001b150       __unwindfunclet$?InsertIpAddress@CIpManager@@QAEXPAD@Z$0 0041c150 f    CIL library: CIL module
 0001:0001b158       __unwindfunclet$?InsertIpAddress@CIpManager@@QAEXPAD@Z$1 0041c158 f    CIL library: CIL module
 0001:0001b163       __unwindfunclet$?InsertIpAddress@CIpManager@@QAEXPAD@Z$2 0041c163 f    CIL library: CIL module
 0001:0001b16b       __ehhandler$?InsertIpAddress@CIpManager@@QAEXPAD@Z 0041c16b f    CIL library: CIL module
 0001:0001b1a0       __unwindfunclet$??__FgProcessManager@@YAXXZ$0 0041c1a0 f    CIL library: CIL module
 0001:0001b1aa       __unwindfunclet$??__FgProcessManager@@YAXXZ$3 0041c1aa f    CIL library: CIL module
 0001:0001b1b2       __ehhandler$??__FgProcessManager@@YAXXZ 0041c1b2 f    CIL library: CIL module
 0001:0001b1d0       __unwindfunclet$??__FgIpManager@@YAXXZ$2 0041c1d0 f    CIL library: CIL module
 0001:0001b1d8       __ehhandler$??__FgIpManager@@YAXXZ 0041c1d8 f    CIL library: CIL module
 0001:0001b1f3       __ehhandler$?CallUnexpected@@YAXPBU_s_ESTypeList@@@Z 0041c1f3 f   LIBCMT:frame.obj
 0001:0001b210       ??__EgAuthenticate@@YAXXZ  0041c210 f    CIL library: CIL module
 0001:0001b240       ??__EgBlackList@@YAXXZ     0041c240 f    CIL library: CIL module
 0001:0001b250       ??__EgClientManager@@YAXXZ 0041c250 f    CIL library: CIL module
 0001:0001b280       ??__EgHidManager@@YAXXZ    0041c280 f    CIL library: CIL module
 0001:0001b290       ??__EgIpManager@@YAXXZ     0041c290 f    CIL library: CIL module
 0001:0001b310       ??__EgLog@@YAXXZ           0041c310 f    CIL library: CIL module
 0001:0001b320       ??__EgProcessManager@@YAXXZ 0041c320 f    CIL library: CIL module
 0001:0001b340       ??__EgReadFiles@@YAXXZ     0041c340 f    CIL library: CIL module
 0001:0001b350       ??__EgServerDisplayer@@YAXXZ 0041c350 f    CIL library: CIL module
 0001:0001b370       ??__EgServerInfo@@YAXXZ    0041c370 f    CIL library: CIL module
 0001:0001b380       ??__EgSocketManager@@YAXXZ 0041c380 f    CIL library: CIL module
 0001:0001b3a0       ??__FgAuthenticate@@YAXXZ  0041c3a0 f    CIL library: CIL module
 0001:0001b3e0       ??__FgBlackList@@YAXXZ     0041c3e0 f    CIL library: CIL module
 0001:0001b440       ??__FgClientManager@@YAXXZ 0041c440 f    CIL library: CIL module
 0001:0001b460       ??__FgHidManager@@YAXXZ    0041c460 f    CIL library: CIL module
 0001:0001b4a0       ??__FgIpManager@@YAXXZ     0041c4a0 f    CIL library: CIL module
 0001:0001b510       ??__FgLog@@YAXXZ           0041c510 f    CIL library: CIL module
 0001:0001b520       ??__FgProcessManager@@YAXXZ 0041c520 f    CIL library: CIL module
 0001:0001b5b0       ??__FgReadFiles@@YAXXZ     0041c5b0 f    CIL library: CIL module
 0001:0001b5c0       ??__FgServerDisplayer@@YAXXZ 0041c5c0 f    CIL library: CIL module
 0001:0001b5f0       ??__FgServerInfo@@YAXXZ    0041c5f0 f    CIL library: CIL module
 0001:0001b600       ??__FgSocketManager@@YAXXZ 0041c600 f    CIL library: CIL module
 0001:0001b60a       ??__Fnomem@?5???2@YAPAXI@Z@YAXXZ 0041c60a f   LIBCMT:new.obj
